[0.175s] DEBUG:colcon:Command line arguments: ['/usr/bin/colcon', 'build', '--packages-select', 'mujoco_sim']
[0.175s] DEBUG:colcon:Parsed command line arguments: Namespace(allow_overriding=[], ament_cmake_args=None, base_paths=['.'], build_base='build', catkin_cmake_args=None, catkin_skip_building_tests=False, cmake_args=None, cmake_clean_cache=False, cmake_clean_first=False, cmake_force_configure=False, cmake_target=None, cmake_target_skip_unavailable=False, continue_on_error=False, event_handlers=None, executor='parallel', ignore_user_meta=False, install_base='install', log_base=None, log_level=None, main=<bound method BuildVerb.main of <colcon_core.verb.build.BuildVerb object at 0x7f9d27e07100>>, merge_install=False, metas=['./colcon.meta'], packages_above=None, packages_above_and_dependencies=None, packages_above_depth=None, packages_end=None, packages_ignore=None, packages_ignore_regex=None, packages_select=['mujoco_sim'], packages_select_build_failed=False, packages_select_by_dep=None, packages_select_regex=None, packages_select_test_failures=False, packages_skip=None, packages_skip_build_finished=False, packages_skip_by_dep=None, packages_skip_regex=None, packages_skip_test_passed=False, packages_skip_up_to=None, packages_start=None, packages_up_to=None, packages_up_to_regex=None, parallel_workers=8, paths=None, symlink_install=False, test_result_base=None, verb_extension=<colcon_core.verb.build.BuildVerb object at 0x7f9d27e07100>, verb_name='build', verb_parser=<colcon_defaults.argument_parser.defaults.DefaultArgumentsDecorator object at 0x7f9d27e07580>)
[0.204s] Level 1:colcon.colcon_core.package_discovery:discover_packages(colcon_meta) check parameters
[0.204s] Level 1:colcon.colcon_core.package_discovery:discover_packages(recursive) check parameters
[0.204s] Level 1:colcon.colcon_core.package_discovery:discover_packages(ignore) check parameters
[0.204s] Level 1:colcon.colcon_core.package_discovery:discover_packages(path) check parameters
[0.204s] Level 1:colcon.colcon_core.package_discovery:discover_packages(colcon_meta) discover
[0.204s] Level 1:colcon.colcon_core.package_discovery:discover_packages(recursive) discover
[0.204s] INFO:colcon.colcon_core.package_discovery:Crawling recursively for packages in '/home/palinauskas/Documents/mujoco-eleanor/ros2_ws/src'
[0.204s] Level 1:colcon.colcon_core.package_identification:_identify(.) by extensions ['ignore', 'ignore_ament_install']
[0.205s] Level 1:colcon.colcon_core.package_identification:_identify(.) by extension 'ignore'
[0.205s] Level 1:colcon.colcon_core.package_identification:_identify(.) by extension 'ignore_ament_install'
[0.205s] Level 1:colcon.colcon_core.package_identification:_identify(.) by extensions ['colcon_pkg']
[0.205s] Level 1:colcon.colcon_core.package_identification:_identify(.) by extension 'colcon_pkg'
[0.205s] Level 1:colcon.colcon_core.package_identification:_identify(.) by extensions ['colcon_meta']
[0.205s] Level 1:colcon.colcon_core.package_identification:_identify(.) by extension 'colcon_meta'
[0.205s] Level 1:colcon.colcon_core.package_identification:_identify(.) by extensions ['ros']
[0.205s] Level 1:colcon.colcon_core.package_identification:_identify(.) by extension 'ros'
[0.218s] Level 1:colcon.colcon_core.package_identification:_identify(.) by extensions ['cmake', 'python']
[0.218s] Level 1:colcon.colcon_core.package_identification:_identify(.) by extension 'cmake'
[0.218s] Level 1:colcon.colcon_core.package_identification:_identify(.) by extension 'python'
[0.218s] Level 1:colcon.colcon_core.package_identification:_identify(.) by extensions ['python_setup_py']
[0.218s] Level 1:colcon.colcon_core.package_identification:_identify(.) by extension 'python_setup_py'
[0.219s] Level 1:colcon.colcon_core.package_identification:_identify(build) by extensions ['ignore', 'ignore_ament_install']
[0.219s] Level 1:colcon.colcon_core.package_identification:_identify(build) by extension 'ignore'
[0.219s] Level 1:colcon.colcon_core.package_identification:_identify(build) ignored
[0.219s] Level 1:colcon.colcon_core.package_identification:_identify(install) by extensions ['ignore', 'ignore_ament_install']
[0.219s] Level 1:colcon.colcon_core.package_identification:_identify(install) by extension 'ignore'
[0.219s] Level 1:colcon.colcon_core.package_identification:_identify(install) ignored
[0.219s] Level 1:colcon.colcon_core.package_identification:_identify(log) by extensions ['ignore', 'ignore_ament_install']
[0.219s] Level 1:colcon.colcon_core.package_identification:_identify(log) by extension 'ignore'
[0.219s] Level 1:colcon.colcon_core.package_identification:_identify(log) ignored
[0.220s] Level 1:colcon.colcon_core.package_identification:_identify(mujoco_sim) by extensions ['ignore', 'ignore_ament_install']
[0.220s] Level 1:colcon.colcon_core.package_identification:_identify(mujoco_sim) by extension 'ignore'
[0.220s] Level 1:colcon.colcon_core.package_identification:_identify(mujoco_sim) by extension 'ignore_ament_install'
[0.220s] Level 1:colcon.colcon_core.package_identification:_identify(mujoco_sim) by extensions ['colcon_pkg']
[0.220s] Level 1:colcon.colcon_core.package_identification:_identify(mujoco_sim) by extension 'colcon_pkg'
[0.220s] Level 1:colcon.colcon_core.package_identification:_identify(mujoco_sim) by extensions ['colcon_meta']
[0.220s] Level 1:colcon.colcon_core.package_identification:_identify(mujoco_sim) by extension 'colcon_meta'
[0.220s] Level 1:colcon.colcon_core.package_identification:_identify(mujoco_sim) by extensions ['ros']
[0.220s] Level 1:colcon.colcon_core.package_identification:_identify(mujoco_sim) by extension 'ros'
[0.223s] DEBUG:colcon.colcon_core.package_identification:Package 'mujoco_sim' with type 'ros.ament_python' and name 'mujoco_sim'
[0.223s] Level 1:colcon.colcon_core.package_discovery:discover_packages(recursive) using defaults
[0.223s] Level 1:colcon.colcon_core.package_discovery:discover_packages(ignore) discover
[0.223s] Level 1:colcon.colcon_core.package_discovery:discover_packages(ignore) using defaults
[0.223s] Level 1:colcon.colcon_core.package_discovery:discover_packages(path) discover
[0.223s] Level 1:colcon.colcon_core.package_discovery:discover_packages(path) using defaults
[0.258s] Level 1:colcon.colcon_core.package_discovery:discover_packages(prefix_path) check parameters
[0.258s] Level 1:colcon.colcon_core.package_discovery:discover_packages(prefix_path) discover
[0.261s] DEBUG:colcon.colcon_installed_package_information.package_discovery:Found 278 installed packages in /opt/ros/galactic
[0.263s] Level 1:colcon.colcon_core.package_discovery:discover_packages(prefix_path) using defaults
[0.368s] Level 5:colcon.colcon_core.verb:set package 'mujoco_sim' build argument 'cmake_args' from command line to 'None'
[0.368s] Level 5:colcon.colcon_core.verb:set package 'mujoco_sim' build argument 'cmake_target' from command line to 'None'
[0.368s] Level 5:colcon.colcon_core.verb:set package 'mujoco_sim' build argument 'cmake_target_skip_unavailable' from command line to 'False'
[0.368s] Level 5:colcon.colcon_core.verb:set package 'mujoco_sim' build argument 'cmake_clean_cache' from command line to 'False'
[0.368s] Level 5:colcon.colcon_core.verb:set package 'mujoco_sim' build argument 'cmake_clean_first' from command line to 'False'
[0.368s] Level 5:colcon.colcon_core.verb:set package 'mujoco_sim' build argument 'cmake_force_configure' from command line to 'False'
[0.368s] Level 5:colcon.colcon_core.verb:set package 'mujoco_sim' build argument 'ament_cmake_args' from command line to 'None'
[0.368s] Level 5:colcon.colcon_core.verb:set package 'mujoco_sim' build argument 'catkin_cmake_args' from command line to 'None'
[0.368s] Level 5:colcon.colcon_core.verb:set package 'mujoco_sim' build argument 'catkin_skip_building_tests' from command line to 'False'
[0.368s] DEBUG:colcon.colcon_core.verb:Building package 'mujoco_sim' with the following arguments: {'ament_cmake_args': None, 'build_base': '/home/palinauskas/Documents/mujoco-eleanor/ros2_ws/src/build/mujoco_sim', 'catkin_cmake_args': None, 'catkin_skip_building_tests': False, 'cmake_args': None, 'cmake_clean_cache': False, 'cmake_clean_first': False, 'cmake_force_configure': False, 'cmake_target': None, 'cmake_target_skip_unavailable': False, 'install_base': '/home/palinauskas/Documents/mujoco-eleanor/ros2_ws/src/install/mujoco_sim', 'merge_install': False, 'path': '/home/palinauskas/Documents/mujoco-eleanor/ros2_ws/src/mujoco_sim', 'symlink_install': False, 'test_result_base': None}
[0.369s] INFO:colcon.colcon_core.executor:Executing jobs using 'parallel' executor
[0.371s] DEBUG:colcon.colcon_parallel_executor.executor.parallel:run_until_complete
[0.371s] INFO:colcon.colcon_ros.task.ament_python.build:Building ROS package in '/home/palinauskas/Documents/mujoco-eleanor/ros2_ws/src/mujoco_sim' with build type 'ament_python'
[0.371s] Level 1:colcon.colcon_core.shell:create_environment_hook('mujoco_sim', 'ament_prefix_path')
[0.376s] INFO:colcon.colcon_core.plugin_system:Skipping extension 'colcon_core.shell.bat': Not used on non-Windows systems
[0.376s] INFO:colcon.colcon_core.shell:Creating environment hook '/home/palinauskas/Documents/mujoco-eleanor/ros2_ws/src/install/mujoco_sim/share/mujoco_sim/hook/ament_prefix_path.ps1'
[0.380s] INFO:colcon.colcon_core.shell:Creating environment descriptor '/home/palinauskas/Documents/mujoco-eleanor/ros2_ws/src/install/mujoco_sim/share/mujoco_sim/hook/ament_prefix_path.dsv'
[0.380s] INFO:colcon.colcon_core.shell:Creating environment hook '/home/palinauskas/Documents/mujoco-eleanor/ros2_ws/src/install/mujoco_sim/share/mujoco_sim/hook/ament_prefix_path.sh'
[0.382s] INFO:colcon.colcon_core.shell:Skip shell extension 'powershell' for command environment: Not usable outside of PowerShell
[0.382s] DEBUG:colcon.colcon_core.shell:Skip shell extension 'dsv' for command environment
[0.802s] INFO:colcon.colcon_core.task.python.build:Building Python package in '/home/palinauskas/Documents/mujoco-eleanor/ros2_ws/src/mujoco_sim'
[0.803s] INFO:colcon.colcon_core.shell:Skip shell extension 'powershell' for command environment: Not usable outside of PowerShell
[0.803s] DEBUG:colcon.colcon_core.shell:Skip shell extension 'dsv' for command environment
[1.733s] DEBUG:colcon.colcon_core.event_handler.log_command:Invoking command in '/home/palinauskas/Documents/mujoco-eleanor/ros2_ws/src/mujoco_sim': PYTHONPATH=/home/palinauskas/Documents/mujoco-eleanor/ros2_ws/src/install/mujoco_sim/lib/python3.8/site-packages:${PYTHONPATH} /usr/bin/python3 setup.py egg_info --egg-base ../build/mujoco_sim build --build-base /home/palinauskas/Documents/mujoco-eleanor/ros2_ws/src/build/mujoco_sim/build install --prefix /home/palinauskas/Documents/mujoco-eleanor/ros2_ws/src/install/mujoco_sim --record /home/palinauskas/Documents/mujoco-eleanor/ros2_ws/src/build/mujoco_sim/install.log --single-version-externally-managed
[2.258s] DEBUG:colcon.colcon_core.event_handler.log_command:Invoked command in '/home/palinauskas/Documents/mujoco-eleanor/ros2_ws/src/mujoco_sim' returned '0': PYTHONPATH=/home/palinauskas/Documents/mujoco-eleanor/ros2_ws/src/install/mujoco_sim/lib/python3.8/site-packages:${PYTHONPATH} /usr/bin/python3 setup.py egg_info --egg-base ../build/mujoco_sim build --build-base /home/palinauskas/Documents/mujoco-eleanor/ros2_ws/src/build/mujoco_sim/build install --prefix /home/palinauskas/Documents/mujoco-eleanor/ros2_ws/src/install/mujoco_sim --record /home/palinauskas/Documents/mujoco-eleanor/ros2_ws/src/build/mujoco_sim/install.log --single-version-externally-managed
[2.262s] Level 1:colcon.colcon_core.environment:checking '/home/palinauskas/Documents/mujoco-eleanor/ros2_ws/src/install/mujoco_sim' for CMake module files
[2.262s] Level 1:colcon.colcon_core.environment:checking '/home/palinauskas/Documents/mujoco-eleanor/ros2_ws/src/install/mujoco_sim' for CMake config files
[2.264s] Level 1:colcon.colcon_core.environment:checking '/home/palinauskas/Documents/mujoco-eleanor/ros2_ws/src/install/mujoco_sim/lib'
[2.264s] Level 1:colcon.colcon_core.environment:checking '/home/palinauskas/Documents/mujoco-eleanor/ros2_ws/src/install/mujoco_sim/bin'
[2.264s] Level 1:colcon.colcon_core.environment:checking '/home/palinauskas/Documents/mujoco-eleanor/ros2_ws/src/install/mujoco_sim/lib/pkgconfig/mujoco_sim.pc'
[2.264s] Level 1:colcon.colcon_core.environment:checking '/home/palinauskas/Documents/mujoco-eleanor/ros2_ws/src/install/mujoco_sim/lib/python3.8/site-packages'
[2.264s] Level 1:colcon.colcon_core.shell:create_environment_hook('mujoco_sim', 'pythonpath')
[2.265s] INFO:colcon.colcon_core.shell:Creating environment hook '/home/palinauskas/Documents/mujoco-eleanor/ros2_ws/src/install/mujoco_sim/share/mujoco_sim/hook/pythonpath.ps1'
[2.266s] INFO:colcon.colcon_core.shell:Creating environment descriptor '/home/palinauskas/Documents/mujoco-eleanor/ros2_ws/src/install/mujoco_sim/share/mujoco_sim/hook/pythonpath.dsv'
[2.266s] INFO:colcon.colcon_core.shell:Creating environment hook '/home/palinauskas/Documents/mujoco-eleanor/ros2_ws/src/install/mujoco_sim/share/mujoco_sim/hook/pythonpath.sh'
[2.267s] Level 1:colcon.colcon_core.environment:checking '/home/palinauskas/Documents/mujoco-eleanor/ros2_ws/src/install/mujoco_sim/bin'
[2.267s] Level 1:colcon.colcon_core.environment:create_environment_scripts_only(mujoco_sim)
[2.268s] INFO:colcon.colcon_core.shell:Creating package script '/home/palinauskas/Documents/mujoco-eleanor/ros2_ws/src/install/mujoco_sim/share/mujoco_sim/package.ps1'
[2.269s] INFO:colcon.colcon_core.shell:Creating package descriptor '/home/palinauskas/Documents/mujoco-eleanor/ros2_ws/src/install/mujoco_sim/share/mujoco_sim/package.dsv'
[2.269s] INFO:colcon.colcon_core.shell:Creating package script '/home/palinauskas/Documents/mujoco-eleanor/ros2_ws/src/install/mujoco_sim/share/mujoco_sim/package.sh'
[2.271s] INFO:colcon.colcon_core.shell:Creating package script '/home/palinauskas/Documents/mujoco-eleanor/ros2_ws/src/install/mujoco_sim/share/mujoco_sim/package.bash'
[2.271s] INFO:colcon.colcon_core.shell:Creating package script '/home/palinauskas/Documents/mujoco-eleanor/ros2_ws/src/install/mujoco_sim/share/mujoco_sim/package.zsh'
[2.272s] Level 1:colcon.colcon_core.environment:create_file_with_runtime_dependencies(/home/palinauskas/Documents/mujoco-eleanor/ros2_ws/src/install/mujoco_sim/share/colcon-core/packages/mujoco_sim)
[2.273s] DEBUG:colcon.colcon_parallel_executor.executor.parallel:closing loop
[2.273s] DEBUG:colcon.colcon_parallel_executor.executor.parallel:loop closed
[2.273s] DEBUG:colcon.colcon_parallel_executor.executor.parallel:run_until_complete finished with '0'
[2.274s] DEBUG:colcon.colcon_core.event_reactor:joining thread
[2.281s] INFO:colcon.colcon_core.plugin_system:Skipping extension 'colcon_notification.desktop_notification.terminal_notifier': Not used on non-Darwin systems
[2.281s] INFO:colcon.colcon_core.plugin_system:Skipping extension 'colcon_notification.desktop_notification.win32': Not used on non-Windows systems
[2.281s] INFO:colcon.colcon_notification.desktop_notification:Sending desktop notification using 'notify2'
[2.300s] DEBUG:colcon.colcon_core.event_reactor:joined thread
[2.301s] INFO:colcon.colcon_core.shell:Creating prefix script '/home/palinauskas/Documents/mujoco-eleanor/ros2_ws/src/install/local_setup.ps1'
[2.303s] INFO:colcon.colcon_core.shell:Creating prefix util module '/home/palinauskas/Documents/mujoco-eleanor/ros2_ws/src/install/_local_setup_util_ps1.py'
[2.304s] INFO:colcon.colcon_core.shell:Creating prefix chain script '/home/palinauskas/Documents/mujoco-eleanor/ros2_ws/src/install/setup.ps1'
[2.306s] INFO:colcon.colcon_core.shell:Creating prefix script '/home/palinauskas/Documents/mujoco-eleanor/ros2_ws/src/install/local_setup.sh'
[2.307s] INFO:colcon.colcon_core.shell:Creating prefix util module '/home/palinauskas/Documents/mujoco-eleanor/ros2_ws/src/install/_local_setup_util_sh.py'
[2.308s] INFO:colcon.colcon_core.shell:Creating prefix chain script '/home/palinauskas/Documents/mujoco-eleanor/ros2_ws/src/install/setup.sh'
[2.310s] INFO:colcon.colcon_core.shell:Creating prefix script '/home/palinauskas/Documents/mujoco-eleanor/ros2_ws/src/install/local_setup.bash'
[2.311s] INFO:colcon.colcon_core.shell:Creating prefix chain script '/home/palinauskas/Documents/mujoco-eleanor/ros2_ws/src/install/setup.bash'
[2.312s] INFO:colcon.colcon_core.shell:Creating prefix script '/home/palinauskas/Documents/mujoco-eleanor/ros2_ws/src/install/local_setup.zsh'
[2.313s] INFO:colcon.colcon_core.shell:Creating prefix chain script '/home/palinauskas/Documents/mujoco-eleanor/ros2_ws/src/install/setup.zsh'
