-- The C compiler identification is GNU 9.4.0
-- The CXX compiler identification is GNU 9.4.0
-- Check for working C compiler: /usr/bin/cc
-- Check for working C compiler: /usr/bin/cc -- works
-- Detecting C compiler ABI info
-- Detecting C compiler ABI info - done
-- Detecting C compile features
-- Detecting C compile features - done
-- Check for working CXX compiler: /usr/bin/c++
-- Check for working CXX compiler: /usr/bin/c++ -- works
-- Detecting CXX compiler ABI info
-- Detecting CXX compiler ABI info - done
-- Detecting CXX compile features
-- Detecting CXX compile features - done
-- Found ament_cmake: 1.1.6 (/opt/ros/galactic/share/ament_cmake/cmake)
-- Found PythonInterp: /usr/bin/python3 (found suitable version "3.8.10", minimum required is "3") 
-- Using PYTHON_EXECUTABLE: /usr/bin/python3
-- Found rosidl_default_generators: 1.1.1 (/opt/ros/galactic/share/rosidl_default_generators/cmake)
-- Using all available rosidl_typesupport_c: rosidl_typesupport_fastrtps_c;rosidl_typesupport_introspection_c
-- Found rosidl_adapter: 2.2.3 (/opt/ros/galactic/share/rosidl_adapter/cmake)
-- Found OpenSSL: /usr/lib/x86_64-linux-gnu/libcrypto.so (found version "1.1.1f")  
-- Found FastRTPS: /opt/ros/galactic/include  
-- Using all available rosidl_typesupport_cpp: rosidl_typesupport_fastrtps_cpp;rosidl_typesupport_introspection_cpp
-- Found PythonInterp: /usr/bin/python3 (found version "3.8.10") 
-- Found ament_cmake_ros: 0.9.2 (/opt/ros/galactic/share/ament_cmake_ros/cmake)
-- Using all available rosidl_typesupport_c: rosidl_typesupport_fastrtps_c;rosidl_typesupport_introspection_c
-- Using all available rosidl_typesupport_cpp: rosidl_typesupport_fastrtps_cpp;rosidl_typesupport_introspection_cpp
-- Found PythonInterp: /usr/bin/python3 (found suitable version "3.8.10", minimum required is "3.5") 
-- Found python_cmake_module: 0.8.1 (/opt/ros/galactic/share/python_cmake_module/cmake)
-- Found PythonLibs: /usr/lib/x86_64-linux-gnu/libpython3.8.so (found suitable version "3.8.10", minimum required is "3.5") 
-- Using PYTHON_EXECUTABLE: /usr/bin/python3
-- Using PYTHON_INCLUDE_DIRS: /usr/include/python3.8
-- Using PYTHON_LIBRARIES: /usr/lib/x86_64-linux-gnu/libpython3.8.so
-- Found PythonExtra: .so  
-- Found ament_lint_auto: 0.10.7 (/opt/ros/galactic/share/ament_lint_auto/cmake)
-- Added test 'copyright' to check source files copyright and LICENSE
-- Added test 'lint_cmake' to check CMake code style
-- Added test 'xmllint' to check XML markup files
-- Configuring done
-- Generating done
-- Build files have been written to: /home/palinauskas/Documents/fortiss_repo/mujoco-eleanor/ROS2/build/controller_interface
[  1%] [34m[1mGenerating C code for ROS interfaces[0m
[35m[1mScanning dependencies of target controller_interface__cpp[0m
[  3%] [34m[1mGenerating C++ code for ROS interfaces[0m
[35m[1mScanning dependencies of target controller_interface__rosidl_generator_c[0m
[  3%] Built target controller_interface__cpp
[  5%] [32mBuilding C object CMakeFiles/controller_interface__rosidl_generator_c.dir/rosidl_generator_c/controller_interface/action/detail/desired_pose_name__functions.c.o[0m
[  7%] [32mBuilding C object CMakeFiles/controller_interface__rosidl_generator_c.dir/rosidl_generator_c/controller_interface/action/detail/saccades__functions.c.o[0m
[  9%] [32mBuilding C object CMakeFiles/controller_interface__rosidl_generator_c.dir/rosidl_generator_c/controller_interface/action/detail/desired_pose__functions.c.o[0m
[ 10%] [34m[1mGenerating C++ introspection for ROS interfaces[0m
[ 12%] [32mBuilding C object CMakeFiles/controller_interface__rosidl_generator_c.dir/rosidl_generator_c/controller_interface/action/detail/saccades2__functions.c.o[0m
[ 14%] [34m[1mGenerating C++ type support for eProsima Fast-RTPS[0m
[ 16%] [34m[1mGenerating C++ type support dispatch for ROS interfaces[0m
[ 18%] [32m[1mLinking C shared library libcontroller_interface__rosidl_generator_c.so[0m
[ 18%] Built target controller_interface__rosidl_generator_c
[ 20%] [34m[1mGenerating C introspection for ROS interfaces[0m
[ 21%] [34m[1mGenerating C type support dispatch for ROS interfaces[0m
[35m[1mScanning dependencies of target controller_interface__rosidl_typesupport_cpp[0m
[ 23%] [32mBuilding CXX object CMakeFiles/controller_interface__rosidl_typesupport_cpp.dir/rosidl_typesupport_cpp/controller_interface/action/desired_pose_name__type_support.cpp.o[0m
[ 25%] [32mBuilding CXX object CMakeFiles/controller_interface__rosidl_typesupport_cpp.dir/rosidl_typesupport_cpp/controller_interface/action/desired_pose__type_support.cpp.o[0m
[ 27%] [32mBuilding CXX object CMakeFiles/controller_interface__rosidl_typesupport_cpp.dir/rosidl_typesupport_cpp/controller_interface/action/saccades__type_support.cpp.o[0m
[ 29%] [32mBuilding CXX object CMakeFiles/controller_interface__rosidl_typesupport_cpp.dir/rosidl_typesupport_cpp/controller_interface/action/saccades2__type_support.cpp.o[0m
[35m[1mScanning dependencies of target controller_interface__rosidl_typesupport_c[0m
[ 30%] [32mBuilding CXX object CMakeFiles/controller_interface__rosidl_typesupport_c.dir/rosidl_typesupport_c/controller_interface/action/desired_pose_name__type_support.cpp.o[0m
[ 32%] [32mBuilding CXX object CMakeFiles/controller_interface__rosidl_typesupport_c.dir/rosidl_typesupport_c/controller_interface/action/desired_pose__type_support.cpp.o[0m
[35m[1mScanning dependencies of target controller_interface__rosidl_typesupport_introspection_cpp[0m
[ 34%] [32mBuilding CXX object CMakeFiles/controller_interface__rosidl_typesupport_introspection_cpp.dir/rosidl_typesupport_introspection_cpp/controller_interface/action/detail/desired_pose_name__type_support.cpp.o[0m
[ 36%] [32mBuilding CXX object CMakeFiles/controller_interface__rosidl_typesupport_introspection_cpp.dir/rosidl_typesupport_introspection_cpp/controller_interface/action/detail/desired_pose__type_support.cpp.o[0m
[ 38%] [32mBuilding CXX object CMakeFiles/controller_interface__rosidl_typesupport_c.dir/rosidl_typesupport_c/controller_interface/action/saccades__type_support.cpp.o[0m
[ 40%] [32mBuilding CXX object CMakeFiles/controller_interface__rosidl_typesupport_c.dir/rosidl_typesupport_c/controller_interface/action/saccades2__type_support.cpp.o[0m
[35m[1mScanning dependencies of target controller_interface__rosidl_typesupport_introspection_c[0m
[ 41%] [32mBuilding CXX object CMakeFiles/controller_interface__rosidl_typesupport_introspection_cpp.dir/rosidl_typesupport_introspection_cpp/controller_interface/action/detail/saccades__type_support.cpp.o[0m
[ 43%] [32m[1mLinking CXX shared library libcontroller_interface__rosidl_typesupport_cpp.so[0m
[ 45%] [32mBuilding CXX object CMakeFiles/controller_interface__rosidl_typesupport_introspection_cpp.dir/rosidl_typesupport_introspection_cpp/controller_interface/action/detail/saccades2__type_support.cpp.o[0m
[ 47%] [32mBuilding C object CMakeFiles/controller_interface__rosidl_typesupport_introspection_c.dir/rosidl_typesupport_introspection_c/controller_interface/action/detail/desired_pose_name__type_support.c.o[0m
[ 49%] [32m[1mLinking CXX shared library libcontroller_interface__rosidl_typesupport_c.so[0m
[35m[1mScanning dependencies of target controller_interface__rosidl_typesupport_fastrtps_cpp[0m
[ 49%] Built target controller_interface__rosidl_typesupport_cpp
[ 50%] [32mBuilding C object CMakeFiles/controller_interface__rosidl_typesupport_introspection_c.dir/rosidl_typesupport_introspection_c/controller_interface/action/detail/saccades__type_support.c.o[0m
[ 52%] [32mBuilding C object CMakeFiles/controller_interface__rosidl_typesupport_introspection_c.dir/rosidl_typesupport_introspection_c/controller_interface/action/detail/desired_pose__type_support.c.o[0m
[ 52%] Built target controller_interface__rosidl_typesupport_c
[ 54%] [32mBuilding CXX object CMakeFiles/controller_interface__rosidl_typesupport_fastrtps_cpp.dir/rosidl_typesupport_fastrtps_cpp/controller_interface/action/detail/dds_fastrtps/desired_pose__type_support.cpp.o[0m
[ 56%] [32mBuilding CXX object CMakeFiles/controller_interface__rosidl_typesupport_fastrtps_cpp.dir/rosidl_typesupport_fastrtps_cpp/controller_interface/action/detail/dds_fastrtps/desired_pose_name__type_support.cpp.o[0m
[ 58%] [32mBuilding C object CMakeFiles/controller_interface__rosidl_typesupport_introspection_c.dir/rosidl_typesupport_introspection_c/controller_interface/action/detail/saccades2__type_support.c.o[0m
[ 60%] [32mBuilding CXX object CMakeFiles/controller_interface__rosidl_typesupport_fastrtps_cpp.dir/rosidl_typesupport_fastrtps_cpp/controller_interface/action/detail/dds_fastrtps/saccades__type_support.cpp.o[0m
[ 61%] [32mBuilding CXX object CMakeFiles/controller_interface__rosidl_typesupport_fastrtps_cpp.dir/rosidl_typesupport_fastrtps_cpp/controller_interface/action/detail/dds_fastrtps/saccades2__type_support.cpp.o[0m
[ 63%] [32m[1mLinking C shared library libcontroller_interface__rosidl_typesupport_introspection_c.so[0m
[ 65%] [32m[1mLinking CXX shared library libcontroller_interface__rosidl_typesupport_introspection_cpp.so[0m
[ 65%] Built target controller_interface__rosidl_typesupport_introspection_c
[ 65%] Built target controller_interface__rosidl_typesupport_introspection_cpp
[ 67%] [32m[1mLinking CXX shared library libcontroller_interface__rosidl_typesupport_fastrtps_cpp.so[0m
[ 67%] Built target controller_interface__rosidl_typesupport_fastrtps_cpp
[ 69%] [34m[1mGenerating C type support for eProsima Fast-RTPS[0m
[35m[1mScanning dependencies of target controller_interface__rosidl_typesupport_fastrtps_c[0m
[ 70%] [32mBuilding CXX object CMakeFiles/controller_interface__rosidl_typesupport_fastrtps_c.dir/rosidl_typesupport_fastrtps_c/controller_interface/action/detail/desired_pose_name__type_support_c.cpp.o[0m
[ 72%] [32mBuilding CXX object CMakeFiles/controller_interface__rosidl_typesupport_fastrtps_c.dir/rosidl_typesupport_fastrtps_c/controller_interface/action/detail/desired_pose__type_support_c.cpp.o[0m
[ 76%] [32mBuilding CXX object CMakeFiles/controller_interface__rosidl_typesupport_fastrtps_c.dir/rosidl_typesupport_fastrtps_c/controller_interface/action/detail/saccades__type_support_c.cpp.o[0m
[ 76%] [32mBuilding CXX object CMakeFiles/controller_interface__rosidl_typesupport_fastrtps_c.dir/rosidl_typesupport_fastrtps_c/controller_interface/action/detail/saccades2__type_support_c.cpp.o[0m
[ 78%] [32m[1mLinking CXX shared library libcontroller_interface__rosidl_typesupport_fastrtps_c.so[0m
[ 78%] Built target controller_interface__rosidl_typesupport_fastrtps_c
[35m[1mScanning dependencies of target controller_interface[0m
[ 78%] Built target controller_interface
[35m[1mScanning dependencies of target controller_interface__py[0m
[ 80%] [34m[1mGenerating Python code for ROS interfaces[0m
[ 80%] Built target controller_interface__py
[35m[1mScanning dependencies of target controller_interface__python[0m
[ 81%] [32mBuilding C object CMakeFiles/controller_interface__python.dir/rosidl_generator_py/controller_interface/action/_desired_pose_s.c.o[0m
[ 85%] [32mBuilding C object CMakeFiles/controller_interface__python.dir/rosidl_generator_py/controller_interface/action/_desired_pose_name_s.c.o[0m
[ 85%] [32mBuilding C object CMakeFiles/controller_interface__python.dir/rosidl_generator_py/controller_interface/action/_saccades2_s.c.o[0m
[ 87%] [32mBuilding C object CMakeFiles/controller_interface__python.dir/rosidl_generator_py/controller_interface/action/_saccades_s.c.o[0m
[ 89%] [32m[1mLinking C shared library rosidl_generator_py/controller_interface/libcontroller_interface__python.so[0m
[ 89%] Built target controller_interface__python
[35m[1mScanning dependencies of target controller_interface__rosidl_typesupport_introspection_c__pyext[0m
[35m[1mScanning dependencies of target controller_interface__rosidl_typesupport_c__pyext[0m
[35m[1mScanning dependencies of target controller_interface__rosidl_typesupport_fastrtps_c__pyext[0m
[ 90%] [32mBuilding C object CMakeFiles/controller_interface__rosidl_typesupport_introspection_c__pyext.dir/rosidl_generator_py/controller_interface/_controller_interface_s.ep.rosidl_typesupport_introspection_c.c.o[0m
[ 92%] [32mBuilding C object CMakeFiles/controller_interface__rosidl_typesupport_fastrtps_c__pyext.dir/rosidl_generator_py/controller_interface/_controller_interface_s.ep.rosidl_typesupport_fastrtps_c.c.o[0m
[ 94%] [32mBuilding C object CMakeFiles/controller_interface__rosidl_typesupport_c__pyext.dir/rosidl_generator_py/controller_interface/_controller_interface_s.ep.rosidl_typesupport_c.c.o[0m
[ 98%] [32m[1mLinking CXX shared library rosidl_generator_py/controller_interface/controller_interface_s__rosidl_typesupport_fastrtps_c.cpython-38-x86_64-linux-gnu.so[0m
[ 98%] [32m[1mLinking C shared library rosidl_generator_py/controller_interface/controller_interface_s__rosidl_typesupport_c.cpython-38-x86_64-linux-gnu.so[0m
[100%] [32m[1mLinking C shared library rosidl_generator_py/controller_interface/controller_interface_s__rosidl_typesupport_introspection_c.cpython-38-x86_64-linux-gnu.so[0m
[100%] Built target controller_interface__rosidl_typesupport_c__pyext
[100%] Built target controller_interface__rosidl_typesupport_introspection_c__pyext
[100%] Built target controller_interface__rosidl_typesupport_fastrtps_c__pyext
-- Install configuration: ""
-- Installing: /home/palinauskas/Documents/fortiss_repo/mujoco-eleanor/ROS2/install/controller_interface/share/ament_index/resource_index/rosidl_interfaces/controller_interface
-- Installing: /home/palinauskas/Documents/fortiss_repo/mujoco-eleanor/ROS2/install/controller_interface/include/controller_interface
-- Installing: /home/palinauskas/Documents/fortiss_repo/mujoco-eleanor/ROS2/install/controller_interface/include/controller_interface/msg
-- Installing: /home/palinauskas/Documents/fortiss_repo/mujoco-eleanor/ROS2/install/controller_interface/include/controller_interface/msg/rosidl_generator_c__visibility_control.h
-- Installing: /home/palinauskas/Documents/fortiss_repo/mujoco-eleanor/ROS2/install/controller_interface/include/controller_interface/action
-- Installing: /home/palinauskas/Documents/fortiss_repo/mujoco-eleanor/ROS2/install/controller_interface/include/controller_interface/action/saccades.h
-- Installing: /home/palinauskas/Documents/fortiss_repo/mujoco-eleanor/ROS2/install/controller_interface/include/controller_interface/action/desired_pose.h
-- Installing: /home/palinauskas/Documents/fortiss_repo/mujoco-eleanor/ROS2/install/controller_interface/include/controller_interface/action/desired_pose_name.h
-- Installing: /home/palinauskas/Documents/fortiss_repo/mujoco-eleanor/ROS2/install/controller_interface/include/controller_interface/action/detail
-- Installing: /home/palinauskas/Documents/fortiss_repo/mujoco-eleanor/ROS2/install/controller_interface/include/controller_interface/action/detail/desired_pose_name__type_support.h
-- Installing: /home/palinauskas/Documents/fortiss_repo/mujoco-eleanor/ROS2/install/controller_interface/include/controller_interface/action/detail/desired_pose_name__functions.c
-- Installing: /home/palinauskas/Documents/fortiss_repo/mujoco-eleanor/ROS2/install/controller_interface/include/controller_interface/action/detail/saccades2__type_support.h
-- Installing: /home/palinauskas/Documents/fortiss_repo/mujoco-eleanor/ROS2/install/controller_interface/include/controller_interface/action/detail/saccades__functions.h
-- Installing: /home/palinauskas/Documents/fortiss_repo/mujoco-eleanor/ROS2/install/controller_interface/include/controller_interface/action/detail/saccades2__functions.c
-- Installing: /home/palinauskas/Documents/fortiss_repo/mujoco-eleanor/ROS2/install/controller_interface/include/controller_interface/action/detail/saccades__type_support.h
-- Installing: /home/palinauskas/Documents/fortiss_repo/mujoco-eleanor/ROS2/install/controller_interface/include/controller_interface/action/detail/saccades__struct.h
-- Installing: /home/palinauskas/Documents/fortiss_repo/mujoco-eleanor/ROS2/install/controller_interface/include/controller_interface/action/detail/desired_pose_name__struct.h
-- Installing: /home/palinauskas/Documents/fortiss_repo/mujoco-eleanor/ROS2/install/controller_interface/include/controller_interface/action/detail/desired_pose__functions.h
-- Installing: /home/palinauskas/Documents/fortiss_repo/mujoco-eleanor/ROS2/install/controller_interface/include/controller_interface/action/detail/saccades__functions.c
-- Installing: /home/palinauskas/Documents/fortiss_repo/mujoco-eleanor/ROS2/install/controller_interface/include/controller_interface/action/detail/saccades2__struct.h
-- Installing: /home/palinauskas/Documents/fortiss_repo/mujoco-eleanor/ROS2/install/controller_interface/include/controller_interface/action/detail/desired_pose__struct.h
-- Installing: /home/palinauskas/Documents/fortiss_repo/mujoco-eleanor/ROS2/install/controller_interface/include/controller_interface/action/detail/desired_pose__functions.c
-- Installing: /home/palinauskas/Documents/fortiss_repo/mujoco-eleanor/ROS2/install/controller_interface/include/controller_interface/action/detail/saccades2__functions.h
-- Installing: /home/palinauskas/Documents/fortiss_repo/mujoco-eleanor/ROS2/install/controller_interface/include/controller_interface/action/detail/desired_pose_name__functions.h
-- Installing: /home/palinauskas/Documents/fortiss_repo/mujoco-eleanor/ROS2/install/controller_interface/include/controller_interface/action/detail/desired_pose__type_support.h
-- Installing: /home/palinauskas/Documents/fortiss_repo/mujoco-eleanor/ROS2/install/controller_interface/include/controller_interface/action/saccades2.h
-- Installing: /home/palinauskas/Documents/fortiss_repo/mujoco-eleanor/ROS2/install/controller_interface/share/controller_interface/environment/library_path.sh
-- Installing: /home/palinauskas/Documents/fortiss_repo/mujoco-eleanor/ROS2/install/controller_interface/share/controller_interface/environment/library_path.dsv
-- Installing: /home/palinauskas/Documents/fortiss_repo/mujoco-eleanor/ROS2/install/controller_interface/lib/libcontroller_interface__rosidl_generator_c.so
-- Set runtime path of "/home/palinauskas/Documents/fortiss_repo/mujoco-eleanor/ROS2/install/controller_interface/lib/libcontroller_interface__rosidl_generator_c.so" to ""
-- Up-to-date: /home/palinauskas/Documents/fortiss_repo/mujoco-eleanor/ROS2/install/controller_interface/include/controller_interface
-- Up-to-date: /home/palinauskas/Documents/fortiss_repo/mujoco-eleanor/ROS2/install/controller_interface/include/controller_interface/msg
-- Installing: /home/palinauskas/Documents/fortiss_repo/mujoco-eleanor/ROS2/install/controller_interface/include/controller_interface/msg/rosidl_typesupport_fastrtps_c__visibility_control.h
-- Up-to-date: /home/palinauskas/Documents/fortiss_repo/mujoco-eleanor/ROS2/install/controller_interface/include/controller_interface/action
-- Up-to-date: /home/palinauskas/Documents/fortiss_repo/mujoco-eleanor/ROS2/install/controller_interface/include/controller_interface/action/detail
-- Installing: /home/palinauskas/Documents/fortiss_repo/mujoco-eleanor/ROS2/install/controller_interface/include/controller_interface/action/detail/saccades__rosidl_typesupport_fastrtps_c.h
-- Installing: /home/palinauskas/Documents/fortiss_repo/mujoco-eleanor/ROS2/install/controller_interface/include/controller_interface/action/detail/saccades2__rosidl_typesupport_fastrtps_c.h
-- Installing: /home/palinauskas/Documents/fortiss_repo/mujoco-eleanor/ROS2/install/controller_interface/include/controller_interface/action/detail/desired_pose__rosidl_typesupport_fastrtps_c.h
-- Installing: /home/palinauskas/Documents/fortiss_repo/mujoco-eleanor/ROS2/install/controller_interface/include/controller_interface/action/detail/desired_pose_name__rosidl_typesupport_fastrtps_c.h
-- Installing: /home/palinauskas/Documents/fortiss_repo/mujoco-eleanor/ROS2/install/controller_interface/lib/libcontroller_interface__rosidl_typesupport_fastrtps_c.so
-- Set runtime path of "/home/palinauskas/Documents/fortiss_repo/mujoco-eleanor/ROS2/install/controller_interface/lib/libcontroller_interface__rosidl_typesupport_fastrtps_c.so" to ""
-- Up-to-date: /home/palinauskas/Documents/fortiss_repo/mujoco-eleanor/ROS2/install/controller_interface/include/controller_interface
-- Up-to-date: /home/palinauskas/Documents/fortiss_repo/mujoco-eleanor/ROS2/install/controller_interface/include/controller_interface/msg
-- Installing: /home/palinauskas/Documents/fortiss_repo/mujoco-eleanor/ROS2/install/controller_interface/include/controller_interface/msg/rosidl_typesupport_fastrtps_cpp__visibility_control.h
-- Up-to-date: /home/palinauskas/Documents/fortiss_repo/mujoco-eleanor/ROS2/install/controller_interface/include/controller_interface/action
-- Up-to-date: /home/palinauskas/Documents/fortiss_repo/mujoco-eleanor/ROS2/install/controller_interface/include/controller_interface/action/detail
-- Installing: /home/palinauskas/Documents/fortiss_repo/mujoco-eleanor/ROS2/install/controller_interface/include/controller_interface/action/detail/desired_pose_name__rosidl_typesupport_fastrtps_cpp.hpp
-- Installing: /home/palinauskas/Documents/fortiss_repo/mujoco-eleanor/ROS2/install/controller_interface/include/controller_interface/action/detail/desired_pose__rosidl_typesupport_fastrtps_cpp.hpp
-- Installing: /home/palinauskas/Documents/fortiss_repo/mujoco-eleanor/ROS2/install/controller_interface/include/controller_interface/action/detail/saccades__rosidl_typesupport_fastrtps_cpp.hpp
-- Installing: /home/palinauskas/Documents/fortiss_repo/mujoco-eleanor/ROS2/install/controller_interface/include/controller_interface/action/detail/saccades2__rosidl_typesupport_fastrtps_cpp.hpp
-- Installing: /home/palinauskas/Documents/fortiss_repo/mujoco-eleanor/ROS2/install/controller_interface/include/controller_interface/action/detail/dds_fastrtps
-- Installing: /home/palinauskas/Documents/fortiss_repo/mujoco-eleanor/ROS2/install/controller_interface/lib/libcontroller_interface__rosidl_typesupport_fastrtps_cpp.so
-- Set runtime path of "/home/palinauskas/Documents/fortiss_repo/mujoco-eleanor/ROS2/install/controller_interface/lib/libcontroller_interface__rosidl_typesupport_fastrtps_cpp.so" to ""
-- Up-to-date: /home/palinauskas/Documents/fortiss_repo/mujoco-eleanor/ROS2/install/controller_interface/include/controller_interface
-- Up-to-date: /home/palinauskas/Documents/fortiss_repo/mujoco-eleanor/ROS2/install/controller_interface/include/controller_interface/msg
-- Installing: /home/palinauskas/Documents/fortiss_repo/mujoco-eleanor/ROS2/install/controller_interface/include/controller_interface/msg/rosidl_typesupport_introspection_c__visibility_control.h
-- Up-to-date: /home/palinauskas/Documents/fortiss_repo/mujoco-eleanor/ROS2/install/controller_interface/include/controller_interface/action
-- Up-to-date: /home/palinauskas/Documents/fortiss_repo/mujoco-eleanor/ROS2/install/controller_interface/include/controller_interface/action/detail
-- Installing: /home/palinauskas/Documents/fortiss_repo/mujoco-eleanor/ROS2/install/controller_interface/include/controller_interface/action/detail/desired_pose_name__rosidl_typesupport_introspection_c.h
-- Installing: /home/palinauskas/Documents/fortiss_repo/mujoco-eleanor/ROS2/install/controller_interface/include/controller_interface/action/detail/saccades__rosidl_typesupport_introspection_c.h
-- Installing: /home/palinauskas/Documents/fortiss_repo/mujoco-eleanor/ROS2/install/controller_interface/include/controller_interface/action/detail/saccades2__rosidl_typesupport_introspection_c.h
-- Installing: /home/palinauskas/Documents/fortiss_repo/mujoco-eleanor/ROS2/install/controller_interface/include/controller_interface/action/detail/desired_pose__rosidl_typesupport_introspection_c.h
-- Installing: /home/palinauskas/Documents/fortiss_repo/mujoco-eleanor/ROS2/install/controller_interface/include/controller_interface/action/detail/desired_pose_name__type_support.c
-- Installing: /home/palinauskas/Documents/fortiss_repo/mujoco-eleanor/ROS2/install/controller_interface/include/controller_interface/action/detail/desired_pose__type_support.c
-- Installing: /home/palinauskas/Documents/fortiss_repo/mujoco-eleanor/ROS2/install/controller_interface/include/controller_interface/action/detail/saccades2__type_support.c
-- Installing: /home/palinauskas/Documents/fortiss_repo/mujoco-eleanor/ROS2/install/controller_interface/include/controller_interface/action/detail/saccades__type_support.c
-- Installing: /home/palinauskas/Documents/fortiss_repo/mujoco-eleanor/ROS2/install/controller_interface/lib/libcontroller_interface__rosidl_typesupport_introspection_c.so
-- Set runtime path of "/home/palinauskas/Documents/fortiss_repo/mujoco-eleanor/ROS2/install/controller_interface/lib/libcontroller_interface__rosidl_typesupport_introspection_c.so" to ""
-- Installing: /home/palinauskas/Documents/fortiss_repo/mujoco-eleanor/ROS2/install/controller_interface/lib/libcontroller_interface__rosidl_typesupport_c.so
-- Set runtime path of "/home/palinauskas/Documents/fortiss_repo/mujoco-eleanor/ROS2/install/controller_interface/lib/libcontroller_interface__rosidl_typesupport_c.so" to ""
-- Up-to-date: /home/palinauskas/Documents/fortiss_repo/mujoco-eleanor/ROS2/install/controller_interface/include/controller_interface
-- Up-to-date: /home/palinauskas/Documents/fortiss_repo/mujoco-eleanor/ROS2/install/controller_interface/include/controller_interface/action
-- Up-to-date: /home/palinauskas/Documents/fortiss_repo/mujoco-eleanor/ROS2/install/controller_interface/include/controller_interface/action/detail
-- Installing: /home/palinauskas/Documents/fortiss_repo/mujoco-eleanor/ROS2/install/controller_interface/include/controller_interface/action/detail/desired_pose_name__builder.hpp
-- Installing: /home/palinauskas/Documents/fortiss_repo/mujoco-eleanor/ROS2/install/controller_interface/include/controller_interface/action/detail/saccades__builder.hpp
-- Installing: /home/palinauskas/Documents/fortiss_repo/mujoco-eleanor/ROS2/install/controller_interface/include/controller_interface/action/detail/desired_pose_name__traits.hpp
-- Installing: /home/palinauskas/Documents/fortiss_repo/mujoco-eleanor/ROS2/install/controller_interface/include/controller_interface/action/detail/saccades__struct.hpp
-- Installing: /home/palinauskas/Documents/fortiss_repo/mujoco-eleanor/ROS2/install/controller_interface/include/controller_interface/action/detail/saccades2__struct.hpp
-- Installing: /home/palinauskas/Documents/fortiss_repo/mujoco-eleanor/ROS2/install/controller_interface/include/controller_interface/action/detail/desired_pose_name__struct.hpp
-- Installing: /home/palinauskas/Documents/fortiss_repo/mujoco-eleanor/ROS2/install/controller_interface/include/controller_interface/action/detail/saccades__traits.hpp
-- Installing: /home/palinauskas/Documents/fortiss_repo/mujoco-eleanor/ROS2/install/controller_interface/include/controller_interface/action/detail/desired_pose__struct.hpp
-- Installing: /home/palinauskas/Documents/fortiss_repo/mujoco-eleanor/ROS2/install/controller_interface/include/controller_interface/action/detail/desired_pose__builder.hpp
-- Installing: /home/palinauskas/Documents/fortiss_repo/mujoco-eleanor/ROS2/install/controller_interface/include/controller_interface/action/detail/saccades2__traits.hpp
-- Installing: /home/palinauskas/Documents/fortiss_repo/mujoco-eleanor/ROS2/install/controller_interface/include/controller_interface/action/detail/saccades2__builder.hpp
-- Installing: /home/palinauskas/Documents/fortiss_repo/mujoco-eleanor/ROS2/install/controller_interface/include/controller_interface/action/detail/desired_pose__traits.hpp
-- Installing: /home/palinauskas/Documents/fortiss_repo/mujoco-eleanor/ROS2/install/controller_interface/include/controller_interface/action/desired_pose_name.hpp
-- Installing: /home/palinauskas/Documents/fortiss_repo/mujoco-eleanor/ROS2/install/controller_interface/include/controller_interface/action/saccades.hpp
-- Installing: /home/palinauskas/Documents/fortiss_repo/mujoco-eleanor/ROS2/install/controller_interface/include/controller_interface/action/desired_pose.hpp
-- Installing: /home/palinauskas/Documents/fortiss_repo/mujoco-eleanor/ROS2/install/controller_interface/include/controller_interface/action/saccades2.hpp
-- Up-to-date: /home/palinauskas/Documents/fortiss_repo/mujoco-eleanor/ROS2/install/controller_interface/include/controller_interface
-- Up-to-date: /home/palinauskas/Documents/fortiss_repo/mujoco-eleanor/ROS2/install/controller_interface/include/controller_interface/action
-- Up-to-date: /home/palinauskas/Documents/fortiss_repo/mujoco-eleanor/ROS2/install/controller_interface/include/controller_interface/action/detail
-- Installing: /home/palinauskas/Documents/fortiss_repo/mujoco-eleanor/ROS2/install/controller_interface/include/controller_interface/action/detail/saccades2__rosidl_typesupport_introspection_cpp.hpp
-- Installing: /home/palinauskas/Documents/fortiss_repo/mujoco-eleanor/ROS2/install/controller_interface/include/controller_interface/action/detail/desired_pose_name__type_support.cpp
-- Installing: /home/palinauskas/Documents/fortiss_repo/mujoco-eleanor/ROS2/install/controller_interface/include/controller_interface/action/detail/desired_pose_name__rosidl_typesupport_introspection_cpp.hpp
-- Installing: /home/palinauskas/Documents/fortiss_repo/mujoco-eleanor/ROS2/install/controller_interface/include/controller_interface/action/detail/saccades2__type_support.cpp
-- Installing: /home/palinauskas/Documents/fortiss_repo/mujoco-eleanor/ROS2/install/controller_interface/include/controller_interface/action/detail/saccades__rosidl_typesupport_introspection_cpp.hpp
-- Installing: /home/palinauskas/Documents/fortiss_repo/mujoco-eleanor/ROS2/install/controller_interface/include/controller_interface/action/detail/saccades__type_support.cpp
-- Installing: /home/palinauskas/Documents/fortiss_repo/mujoco-eleanor/ROS2/install/controller_interface/include/controller_interface/action/detail/desired_pose__rosidl_typesupport_introspection_cpp.hpp
-- Installing: /home/palinauskas/Documents/fortiss_repo/mujoco-eleanor/ROS2/install/controller_interface/include/controller_interface/action/detail/desired_pose__type_support.cpp
-- Installing: /home/palinauskas/Documents/fortiss_repo/mujoco-eleanor/ROS2/install/controller_interface/lib/libcontroller_interface__rosidl_typesupport_introspection_cpp.so
-- Set runtime path of "/home/palinauskas/Documents/fortiss_repo/mujoco-eleanor/ROS2/install/controller_interface/lib/libcontroller_interface__rosidl_typesupport_introspection_cpp.so" to ""
-- Installing: /home/palinauskas/Documents/fortiss_repo/mujoco-eleanor/ROS2/install/controller_interface/lib/libcontroller_interface__rosidl_typesupport_cpp.so
-- Set runtime path of "/home/palinauskas/Documents/fortiss_repo/mujoco-eleanor/ROS2/install/controller_interface/lib/libcontroller_interface__rosidl_typesupport_cpp.so" to ""
-- Installing: /home/palinauskas/Documents/fortiss_repo/mujoco-eleanor/ROS2/install/controller_interface/share/controller_interface/environment/pythonpath.sh
-- Installing: /home/palinauskas/Documents/fortiss_repo/mujoco-eleanor/ROS2/install/controller_interface/share/controller_interface/environment/pythonpath.dsv
-- Installing: /home/palinauskas/Documents/fortiss_repo/mujoco-eleanor/ROS2/install/controller_interface/lib/python3.8/site-packages/controller_interface/__init__.py
Compiling '/home/palinauskas/Documents/fortiss_repo/mujoco-eleanor/ROS2/install/controller_interface/lib/python3.8/site-packages/controller_interface/__init__.py'...
-- Installing: /home/palinauskas/Documents/fortiss_repo/mujoco-eleanor/ROS2/install/controller_interface/lib/python3.8/site-packages/controller_interface/action
-- Installing: /home/palinauskas/Documents/fortiss_repo/mujoco-eleanor/ROS2/install/controller_interface/lib/python3.8/site-packages/controller_interface/action/_desired_pose.py
-- Installing: /home/palinauskas/Documents/fortiss_repo/mujoco-eleanor/ROS2/install/controller_interface/lib/python3.8/site-packages/controller_interface/action/_saccades2.py
-- Installing: /home/palinauskas/Documents/fortiss_repo/mujoco-eleanor/ROS2/install/controller_interface/lib/python3.8/site-packages/controller_interface/action/_desired_pose_name_s.c
-- Installing: /home/palinauskas/Documents/fortiss_repo/mujoco-eleanor/ROS2/install/controller_interface/lib/python3.8/site-packages/controller_interface/action/_saccades.py
-- Installing: /home/palinauskas/Documents/fortiss_repo/mujoco-eleanor/ROS2/install/controller_interface/lib/python3.8/site-packages/controller_interface/action/__init__.py
-- Installing: /home/palinauskas/Documents/fortiss_repo/mujoco-eleanor/ROS2/install/controller_interface/lib/python3.8/site-packages/controller_interface/action/_saccades2_s.c
-- Installing: /home/palinauskas/Documents/fortiss_repo/mujoco-eleanor/ROS2/install/controller_interface/lib/python3.8/site-packages/controller_interface/action/_saccades_s.c
-- Installing: /home/palinauskas/Documents/fortiss_repo/mujoco-eleanor/ROS2/install/controller_interface/lib/python3.8/site-packages/controller_interface/action/_desired_pose_name.py
-- Installing: /home/palinauskas/Documents/fortiss_repo/mujoco-eleanor/ROS2/install/controller_interface/lib/python3.8/site-packages/controller_interface/action/_desired_pose_s.c
-- Installing: /home/palinauskas/Documents/fortiss_repo/mujoco-eleanor/ROS2/install/controller_interface/lib/python3.8/site-packages/controller_interface/controller_interface_s__rosidl_typesupport_fastrtps_c.cpython-38-x86_64-linux-gnu.so
-- Set runtime path of "/home/palinauskas/Documents/fortiss_repo/mujoco-eleanor/ROS2/install/controller_interface/lib/python3.8/site-packages/controller_interface/controller_interface_s__rosidl_typesupport_fastrtps_c.cpython-38-x86_64-linux-gnu.so" to ""
-- Installing: /home/palinauskas/Documents/fortiss_repo/mujoco-eleanor/ROS2/install/controller_interface/lib/python3.8/site-packages/controller_interface/controller_interface_s__rosidl_typesupport_introspection_c.cpython-38-x86_64-linux-gnu.so
-- Set runtime path of "/home/palinauskas/Documents/fortiss_repo/mujoco-eleanor/ROS2/install/controller_interface/lib/python3.8/site-packages/controller_interface/controller_interface_s__rosidl_typesupport_introspection_c.cpython-38-x86_64-linux-gnu.so" to ""
-- Installing: /home/palinauskas/Documents/fortiss_repo/mujoco-eleanor/ROS2/install/controller_interface/lib/python3.8/site-packages/controller_interface/controller_interface_s__rosidl_typesupport_c.cpython-38-x86_64-linux-gnu.so
-- Set runtime path of "/home/palinauskas/Documents/fortiss_repo/mujoco-eleanor/ROS2/install/controller_interface/lib/python3.8/site-packages/controller_interface/controller_interface_s__rosidl_typesupport_c.cpython-38-x86_64-linux-gnu.so" to ""
-- Installing: /home/palinauskas/Documents/fortiss_repo/mujoco-eleanor/ROS2/install/controller_interface/lib/libcontroller_interface__python.so
-- Set runtime path of "/home/palinauskas/Documents/fortiss_repo/mujoco-eleanor/ROS2/install/controller_interface/lib/libcontroller_interface__python.so" to ""
-- Installing: /home/palinauskas/Documents/fortiss_repo/mujoco-eleanor/ROS2/install/controller_interface/share/controller_interface/action/DesiredPoseName.idl
-- Installing: /home/palinauskas/Documents/fortiss_repo/mujoco-eleanor/ROS2/install/controller_interface/share/controller_interface/action/DesiredPose.idl
-- Installing: /home/palinauskas/Documents/fortiss_repo/mujoco-eleanor/ROS2/install/controller_interface/share/controller_interface/action/Saccades.idl
-- Installing: /home/palinauskas/Documents/fortiss_repo/mujoco-eleanor/ROS2/install/controller_interface/share/controller_interface/action/Saccades2.idl
-- Installing: /home/palinauskas/Documents/fortiss_repo/mujoco-eleanor/ROS2/install/controller_interface/share/controller_interface/action/DesiredPoseName.action
-- Installing: /home/palinauskas/Documents/fortiss_repo/mujoco-eleanor/ROS2/install/controller_interface/share/controller_interface/action/DesiredPose.action
-- Installing: /home/palinauskas/Documents/fortiss_repo/mujoco-eleanor/ROS2/install/controller_interface/share/controller_interface/action/Saccades.action
-- Installing: /home/palinauskas/Documents/fortiss_repo/mujoco-eleanor/ROS2/install/controller_interface/share/controller_interface/action/Saccades2.action
-- Installing: /home/palinauskas/Documents/fortiss_repo/mujoco-eleanor/ROS2/install/controller_interface/share/ament_index/resource_index/package_run_dependencies/controller_interface
-- Installing: /home/palinauskas/Documents/fortiss_repo/mujoco-eleanor/ROS2/install/controller_interface/share/ament_index/resource_index/parent_prefix_path/controller_interface
-- Installing: /home/palinauskas/Documents/fortiss_repo/mujoco-eleanor/ROS2/install/controller_interface/share/controller_interface/environment/ament_prefix_path.sh
-- Installing: /home/palinauskas/Documents/fortiss_repo/mujoco-eleanor/ROS2/install/controller_interface/share/controller_interface/environment/ament_prefix_path.dsv
-- Installing: /home/palinauskas/Documents/fortiss_repo/mujoco-eleanor/ROS2/install/controller_interface/share/controller_interface/environment/path.sh
-- Installing: /home/palinauskas/Documents/fortiss_repo/mujoco-eleanor/ROS2/install/controller_interface/share/controller_interface/environment/path.dsv
-- Installing: /home/palinauskas/Documents/fortiss_repo/mujoco-eleanor/ROS2/install/controller_interface/share/controller_interface/local_setup.bash
-- Installing: /home/palinauskas/Documents/fortiss_repo/mujoco-eleanor/ROS2/install/controller_interface/share/controller_interface/local_setup.sh
-- Installing: /home/palinauskas/Documents/fortiss_repo/mujoco-eleanor/ROS2/install/controller_interface/share/controller_interface/local_setup.zsh
-- Installing: /home/palinauskas/Documents/fortiss_repo/mujoco-eleanor/ROS2/install/controller_interface/share/controller_interface/local_setup.dsv
-- Installing: /home/palinauskas/Documents/fortiss_repo/mujoco-eleanor/ROS2/install/controller_interface/share/controller_interface/package.dsv
-- Installing: /home/palinauskas/Documents/fortiss_repo/mujoco-eleanor/ROS2/install/controller_interface/share/ament_index/resource_index/packages/controller_interface
-- Installing: /home/palinauskas/Documents/fortiss_repo/mujoco-eleanor/ROS2/install/controller_interface/share/controller_interface/cmake/controller_interface__rosidl_generator_cExport.cmake
-- Installing: /home/palinauskas/Documents/fortiss_repo/mujoco-eleanor/ROS2/install/controller_interface/share/controller_interface/cmake/controller_interface__rosidl_generator_cExport-noconfig.cmake
-- Installing: /home/palinauskas/Documents/fortiss_repo/mujoco-eleanor/ROS2/install/controller_interface/share/controller_interface/cmake/controller_interface__rosidl_typesupport_introspection_cExport.cmake
-- Installing: /home/palinauskas/Documents/fortiss_repo/mujoco-eleanor/ROS2/install/controller_interface/share/controller_interface/cmake/controller_interface__rosidl_typesupport_introspection_cExport-noconfig.cmake
-- Installing: /home/palinauskas/Documents/fortiss_repo/mujoco-eleanor/ROS2/install/controller_interface/share/controller_interface/cmake/controller_interface__rosidl_typesupport_cExport.cmake
-- Installing: /home/palinauskas/Documents/fortiss_repo/mujoco-eleanor/ROS2/install/controller_interface/share/controller_interface/cmake/controller_interface__rosidl_typesupport_cExport-noconfig.cmake
-- Installing: /home/palinauskas/Documents/fortiss_repo/mujoco-eleanor/ROS2/install/controller_interface/share/controller_interface/cmake/controller_interface__rosidl_generator_cppExport.cmake
-- Installing: /home/palinauskas/Documents/fortiss_repo/mujoco-eleanor/ROS2/install/controller_interface/share/controller_interface/cmake/controller_interface__rosidl_typesupport_introspection_cppExport.cmake
-- Installing: /home/palinauskas/Documents/fortiss_repo/mujoco-eleanor/ROS2/install/controller_interface/share/controller_interface/cmake/controller_interface__rosidl_typesupport_introspection_cppExport-noconfig.cmake
-- Installing: /home/palinauskas/Documents/fortiss_repo/mujoco-eleanor/ROS2/install/controller_interface/share/controller_interface/cmake/controller_interface__rosidl_typesupport_cppExport.cmake
-- Installing: /home/palinauskas/Documents/fortiss_repo/mujoco-eleanor/ROS2/install/controller_interface/share/controller_interface/cmake/controller_interface__rosidl_typesupport_cppExport-noconfig.cmake
-- Installing: /home/palinauskas/Documents/fortiss_repo/mujoco-eleanor/ROS2/install/controller_interface/share/controller_interface/cmake/rosidl_cmake-extras.cmake
-- Installing: /home/palinauskas/Documents/fortiss_repo/mujoco-eleanor/ROS2/install/controller_interface/share/controller_interface/cmake/ament_cmake_export_dependencies-extras.cmake
-- Installing: /home/palinauskas/Documents/fortiss_repo/mujoco-eleanor/ROS2/install/controller_interface/share/controller_interface/cmake/ament_cmake_export_libraries-extras.cmake
-- Installing: /home/palinauskas/Documents/fortiss_repo/mujoco-eleanor/ROS2/install/controller_interface/share/controller_interface/cmake/ament_cmake_export_targets-extras.cmake
-- Installing: /home/palinauskas/Documents/fortiss_repo/mujoco-eleanor/ROS2/install/controller_interface/share/controller_interface/cmake/ament_cmake_export_include_directories-extras.cmake
-- Installing: /home/palinauskas/Documents/fortiss_repo/mujoco-eleanor/ROS2/install/controller_interface/share/controller_interface/cmake/rosidl_cmake_export_typesupport_libraries-extras.cmake
-- Installing: /home/palinauskas/Documents/fortiss_repo/mujoco-eleanor/ROS2/install/controller_interface/share/controller_interface/cmake/rosidl_cmake_export_typesupport_targets-extras.cmake
-- Installing: /home/palinauskas/Documents/fortiss_repo/mujoco-eleanor/ROS2/install/controller_interface/share/controller_interface/cmake/controller_interfaceConfig.cmake
-- Installing: /home/palinauskas/Documents/fortiss_repo/mujoco-eleanor/ROS2/install/controller_interface/share/controller_interface/cmake/controller_interfaceConfig-version.cmake
-- Installing: /home/palinauskas/Documents/fortiss_repo/mujoco-eleanor/ROS2/install/controller_interface/share/controller_interface/package.xml
