[0.011s] Invoking command in '/home/palinauskas/Documents/fortiss_repo/mujoco-eleanor/ROS2/build/controller_interface': CMAKE_PREFIX_PATH=/opt/ros/galactic /usr/bin/cmake /home/palinauskas/Documents/fortiss_repo/mujoco-eleanor/ROS2/src/controller_interface -DCMAKE_INSTALL_PREFIX=/home/palinauskas/Documents/fortiss_repo/mujoco-eleanor/ROS2/install/controller_interface
[0.117s] -- The C compiler identification is GNU 9.4.0
[0.194s] -- The CXX compiler identification is GNU 9.4.0
[0.200s] -- Check for working C compiler: /usr/bin/cc
[0.263s] -- Check for working C compiler: /usr/bin/cc -- works
[0.264s] -- Detecting C compiler ABI info
[0.327s] -- Detecting C compiler ABI info - done
[0.334s] -- Detecting C compile features
[0.335s] -- Detecting C compile features - done
[0.337s] -- Check for working CXX compiler: /usr/bin/c++
[0.405s] -- Check for working CXX compiler: /usr/bin/c++ -- works
[0.405s] -- Detecting CXX compiler ABI info
[0.475s] -- Detecting CXX compiler ABI info - done
[0.484s] -- Detecting CXX compile features
[0.484s] -- Detecting CXX compile features - done
[0.489s] -- Found ament_cmake: 1.1.6 (/opt/ros/galactic/share/ament_cmake/cmake)
[0.514s] -- Found PythonInterp: /usr/bin/python3 (found suitable version "3.8.10", minimum required is "3") 
[0.514s] -- Using PYTHON_EXECUTABLE: /usr/bin/python3
[0.603s] -- Found rosidl_default_generators: 1.1.1 (/opt/ros/galactic/share/rosidl_default_generators/cmake)
[0.607s] -- Using all available rosidl_typesupport_c: rosidl_typesupport_fastrtps_c;rosidl_typesupport_introspection_c
[0.613s] -- Found rosidl_adapter: 2.2.3 (/opt/ros/galactic/share/rosidl_adapter/cmake)
[0.705s] -- Found OpenSSL: /usr/lib/x86_64-linux-gnu/libcrypto.so (found version "1.1.1f")  
[0.728s] -- Found FastRTPS: /opt/ros/galactic/include  
[0.796s] -- Using all available rosidl_typesupport_cpp: rosidl_typesupport_fastrtps_cpp;rosidl_typesupport_introspection_cpp
[0.838s] -- Found PythonInterp: /usr/bin/python3 (found version "3.8.10") 
[1.019s] -- Found ament_cmake_ros: 0.9.2 (/opt/ros/galactic/share/ament_cmake_ros/cmake)
[1.119s] -- Using all available rosidl_typesupport_c: rosidl_typesupport_fastrtps_c;rosidl_typesupport_introspection_c
[1.138s] -- Using all available rosidl_typesupport_cpp: rosidl_typesupport_fastrtps_cpp;rosidl_typesupport_introspection_cpp
[1.159s] -- Found PythonInterp: /usr/bin/python3 (found suitable version "3.8.10", minimum required is "3.5") 
[1.160s] -- Found python_cmake_module: 0.8.1 (/opt/ros/galactic/share/python_cmake_module/cmake)
[1.182s] -- Found PythonLibs: /usr/lib/x86_64-linux-gnu/libpython3.8.so (found suitable version "3.8.10", minimum required is "3.5") 
[1.183s] -- Using PYTHON_EXECUTABLE: /usr/bin/python3
[1.183s] -- Using PYTHON_INCLUDE_DIRS: /usr/include/python3.8
[1.183s] -- Using PYTHON_LIBRARIES: /usr/lib/x86_64-linux-gnu/libpython3.8.so
[1.204s] -- Found PythonExtra: .so  
[1.245s] -- Found ament_lint_auto: 0.10.7 (/opt/ros/galactic/share/ament_lint_auto/cmake)
[1.260s] -- Added test 'copyright' to check source files copyright and LICENSE
[1.262s] -- Added test 'lint_cmake' to check CMake code style
[1.262s] -- Added test 'xmllint' to check XML markup files
[1.267s] -- Configuring done
[1.321s] -- Generating done
[1.325s] -- Build files have been written to: /home/palinauskas/Documents/fortiss_repo/mujoco-eleanor/ROS2/build/controller_interface
[1.336s] Invoked command in '/home/palinauskas/Documents/fortiss_repo/mujoco-eleanor/ROS2/build/controller_interface' returned '0': CMAKE_PREFIX_PATH=/opt/ros/galactic /usr/bin/cmake /home/palinauskas/Documents/fortiss_repo/mujoco-eleanor/ROS2/src/controller_interface -DCMAKE_INSTALL_PREFIX=/home/palinauskas/Documents/fortiss_repo/mujoco-eleanor/ROS2/install/controller_interface
[1.338s] Invoking command in '/home/palinauskas/Documents/fortiss_repo/mujoco-eleanor/ROS2/build/controller_interface': CMAKE_PREFIX_PATH=/opt/ros/galactic /usr/bin/cmake --build /home/palinauskas/Documents/fortiss_repo/mujoco-eleanor/ROS2/build/controller_interface -- -j8 -l8
[1.391s] [  1%] [34m[1mGenerating C code for ROS interfaces[0m
[1.392s] [35m[1mScanning dependencies of target controller_interface__cpp[0m
[1.404s] [  3%] [34m[1mGenerating C++ code for ROS interfaces[0m
[2.711s] [35m[1mScanning dependencies of target controller_interface__rosidl_generator_c[0m
[2.737s] [  3%] Built target controller_interface__cpp
[2.741s] [  5%] [32mBuilding C object CMakeFiles/controller_interface__rosidl_generator_c.dir/rosidl_generator_c/controller_interface/action/detail/desired_pose_name__functions.c.o[0m
[2.750s] [  7%] [32mBuilding C object CMakeFiles/controller_interface__rosidl_generator_c.dir/rosidl_generator_c/controller_interface/action/detail/saccades__functions.c.o[0m
[2.751s] [  9%] [32mBuilding C object CMakeFiles/controller_interface__rosidl_generator_c.dir/rosidl_generator_c/controller_interface/action/detail/desired_pose__functions.c.o[0m
[2.754s] [ 10%] [34m[1mGenerating C++ introspection for ROS interfaces[0m
[2.764s] [ 12%] [32mBuilding C object CMakeFiles/controller_interface__rosidl_generator_c.dir/rosidl_generator_c/controller_interface/action/detail/saccades2__functions.c.o[0m
[2.765s] [ 14%] [34m[1mGenerating C++ type support for eProsima Fast-RTPS[0m
[2.769s] [ 16%] [34m[1mGenerating C++ type support dispatch for ROS interfaces[0m
[2.915s] [ 18%] [32m[1mLinking C shared library libcontroller_interface__rosidl_generator_c.so[0m
[2.971s] [ 18%] Built target controller_interface__rosidl_generator_c
[2.990s] [ 20%] [34m[1mGenerating C introspection for ROS interfaces[0m
[2.997s] [ 21%] [34m[1mGenerating C type support dispatch for ROS interfaces[0m
[3.374s] [35m[1mScanning dependencies of target controller_interface__rosidl_typesupport_cpp[0m
[3.412s] [ 23%] [32mBuilding CXX object CMakeFiles/controller_interface__rosidl_typesupport_cpp.dir/rosidl_typesupport_cpp/controller_interface/action/desired_pose_name__type_support.cpp.o[0m
[3.437s] [ 25%] [32mBuilding CXX object CMakeFiles/controller_interface__rosidl_typesupport_cpp.dir/rosidl_typesupport_cpp/controller_interface/action/desired_pose__type_support.cpp.o[0m
[3.439s] [ 27%] [32mBuilding CXX object CMakeFiles/controller_interface__rosidl_typesupport_cpp.dir/rosidl_typesupport_cpp/controller_interface/action/saccades__type_support.cpp.o[0m
[3.457s] [ 29%] [32mBuilding CXX object CMakeFiles/controller_interface__rosidl_typesupport_cpp.dir/rosidl_typesupport_cpp/controller_interface/action/saccades2__type_support.cpp.o[0m
[3.694s] [35m[1mScanning dependencies of target controller_interface__rosidl_typesupport_c[0m
[3.817s] [ 30%] [32mBuilding CXX object CMakeFiles/controller_interface__rosidl_typesupport_c.dir/rosidl_typesupport_c/controller_interface/action/desired_pose_name__type_support.cpp.o[0m
[3.994s] [ 32%] [32mBuilding CXX object CMakeFiles/controller_interface__rosidl_typesupport_c.dir/rosidl_typesupport_c/controller_interface/action/desired_pose__type_support.cpp.o[0m
[4.012s] [35m[1mScanning dependencies of target controller_interface__rosidl_typesupport_introspection_cpp[0m
[4.058s] [ 34%] [32mBuilding CXX object CMakeFiles/controller_interface__rosidl_typesupport_introspection_cpp.dir/rosidl_typesupport_introspection_cpp/controller_interface/action/detail/desired_pose_name__type_support.cpp.o[0m
[4.102s] [ 36%] [32mBuilding CXX object CMakeFiles/controller_interface__rosidl_typesupport_introspection_cpp.dir/rosidl_typesupport_introspection_cpp/controller_interface/action/detail/desired_pose__type_support.cpp.o[0m
[4.104s] [ 38%] [32mBuilding CXX object CMakeFiles/controller_interface__rosidl_typesupport_c.dir/rosidl_typesupport_c/controller_interface/action/saccades__type_support.cpp.o[0m
[4.141s] [ 40%] [32mBuilding CXX object CMakeFiles/controller_interface__rosidl_typesupport_c.dir/rosidl_typesupport_c/controller_interface/action/saccades2__type_support.cpp.o[0m
[4.150s] [35m[1mScanning dependencies of target controller_interface__rosidl_typesupport_introspection_c[0m
[4.159s] [ 41%] [32mBuilding CXX object CMakeFiles/controller_interface__rosidl_typesupport_introspection_cpp.dir/rosidl_typesupport_introspection_cpp/controller_interface/action/detail/saccades__type_support.cpp.o[0m
[4.183s] [ 43%] [32m[1mLinking CXX shared library libcontroller_interface__rosidl_typesupport_cpp.so[0m
[4.218s] [ 45%] [32mBuilding CXX object CMakeFiles/controller_interface__rosidl_typesupport_introspection_cpp.dir/rosidl_typesupport_introspection_cpp/controller_interface/action/detail/saccades2__type_support.cpp.o[0m
[4.224s] [ 47%] [32mBuilding C object CMakeFiles/controller_interface__rosidl_typesupport_introspection_c.dir/rosidl_typesupport_introspection_c/controller_interface/action/detail/desired_pose_name__type_support.c.o[0m
[4.315s] [ 49%] [32m[1mLinking CXX shared library libcontroller_interface__rosidl_typesupport_c.so[0m
[4.316s] [35m[1mScanning dependencies of target controller_interface__rosidl_typesupport_fastrtps_cpp[0m
[4.349s] [ 49%] Built target controller_interface__rosidl_typesupport_cpp
[4.400s] [ 50%] [32mBuilding C object CMakeFiles/controller_interface__rosidl_typesupport_introspection_c.dir/rosidl_typesupport_introspection_c/controller_interface/action/detail/saccades__type_support.c.o[0m
[4.406s] [ 52%] [32mBuilding C object CMakeFiles/controller_interface__rosidl_typesupport_introspection_c.dir/rosidl_typesupport_introspection_c/controller_interface/action/detail/desired_pose__type_support.c.o[0m
[4.442s] [ 52%] Built target controller_interface__rosidl_typesupport_c
[4.459s] [ 54%] [32mBuilding CXX object CMakeFiles/controller_interface__rosidl_typesupport_fastrtps_cpp.dir/rosidl_typesupport_fastrtps_cpp/controller_interface/action/detail/dds_fastrtps/desired_pose__type_support.cpp.o[0m
[4.483s] [ 56%] [32mBuilding CXX object CMakeFiles/controller_interface__rosidl_typesupport_fastrtps_cpp.dir/rosidl_typesupport_fastrtps_cpp/controller_interface/action/detail/dds_fastrtps/desired_pose_name__type_support.cpp.o[0m
[4.550s] [ 58%] [32mBuilding C object CMakeFiles/controller_interface__rosidl_typesupport_introspection_c.dir/rosidl_typesupport_introspection_c/controller_interface/action/detail/saccades2__type_support.c.o[0m
[4.590s] [ 60%] [32mBuilding CXX object CMakeFiles/controller_interface__rosidl_typesupport_fastrtps_cpp.dir/rosidl_typesupport_fastrtps_cpp/controller_interface/action/detail/dds_fastrtps/saccades__type_support.cpp.o[0m
[4.649s] [ 61%] [32mBuilding CXX object CMakeFiles/controller_interface__rosidl_typesupport_fastrtps_cpp.dir/rosidl_typesupport_fastrtps_cpp/controller_interface/action/detail/dds_fastrtps/saccades2__type_support.cpp.o[0m
[4.653s] [ 63%] [32m[1mLinking C shared library libcontroller_interface__rosidl_typesupport_introspection_c.so[0m
[4.759s] [ 65%] [32m[1mLinking CXX shared library libcontroller_interface__rosidl_typesupport_introspection_cpp.so[0m
[4.774s] [ 65%] Built target controller_interface__rosidl_typesupport_introspection_c
[4.941s] [ 65%] Built target controller_interface__rosidl_typesupport_introspection_cpp
[5.229s] [ 67%] [32m[1mLinking CXX shared library libcontroller_interface__rosidl_typesupport_fastrtps_cpp.so[0m
[5.301s] [ 67%] Built target controller_interface__rosidl_typesupport_fastrtps_cpp
[5.314s] [ 69%] [34m[1mGenerating C type support for eProsima Fast-RTPS[0m
[5.938s] [35m[1mScanning dependencies of target controller_interface__rosidl_typesupport_fastrtps_c[0m
[5.960s] [ 70%] [32mBuilding CXX object CMakeFiles/controller_interface__rosidl_typesupport_fastrtps_c.dir/rosidl_typesupport_fastrtps_c/controller_interface/action/detail/desired_pose_name__type_support_c.cpp.o[0m
[5.961s] [ 72%] [32mBuilding CXX object CMakeFiles/controller_interface__rosidl_typesupport_fastrtps_c.dir/rosidl_typesupport_fastrtps_c/controller_interface/action/detail/desired_pose__type_support_c.cpp.o[0m
[5.963s] [ 76%] [32mBuilding CXX object CMakeFiles/controller_interface__rosidl_typesupport_fastrtps_c.dir/rosidl_typesupport_fastrtps_c/controller_interface/action/detail/saccades__type_support_c.cpp.o[0m
[5.963s] [ 76%] [32mBuilding CXX object CMakeFiles/controller_interface__rosidl_typesupport_fastrtps_c.dir/rosidl_typesupport_fastrtps_c/controller_interface/action/detail/saccades2__type_support_c.cpp.o[0m
[6.270s] [ 78%] [32m[1mLinking CXX shared library libcontroller_interface__rosidl_typesupport_fastrtps_c.so[0m
[6.340s] [ 78%] Built target controller_interface__rosidl_typesupport_fastrtps_c
[6.351s] [35m[1mScanning dependencies of target controller_interface[0m
[6.362s] [ 78%] Built target controller_interface
[6.372s] [35m[1mScanning dependencies of target controller_interface__py[0m
[6.383s] [ 80%] [34m[1mGenerating Python code for ROS interfaces[0m
[7.893s] [ 80%] Built target controller_interface__py
[7.904s] [35m[1mScanning dependencies of target controller_interface__python[0m
[7.927s] [ 81%] [32mBuilding C object CMakeFiles/controller_interface__python.dir/rosidl_generator_py/controller_interface/action/_desired_pose_s.c.o[0m
[7.929s] [ 85%] [32mBuilding C object CMakeFiles/controller_interface__python.dir/rosidl_generator_py/controller_interface/action/_desired_pose_name_s.c.o[0m
[7.929s] [ 85%] [32mBuilding C object CMakeFiles/controller_interface__python.dir/rosidl_generator_py/controller_interface/action/_saccades2_s.c.o[0m
[7.929s] [ 87%] [32mBuilding C object CMakeFiles/controller_interface__python.dir/rosidl_generator_py/controller_interface/action/_saccades_s.c.o[0m
[8.060s] [ 89%] [32m[1mLinking C shared library rosidl_generator_py/controller_interface/libcontroller_interface__python.so[0m
[8.100s] [ 89%] Built target controller_interface__python
[8.111s] [35m[1mScanning dependencies of target controller_interface__rosidl_typesupport_introspection_c__pyext[0m
[8.111s] [35m[1mScanning dependencies of target controller_interface__rosidl_typesupport_c__pyext[0m
[8.112s] [35m[1mScanning dependencies of target controller_interface__rosidl_typesupport_fastrtps_c__pyext[0m
[8.131s] [ 90%] [32mBuilding C object CMakeFiles/controller_interface__rosidl_typesupport_introspection_c__pyext.dir/rosidl_generator_py/controller_interface/_controller_interface_s.ep.rosidl_typesupport_introspection_c.c.o[0m
[8.132s] [ 92%] [32mBuilding C object CMakeFiles/controller_interface__rosidl_typesupport_fastrtps_c__pyext.dir/rosidl_generator_py/controller_interface/_controller_interface_s.ep.rosidl_typesupport_fastrtps_c.c.o[0m
[8.134s] [ 94%] [32mBuilding C object CMakeFiles/controller_interface__rosidl_typesupport_c__pyext.dir/rosidl_generator_py/controller_interface/_controller_interface_s.ep.rosidl_typesupport_c.c.o[0m
[8.264s] [ 98%] [32m[1mLinking CXX shared library rosidl_generator_py/controller_interface/controller_interface_s__rosidl_typesupport_fastrtps_c.cpython-38-x86_64-linux-gnu.so[0m
[8.264s] [ 98%] [32m[1mLinking C shared library rosidl_generator_py/controller_interface/controller_interface_s__rosidl_typesupport_c.cpython-38-x86_64-linux-gnu.so[0m
[8.272s] [100%] [32m[1mLinking C shared library rosidl_generator_py/controller_interface/controller_interface_s__rosidl_typesupport_introspection_c.cpython-38-x86_64-linux-gnu.so[0m
[8.302s] [100%] Built target controller_interface__rosidl_typesupport_c__pyext
[8.311s] [100%] Built target controller_interface__rosidl_typesupport_introspection_c__pyext
[8.324s] [100%] Built target controller_interface__rosidl_typesupport_fastrtps_c__pyext
[8.337s] Invoked command in '/home/palinauskas/Documents/fortiss_repo/mujoco-eleanor/ROS2/build/controller_interface' returned '0': CMAKE_PREFIX_PATH=/opt/ros/galactic /usr/bin/cmake --build /home/palinauskas/Documents/fortiss_repo/mujoco-eleanor/ROS2/build/controller_interface -- -j8 -l8
[8.437s] Invoking command in '/home/palinauskas/Documents/fortiss_repo/mujoco-eleanor/ROS2/build/controller_interface': CMAKE_PREFIX_PATH=/opt/ros/galactic /usr/bin/cmake --install /home/palinauskas/Documents/fortiss_repo/mujoco-eleanor/ROS2/build/controller_interface
[8.447s] -- Install configuration: ""
[8.447s] -- Installing: /home/palinauskas/Documents/fortiss_repo/mujoco-eleanor/ROS2/install/controller_interface/share/ament_index/resource_index/rosidl_interfaces/controller_interface
[8.448s] -- Installing: /home/palinauskas/Documents/fortiss_repo/mujoco-eleanor/ROS2/install/controller_interface/include/controller_interface
[8.448s] -- Installing: /home/palinauskas/Documents/fortiss_repo/mujoco-eleanor/ROS2/install/controller_interface/include/controller_interface/msg
[8.448s] -- Installing: /home/palinauskas/Documents/fortiss_repo/mujoco-eleanor/ROS2/install/controller_interface/include/controller_interface/msg/rosidl_generator_c__visibility_control.h
[8.448s] -- Installing: /home/palinauskas/Documents/fortiss_repo/mujoco-eleanor/ROS2/install/controller_interface/include/controller_interface/action
[8.448s] -- Installing: /home/palinauskas/Documents/fortiss_repo/mujoco-eleanor/ROS2/install/controller_interface/include/controller_interface/action/saccades.h
[8.448s] -- Installing: /home/palinauskas/Documents/fortiss_repo/mujoco-eleanor/ROS2/install/controller_interface/include/controller_interface/action/desired_pose.h
[8.448s] -- Installing: /home/palinauskas/Documents/fortiss_repo/mujoco-eleanor/ROS2/install/controller_interface/include/controller_interface/action/desired_pose_name.h
[8.448s] -- Installing: /home/palinauskas/Documents/fortiss_repo/mujoco-eleanor/ROS2/install/controller_interface/include/controller_interface/action/detail
[8.448s] -- Installing: /home/palinauskas/Documents/fortiss_repo/mujoco-eleanor/ROS2/install/controller_interface/include/controller_interface/action/detail/desired_pose_name__type_support.h
[8.448s] -- Installing: /home/palinauskas/Documents/fortiss_repo/mujoco-eleanor/ROS2/install/controller_interface/include/controller_interface/action/detail/desired_pose_name__functions.c
[8.448s] -- Installing: /home/palinauskas/Documents/fortiss_repo/mujoco-eleanor/ROS2/install/controller_interface/include/controller_interface/action/detail/saccades2__type_support.h
[8.448s] -- Installing: /home/palinauskas/Documents/fortiss_repo/mujoco-eleanor/ROS2/install/controller_interface/include/controller_interface/action/detail/saccades__functions.h
[8.449s] -- Installing: /home/palinauskas/Documents/fortiss_repo/mujoco-eleanor/ROS2/install/controller_interface/include/controller_interface/action/detail/saccades2__functions.c
[8.449s] -- Installing: /home/palinauskas/Documents/fortiss_repo/mujoco-eleanor/ROS2/install/controller_interface/include/controller_interface/action/detail/saccades__type_support.h
[8.449s] -- Installing: /home/palinauskas/Documents/fortiss_repo/mujoco-eleanor/ROS2/install/controller_interface/include/controller_interface/action/detail/saccades__struct.h
[8.449s] -- Installing: /home/palinauskas/Documents/fortiss_repo/mujoco-eleanor/ROS2/install/controller_interface/include/controller_interface/action/detail/desired_pose_name__struct.h
[8.449s] -- Installing: /home/palinauskas/Documents/fortiss_repo/mujoco-eleanor/ROS2/install/controller_interface/include/controller_interface/action/detail/desired_pose__functions.h
[8.449s] -- Installing: /home/palinauskas/Documents/fortiss_repo/mujoco-eleanor/ROS2/install/controller_interface/include/controller_interface/action/detail/saccades__functions.c
[8.449s] -- Installing: /home/palinauskas/Documents/fortiss_repo/mujoco-eleanor/ROS2/install/controller_interface/include/controller_interface/action/detail/saccades2__struct.h
[8.449s] -- Installing: /home/palinauskas/Documents/fortiss_repo/mujoco-eleanor/ROS2/install/controller_interface/include/controller_interface/action/detail/desired_pose__struct.h
[8.449s] -- Installing: /home/palinauskas/Documents/fortiss_repo/mujoco-eleanor/ROS2/install/controller_interface/include/controller_interface/action/detail/desired_pose__functions.c
[8.450s] -- Installing: /home/palinauskas/Documents/fortiss_repo/mujoco-eleanor/ROS2/install/controller_interface/include/controller_interface/action/detail/saccades2__functions.h
[8.450s] -- Installing: /home/palinauskas/Documents/fortiss_repo/mujoco-eleanor/ROS2/install/controller_interface/include/controller_interface/action/detail/desired_pose_name__functions.h
[8.450s] -- Installing: /home/palinauskas/Documents/fortiss_repo/mujoco-eleanor/ROS2/install/controller_interface/include/controller_interface/action/detail/desired_pose__type_support.h
[8.450s] -- Installing: /home/palinauskas/Documents/fortiss_repo/mujoco-eleanor/ROS2/install/controller_interface/include/controller_interface/action/saccades2.h
[8.450s] -- Installing: /home/palinauskas/Documents/fortiss_repo/mujoco-eleanor/ROS2/install/controller_interface/share/controller_interface/environment/library_path.sh
[8.450s] -- Installing: /home/palinauskas/Documents/fortiss_repo/mujoco-eleanor/ROS2/install/controller_interface/share/controller_interface/environment/library_path.dsv
[8.450s] -- Installing: /home/palinauskas/Documents/fortiss_repo/mujoco-eleanor/ROS2/install/controller_interface/lib/libcontroller_interface__rosidl_generator_c.so
[8.451s] -- Set runtime path of "/home/palinauskas/Documents/fortiss_repo/mujoco-eleanor/ROS2/install/controller_interface/lib/libcontroller_interface__rosidl_generator_c.so" to ""
[8.451s] -- Up-to-date: /home/palinauskas/Documents/fortiss_repo/mujoco-eleanor/ROS2/install/controller_interface/include/controller_interface
[8.451s] -- Up-to-date: /home/palinauskas/Documents/fortiss_repo/mujoco-eleanor/ROS2/install/controller_interface/include/controller_interface/msg
[8.451s] -- Installing: /home/palinauskas/Documents/fortiss_repo/mujoco-eleanor/ROS2/install/controller_interface/include/controller_interface/msg/rosidl_typesupport_fastrtps_c__visibility_control.h
[8.451s] -- Up-to-date: /home/palinauskas/Documents/fortiss_repo/mujoco-eleanor/ROS2/install/controller_interface/include/controller_interface/action
[8.451s] -- Up-to-date: /home/palinauskas/Documents/fortiss_repo/mujoco-eleanor/ROS2/install/controller_interface/include/controller_interface/action/detail
[8.451s] -- Installing: /home/palinauskas/Documents/fortiss_repo/mujoco-eleanor/ROS2/install/controller_interface/include/controller_interface/action/detail/saccades__rosidl_typesupport_fastrtps_c.h
[8.451s] -- Installing: /home/palinauskas/Documents/fortiss_repo/mujoco-eleanor/ROS2/install/controller_interface/include/controller_interface/action/detail/saccades2__rosidl_typesupport_fastrtps_c.h
[8.451s] -- Installing: /home/palinauskas/Documents/fortiss_repo/mujoco-eleanor/ROS2/install/controller_interface/include/controller_interface/action/detail/desired_pose__rosidl_typesupport_fastrtps_c.h
[8.451s] -- Installing: /home/palinauskas/Documents/fortiss_repo/mujoco-eleanor/ROS2/install/controller_interface/include/controller_interface/action/detail/desired_pose_name__rosidl_typesupport_fastrtps_c.h
[8.451s] -- Installing: /home/palinauskas/Documents/fortiss_repo/mujoco-eleanor/ROS2/install/controller_interface/lib/libcontroller_interface__rosidl_typesupport_fastrtps_c.so
[8.452s] -- Set runtime path of "/home/palinauskas/Documents/fortiss_repo/mujoco-eleanor/ROS2/install/controller_interface/lib/libcontroller_interface__rosidl_typesupport_fastrtps_c.so" to ""
[8.452s] -- Up-to-date: /home/palinauskas/Documents/fortiss_repo/mujoco-eleanor/ROS2/install/controller_interface/include/controller_interface
[8.452s] -- Up-to-date: /home/palinauskas/Documents/fortiss_repo/mujoco-eleanor/ROS2/install/controller_interface/include/controller_interface/msg
[8.452s] -- Installing: /home/palinauskas/Documents/fortiss_repo/mujoco-eleanor/ROS2/install/controller_interface/include/controller_interface/msg/rosidl_typesupport_fastrtps_cpp__visibility_control.h
[8.452s] -- Up-to-date: /home/palinauskas/Documents/fortiss_repo/mujoco-eleanor/ROS2/install/controller_interface/include/controller_interface/action
[8.452s] -- Up-to-date: /home/palinauskas/Documents/fortiss_repo/mujoco-eleanor/ROS2/install/controller_interface/include/controller_interface/action/detail
[8.452s] -- Installing: /home/palinauskas/Documents/fortiss_repo/mujoco-eleanor/ROS2/install/controller_interface/include/controller_interface/action/detail/desired_pose_name__rosidl_typesupport_fastrtps_cpp.hpp
[8.452s] -- Installing: /home/palinauskas/Documents/fortiss_repo/mujoco-eleanor/ROS2/install/controller_interface/include/controller_interface/action/detail/desired_pose__rosidl_typesupport_fastrtps_cpp.hpp
[8.452s] -- Installing: /home/palinauskas/Documents/fortiss_repo/mujoco-eleanor/ROS2/install/controller_interface/include/controller_interface/action/detail/saccades__rosidl_typesupport_fastrtps_cpp.hpp
[8.452s] -- Installing: /home/palinauskas/Documents/fortiss_repo/mujoco-eleanor/ROS2/install/controller_interface/include/controller_interface/action/detail/saccades2__rosidl_typesupport_fastrtps_cpp.hpp
[8.452s] -- Installing: /home/palinauskas/Documents/fortiss_repo/mujoco-eleanor/ROS2/install/controller_interface/include/controller_interface/action/detail/dds_fastrtps
[8.453s] -- Installing: /home/palinauskas/Documents/fortiss_repo/mujoco-eleanor/ROS2/install/controller_interface/lib/libcontroller_interface__rosidl_typesupport_fastrtps_cpp.so
[8.453s] -- Set runtime path of "/home/palinauskas/Documents/fortiss_repo/mujoco-eleanor/ROS2/install/controller_interface/lib/libcontroller_interface__rosidl_typesupport_fastrtps_cpp.so" to ""
[8.453s] -- Up-to-date: /home/palinauskas/Documents/fortiss_repo/mujoco-eleanor/ROS2/install/controller_interface/include/controller_interface
[8.453s] -- Up-to-date: /home/palinauskas/Documents/fortiss_repo/mujoco-eleanor/ROS2/install/controller_interface/include/controller_interface/msg
[8.453s] -- Installing: /home/palinauskas/Documents/fortiss_repo/mujoco-eleanor/ROS2/install/controller_interface/include/controller_interface/msg/rosidl_typesupport_introspection_c__visibility_control.h
[8.453s] -- Up-to-date: /home/palinauskas/Documents/fortiss_repo/mujoco-eleanor/ROS2/install/controller_interface/include/controller_interface/action
[8.453s] -- Up-to-date: /home/palinauskas/Documents/fortiss_repo/mujoco-eleanor/ROS2/install/controller_interface/include/controller_interface/action/detail
[8.453s] -- Installing: /home/palinauskas/Documents/fortiss_repo/mujoco-eleanor/ROS2/install/controller_interface/include/controller_interface/action/detail/desired_pose_name__rosidl_typesupport_introspection_c.h
[8.453s] -- Installing: /home/palinauskas/Documents/fortiss_repo/mujoco-eleanor/ROS2/install/controller_interface/include/controller_interface/action/detail/saccades__rosidl_typesupport_introspection_c.h
[8.453s] -- Installing: /home/palinauskas/Documents/fortiss_repo/mujoco-eleanor/ROS2/install/controller_interface/include/controller_interface/action/detail/saccades2__rosidl_typesupport_introspection_c.h
[8.454s] -- Installing: /home/palinauskas/Documents/fortiss_repo/mujoco-eleanor/ROS2/install/controller_interface/include/controller_interface/action/detail/desired_pose__rosidl_typesupport_introspection_c.h
[8.454s] -- Installing: /home/palinauskas/Documents/fortiss_repo/mujoco-eleanor/ROS2/install/controller_interface/include/controller_interface/action/detail/desired_pose_name__type_support.c
[8.454s] -- Installing: /home/palinauskas/Documents/fortiss_repo/mujoco-eleanor/ROS2/install/controller_interface/include/controller_interface/action/detail/desired_pose__type_support.c
[8.454s] -- Installing: /home/palinauskas/Documents/fortiss_repo/mujoco-eleanor/ROS2/install/controller_interface/include/controller_interface/action/detail/saccades2__type_support.c
[8.454s] -- Installing: /home/palinauskas/Documents/fortiss_repo/mujoco-eleanor/ROS2/install/controller_interface/include/controller_interface/action/detail/saccades__type_support.c
[8.454s] -- Installing: /home/palinauskas/Documents/fortiss_repo/mujoco-eleanor/ROS2/install/controller_interface/lib/libcontroller_interface__rosidl_typesupport_introspection_c.so
[8.455s] -- Set runtime path of "/home/palinauskas/Documents/fortiss_repo/mujoco-eleanor/ROS2/install/controller_interface/lib/libcontroller_interface__rosidl_typesupport_introspection_c.so" to ""
[8.455s] -- Installing: /home/palinauskas/Documents/fortiss_repo/mujoco-eleanor/ROS2/install/controller_interface/lib/libcontroller_interface__rosidl_typesupport_c.so
[8.455s] -- Set runtime path of "/home/palinauskas/Documents/fortiss_repo/mujoco-eleanor/ROS2/install/controller_interface/lib/libcontroller_interface__rosidl_typesupport_c.so" to ""
[8.455s] -- Up-to-date: /home/palinauskas/Documents/fortiss_repo/mujoco-eleanor/ROS2/install/controller_interface/include/controller_interface
[8.455s] -- Up-to-date: /home/palinauskas/Documents/fortiss_repo/mujoco-eleanor/ROS2/install/controller_interface/include/controller_interface/action
[8.455s] -- Up-to-date: /home/palinauskas/Documents/fortiss_repo/mujoco-eleanor/ROS2/install/controller_interface/include/controller_interface/action/detail
[8.455s] -- Installing: /home/palinauskas/Documents/fortiss_repo/mujoco-eleanor/ROS2/install/controller_interface/include/controller_interface/action/detail/desired_pose_name__builder.hpp
[8.455s] -- Installing: /home/palinauskas/Documents/fortiss_repo/mujoco-eleanor/ROS2/install/controller_interface/include/controller_interface/action/detail/saccades__builder.hpp
[8.455s] -- Installing: /home/palinauskas/Documents/fortiss_repo/mujoco-eleanor/ROS2/install/controller_interface/include/controller_interface/action/detail/desired_pose_name__traits.hpp
[8.455s] -- Installing: /home/palinauskas/Documents/fortiss_repo/mujoco-eleanor/ROS2/install/controller_interface/include/controller_interface/action/detail/saccades__struct.hpp
[8.455s] -- Installing: /home/palinauskas/Documents/fortiss_repo/mujoco-eleanor/ROS2/install/controller_interface/include/controller_interface/action/detail/saccades2__struct.hpp
[8.456s] -- Installing: /home/palinauskas/Documents/fortiss_repo/mujoco-eleanor/ROS2/install/controller_interface/include/controller_interface/action/detail/desired_pose_name__struct.hpp
[8.456s] -- Installing: /home/palinauskas/Documents/fortiss_repo/mujoco-eleanor/ROS2/install/controller_interface/include/controller_interface/action/detail/saccades__traits.hpp
[8.456s] -- Installing: /home/palinauskas/Documents/fortiss_repo/mujoco-eleanor/ROS2/install/controller_interface/include/controller_interface/action/detail/desired_pose__struct.hpp
[8.456s] -- Installing: /home/palinauskas/Documents/fortiss_repo/mujoco-eleanor/ROS2/install/controller_interface/include/controller_interface/action/detail/desired_pose__builder.hpp
[8.456s] -- Installing: /home/palinauskas/Documents/fortiss_repo/mujoco-eleanor/ROS2/install/controller_interface/include/controller_interface/action/detail/saccades2__traits.hpp
[8.456s] -- Installing: /home/palinauskas/Documents/fortiss_repo/mujoco-eleanor/ROS2/install/controller_interface/include/controller_interface/action/detail/saccades2__builder.hpp
[8.456s] -- Installing: /home/palinauskas/Documents/fortiss_repo/mujoco-eleanor/ROS2/install/controller_interface/include/controller_interface/action/detail/desired_pose__traits.hpp
[8.456s] -- Installing: /home/palinauskas/Documents/fortiss_repo/mujoco-eleanor/ROS2/install/controller_interface/include/controller_interface/action/desired_pose_name.hpp
[8.456s] -- Installing: /home/palinauskas/Documents/fortiss_repo/mujoco-eleanor/ROS2/install/controller_interface/include/controller_interface/action/saccades.hpp
[8.456s] -- Installing: /home/palinauskas/Documents/fortiss_repo/mujoco-eleanor/ROS2/install/controller_interface/include/controller_interface/action/desired_pose.hpp
[8.457s] -- Installing: /home/palinauskas/Documents/fortiss_repo/mujoco-eleanor/ROS2/install/controller_interface/include/controller_interface/action/saccades2.hpp
[8.457s] -- Up-to-date: /home/palinauskas/Documents/fortiss_repo/mujoco-eleanor/ROS2/install/controller_interface/include/controller_interface
[8.457s] -- Up-to-date: /home/palinauskas/Documents/fortiss_repo/mujoco-eleanor/ROS2/install/controller_interface/include/controller_interface/action
[8.457s] -- Up-to-date: /home/palinauskas/Documents/fortiss_repo/mujoco-eleanor/ROS2/install/controller_interface/include/controller_interface/action/detail
[8.457s] -- Installing: /home/palinauskas/Documents/fortiss_repo/mujoco-eleanor/ROS2/install/controller_interface/include/controller_interface/action/detail/saccades2__rosidl_typesupport_introspection_cpp.hpp
[8.457s] -- Installing: /home/palinauskas/Documents/fortiss_repo/mujoco-eleanor/ROS2/install/controller_interface/include/controller_interface/action/detail/desired_pose_name__type_support.cpp
[8.457s] -- Installing: /home/palinauskas/Documents/fortiss_repo/mujoco-eleanor/ROS2/install/controller_interface/include/controller_interface/action/detail/desired_pose_name__rosidl_typesupport_introspection_cpp.hpp
[8.457s] -- Installing: /home/palinauskas/Documents/fortiss_repo/mujoco-eleanor/ROS2/install/controller_interface/include/controller_interface/action/detail/saccades2__type_support.cpp
[8.457s] -- Installing: /home/palinauskas/Documents/fortiss_repo/mujoco-eleanor/ROS2/install/controller_interface/include/controller_interface/action/detail/saccades__rosidl_typesupport_introspection_cpp.hpp
[8.458s] -- Installing: /home/palinauskas/Documents/fortiss_repo/mujoco-eleanor/ROS2/install/controller_interface/include/controller_interface/action/detail/saccades__type_support.cpp
[8.458s] -- Installing: /home/palinauskas/Documents/fortiss_repo/mujoco-eleanor/ROS2/install/controller_interface/include/controller_interface/action/detail/desired_pose__rosidl_typesupport_introspection_cpp.hpp
[8.458s] -- Installing: /home/palinauskas/Documents/fortiss_repo/mujoco-eleanor/ROS2/install/controller_interface/include/controller_interface/action/detail/desired_pose__type_support.cpp
[8.458s] -- Installing: /home/palinauskas/Documents/fortiss_repo/mujoco-eleanor/ROS2/install/controller_interface/lib/libcontroller_interface__rosidl_typesupport_introspection_cpp.so
[8.459s] -- Set runtime path of "/home/palinauskas/Documents/fortiss_repo/mujoco-eleanor/ROS2/install/controller_interface/lib/libcontroller_interface__rosidl_typesupport_introspection_cpp.so" to ""
[8.459s] -- Installing: /home/palinauskas/Documents/fortiss_repo/mujoco-eleanor/ROS2/install/controller_interface/lib/libcontroller_interface__rosidl_typesupport_cpp.so
[8.459s] -- Set runtime path of "/home/palinauskas/Documents/fortiss_repo/mujoco-eleanor/ROS2/install/controller_interface/lib/libcontroller_interface__rosidl_typesupport_cpp.so" to ""
[8.459s] -- Installing: /home/palinauskas/Documents/fortiss_repo/mujoco-eleanor/ROS2/install/controller_interface/share/controller_interface/environment/pythonpath.sh
[8.459s] -- Installing: /home/palinauskas/Documents/fortiss_repo/mujoco-eleanor/ROS2/install/controller_interface/share/controller_interface/environment/pythonpath.dsv
[8.459s] -- Installing: /home/palinauskas/Documents/fortiss_repo/mujoco-eleanor/ROS2/install/controller_interface/lib/python3.8/site-packages/controller_interface/__init__.py
[8.483s] Compiling '/home/palinauskas/Documents/fortiss_repo/mujoco-eleanor/ROS2/install/controller_interface/lib/python3.8/site-packages/controller_interface/__init__.py'...
[8.486s] -- Installing: /home/palinauskas/Documents/fortiss_repo/mujoco-eleanor/ROS2/install/controller_interface/lib/python3.8/site-packages/controller_interface/action
[8.486s] -- Installing: /home/palinauskas/Documents/fortiss_repo/mujoco-eleanor/ROS2/install/controller_interface/lib/python3.8/site-packages/controller_interface/action/_desired_pose.py
[8.486s] -- Installing: /home/palinauskas/Documents/fortiss_repo/mujoco-eleanor/ROS2/install/controller_interface/lib/python3.8/site-packages/controller_interface/action/_saccades2.py
[8.486s] -- Installing: /home/palinauskas/Documents/fortiss_repo/mujoco-eleanor/ROS2/install/controller_interface/lib/python3.8/site-packages/controller_interface/action/_desired_pose_name_s.c
[8.486s] -- Installing: /home/palinauskas/Documents/fortiss_repo/mujoco-eleanor/ROS2/install/controller_interface/lib/python3.8/site-packages/controller_interface/action/_saccades.py
[8.486s] -- Installing: /home/palinauskas/Documents/fortiss_repo/mujoco-eleanor/ROS2/install/controller_interface/lib/python3.8/site-packages/controller_interface/action/__init__.py
[8.486s] -- Installing: /home/palinauskas/Documents/fortiss_repo/mujoco-eleanor/ROS2/install/controller_interface/lib/python3.8/site-packages/controller_interface/action/_saccades2_s.c
[8.487s] -- Installing: /home/palinauskas/Documents/fortiss_repo/mujoco-eleanor/ROS2/install/controller_interface/lib/python3.8/site-packages/controller_interface/action/_saccades_s.c
[8.487s] -- Installing: /home/palinauskas/Documents/fortiss_repo/mujoco-eleanor/ROS2/install/controller_interface/lib/python3.8/site-packages/controller_interface/action/_desired_pose_name.py
[8.487s] -- Installing: /home/palinauskas/Documents/fortiss_repo/mujoco-eleanor/ROS2/install/controller_interface/lib/python3.8/site-packages/controller_interface/action/_desired_pose_s.c
[8.487s] -- Installing: /home/palinauskas/Documents/fortiss_repo/mujoco-eleanor/ROS2/install/controller_interface/lib/python3.8/site-packages/controller_interface/controller_interface_s__rosidl_typesupport_fastrtps_c.cpython-38-x86_64-linux-gnu.so
[8.488s] -- Set runtime path of "/home/palinauskas/Documents/fortiss_repo/mujoco-eleanor/ROS2/install/controller_interface/lib/python3.8/site-packages/controller_interface/controller_interface_s__rosidl_typesupport_fastrtps_c.cpython-38-x86_64-linux-gnu.so" to ""
[8.488s] -- Installing: /home/palinauskas/Documents/fortiss_repo/mujoco-eleanor/ROS2/install/controller_interface/lib/python3.8/site-packages/controller_interface/controller_interface_s__rosidl_typesupport_introspection_c.cpython-38-x86_64-linux-gnu.so
[8.489s] -- Set runtime path of "/home/palinauskas/Documents/fortiss_repo/mujoco-eleanor/ROS2/install/controller_interface/lib/python3.8/site-packages/controller_interface/controller_interface_s__rosidl_typesupport_introspection_c.cpython-38-x86_64-linux-gnu.so" to ""
[8.489s] -- Installing: /home/palinauskas/Documents/fortiss_repo/mujoco-eleanor/ROS2/install/controller_interface/lib/python3.8/site-packages/controller_interface/controller_interface_s__rosidl_typesupport_c.cpython-38-x86_64-linux-gnu.so
[8.489s] -- Set runtime path of "/home/palinauskas/Documents/fortiss_repo/mujoco-eleanor/ROS2/install/controller_interface/lib/python3.8/site-packages/controller_interface/controller_interface_s__rosidl_typesupport_c.cpython-38-x86_64-linux-gnu.so" to ""
[8.489s] -- Installing: /home/palinauskas/Documents/fortiss_repo/mujoco-eleanor/ROS2/install/controller_interface/lib/libcontroller_interface__python.so
[8.490s] -- Set runtime path of "/home/palinauskas/Documents/fortiss_repo/mujoco-eleanor/ROS2/install/controller_interface/lib/libcontroller_interface__python.so" to ""
[8.490s] -- Installing: /home/palinauskas/Documents/fortiss_repo/mujoco-eleanor/ROS2/install/controller_interface/share/controller_interface/action/DesiredPoseName.idl
[8.490s] -- Installing: /home/palinauskas/Documents/fortiss_repo/mujoco-eleanor/ROS2/install/controller_interface/share/controller_interface/action/DesiredPose.idl
[8.490s] -- Installing: /home/palinauskas/Documents/fortiss_repo/mujoco-eleanor/ROS2/install/controller_interface/share/controller_interface/action/Saccades.idl
[8.490s] -- Installing: /home/palinauskas/Documents/fortiss_repo/mujoco-eleanor/ROS2/install/controller_interface/share/controller_interface/action/Saccades2.idl
[8.490s] -- Installing: /home/palinauskas/Documents/fortiss_repo/mujoco-eleanor/ROS2/install/controller_interface/share/controller_interface/action/DesiredPoseName.action
[8.491s] -- Installing: /home/palinauskas/Documents/fortiss_repo/mujoco-eleanor/ROS2/install/controller_interface/share/controller_interface/action/DesiredPose.action
[8.491s] -- Installing: /home/palinauskas/Documents/fortiss_repo/mujoco-eleanor/ROS2/install/controller_interface/share/controller_interface/action/Saccades.action
[8.491s] -- Installing: /home/palinauskas/Documents/fortiss_repo/mujoco-eleanor/ROS2/install/controller_interface/share/controller_interface/action/Saccades2.action
[8.491s] -- Installing: /home/palinauskas/Documents/fortiss_repo/mujoco-eleanor/ROS2/install/controller_interface/share/ament_index/resource_index/package_run_dependencies/controller_interface
[8.491s] -- Installing: /home/palinauskas/Documents/fortiss_repo/mujoco-eleanor/ROS2/install/controller_interface/share/ament_index/resource_index/parent_prefix_path/controller_interface
[8.491s] -- Installing: /home/palinauskas/Documents/fortiss_repo/mujoco-eleanor/ROS2/install/controller_interface/share/controller_interface/environment/ament_prefix_path.sh
[8.492s] -- Installing: /home/palinauskas/Documents/fortiss_repo/mujoco-eleanor/ROS2/install/controller_interface/share/controller_interface/environment/ament_prefix_path.dsv
[8.492s] -- Installing: /home/palinauskas/Documents/fortiss_repo/mujoco-eleanor/ROS2/install/controller_interface/share/controller_interface/environment/path.sh
[8.492s] -- Installing: /home/palinauskas/Documents/fortiss_repo/mujoco-eleanor/ROS2/install/controller_interface/share/controller_interface/environment/path.dsv
[8.492s] -- Installing: /home/palinauskas/Documents/fortiss_repo/mujoco-eleanor/ROS2/install/controller_interface/share/controller_interface/local_setup.bash
[8.492s] -- Installing: /home/palinauskas/Documents/fortiss_repo/mujoco-eleanor/ROS2/install/controller_interface/share/controller_interface/local_setup.sh
[8.492s] -- Installing: /home/palinauskas/Documents/fortiss_repo/mujoco-eleanor/ROS2/install/controller_interface/share/controller_interface/local_setup.zsh
[8.493s] -- Installing: /home/palinauskas/Documents/fortiss_repo/mujoco-eleanor/ROS2/install/controller_interface/share/controller_interface/local_setup.dsv
[8.493s] -- Installing: /home/palinauskas/Documents/fortiss_repo/mujoco-eleanor/ROS2/install/controller_interface/share/controller_interface/package.dsv
[8.493s] -- Installing: /home/palinauskas/Documents/fortiss_repo/mujoco-eleanor/ROS2/install/controller_interface/share/ament_index/resource_index/packages/controller_interface
[8.493s] -- Installing: /home/palinauskas/Documents/fortiss_repo/mujoco-eleanor/ROS2/install/controller_interface/share/controller_interface/cmake/controller_interface__rosidl_generator_cExport.cmake
[8.493s] -- Installing: /home/palinauskas/Documents/fortiss_repo/mujoco-eleanor/ROS2/install/controller_interface/share/controller_interface/cmake/controller_interface__rosidl_generator_cExport-noconfig.cmake
[8.493s] -- Installing: /home/palinauskas/Documents/fortiss_repo/mujoco-eleanor/ROS2/install/controller_interface/share/controller_interface/cmake/controller_interface__rosidl_typesupport_introspection_cExport.cmake
[8.494s] -- Installing: /home/palinauskas/Documents/fortiss_repo/mujoco-eleanor/ROS2/install/controller_interface/share/controller_interface/cmake/controller_interface__rosidl_typesupport_introspection_cExport-noconfig.cmake
[8.494s] -- Installing: /home/palinauskas/Documents/fortiss_repo/mujoco-eleanor/ROS2/install/controller_interface/share/controller_interface/cmake/controller_interface__rosidl_typesupport_cExport.cmake
[8.494s] -- Installing: /home/palinauskas/Documents/fortiss_repo/mujoco-eleanor/ROS2/install/controller_interface/share/controller_interface/cmake/controller_interface__rosidl_typesupport_cExport-noconfig.cmake
[8.494s] -- Installing: /home/palinauskas/Documents/fortiss_repo/mujoco-eleanor/ROS2/install/controller_interface/share/controller_interface/cmake/controller_interface__rosidl_generator_cppExport.cmake
[8.494s] -- Installing: /home/palinauskas/Documents/fortiss_repo/mujoco-eleanor/ROS2/install/controller_interface/share/controller_interface/cmake/controller_interface__rosidl_typesupport_introspection_cppExport.cmake
[8.494s] -- Installing: /home/palinauskas/Documents/fortiss_repo/mujoco-eleanor/ROS2/install/controller_interface/share/controller_interface/cmake/controller_interface__rosidl_typesupport_introspection_cppExport-noconfig.cmake
[8.495s] -- Installing: /home/palinauskas/Documents/fortiss_repo/mujoco-eleanor/ROS2/install/controller_interface/share/controller_interface/cmake/controller_interface__rosidl_typesupport_cppExport.cmake
[8.495s] -- Installing: /home/palinauskas/Documents/fortiss_repo/mujoco-eleanor/ROS2/install/controller_interface/share/controller_interface/cmake/controller_interface__rosidl_typesupport_cppExport-noconfig.cmake
[8.495s] -- Installing: /home/palinauskas/Documents/fortiss_repo/mujoco-eleanor/ROS2/install/controller_interface/share/controller_interface/cmake/rosidl_cmake-extras.cmake
[8.495s] -- Installing: /home/palinauskas/Documents/fortiss_repo/mujoco-eleanor/ROS2/install/controller_interface/share/controller_interface/cmake/ament_cmake_export_dependencies-extras.cmake
[8.495s] -- Installing: /home/palinauskas/Documents/fortiss_repo/mujoco-eleanor/ROS2/install/controller_interface/share/controller_interface/cmake/ament_cmake_export_libraries-extras.cmake
[8.495s] -- Installing: /home/palinauskas/Documents/fortiss_repo/mujoco-eleanor/ROS2/install/controller_interface/share/controller_interface/cmake/ament_cmake_export_targets-extras.cmake
[8.496s] -- Installing: /home/palinauskas/Documents/fortiss_repo/mujoco-eleanor/ROS2/install/controller_interface/share/controller_interface/cmake/ament_cmake_export_include_directories-extras.cmake
[8.496s] -- Installing: /home/palinauskas/Documents/fortiss_repo/mujoco-eleanor/ROS2/install/controller_interface/share/controller_interface/cmake/rosidl_cmake_export_typesupport_libraries-extras.cmake
[8.496s] -- Installing: /home/palinauskas/Documents/fortiss_repo/mujoco-eleanor/ROS2/install/controller_interface/share/controller_interface/cmake/rosidl_cmake_export_typesupport_targets-extras.cmake
[8.496s] -- Installing: /home/palinauskas/Documents/fortiss_repo/mujoco-eleanor/ROS2/install/controller_interface/share/controller_interface/cmake/controller_interfaceConfig.cmake
[8.496s] -- Installing: /home/palinauskas/Documents/fortiss_repo/mujoco-eleanor/ROS2/install/controller_interface/share/controller_interface/cmake/controller_interfaceConfig-version.cmake
[8.496s] -- Installing: /home/palinauskas/Documents/fortiss_repo/mujoco-eleanor/ROS2/install/controller_interface/share/controller_interface/package.xml
[8.500s] Invoked command in '/home/palinauskas/Documents/fortiss_repo/mujoco-eleanor/ROS2/build/controller_interface' returned '0': CMAKE_PREFIX_PATH=/opt/ros/galactic /usr/bin/cmake --install /home/palinauskas/Documents/fortiss_repo/mujoco-eleanor/ROS2/build/controller_interface
