running egg_info
creating ../../build/mujoco_sim/mujoco_sim.egg-info
writing ../../build/mujoco_sim/mujoco_sim.egg-info/PKG-INFO
writing dependency_links to ../../build/mujoco_sim/mujoco_sim.egg-info/dependency_links.txt
writing entry points to ../../build/mujoco_sim/mujoco_sim.egg-info/entry_points.txt
writing requirements to ../../build/mujoco_sim/mujoco_sim.egg-info/requires.txt
writing top-level names to ../../build/mujoco_sim/mujoco_sim.egg-info/top_level.txt
writing manifest file '../../build/mujoco_sim/mujoco_sim.egg-info/SOURCES.txt'
reading manifest file '../../build/mujoco_sim/mujoco_sim.egg-info/SOURCES.txt'
writing manifest file '../../build/mujoco_sim/mujoco_sim.egg-info/SOURCES.txt'
running build
running build_py
creating /home/palinauskas/Documents/fortiss_repo/mujoco-eleanor/ROS2/build/mujoco_sim/build
creating /home/palinauskas/Documents/fortiss_repo/mujoco-eleanor/ROS2/build/mujoco_sim/build/lib
creating /home/palinauskas/Documents/fortiss_repo/mujoco-eleanor/ROS2/build/mujoco_sim/build/lib/mujoco_sim
copying mujoco_sim/impedance_controller_server.py -> /home/palinauskas/Documents/fortiss_repo/mujoco-eleanor/ROS2/build/mujoco_sim/build/lib/mujoco_sim
copying mujoco_sim/camera_events_publisher.py -> /home/palinauskas/Documents/fortiss_repo/mujoco-eleanor/ROS2/build/mujoco_sim/build/lib/mujoco_sim
copying mujoco_sim/__init__.py -> /home/palinauskas/Documents/fortiss_repo/mujoco-eleanor/ROS2/build/mujoco_sim/build/lib/mujoco_sim
creating /home/palinauskas/Documents/fortiss_repo/mujoco-eleanor/ROS2/build/mujoco_sim/build/lib/mujoco_sim/controllers
copying mujoco_sim/controllers/__init__.py -> /home/palinauskas/Documents/fortiss_repo/mujoco-eleanor/ROS2/build/mujoco_sim/build/lib/mujoco_sim/controllers
copying mujoco_sim/controllers/full_impedance_controller.py -> /home/palinauskas/Documents/fortiss_repo/mujoco-eleanor/ROS2/build/mujoco_sim/build/lib/mujoco_sim/controllers
copying mujoco_sim/controllers/base_controller.py -> /home/palinauskas/Documents/fortiss_repo/mujoco-eleanor/ROS2/build/mujoco_sim/build/lib/mujoco_sim/controllers
creating /home/palinauskas/Documents/fortiss_repo/mujoco-eleanor/ROS2/build/mujoco_sim/build/lib/mujoco_sim/utils
copying mujoco_sim/utils/kinematics.py -> /home/palinauskas/Documents/fortiss_repo/mujoco-eleanor/ROS2/build/mujoco_sim/build/lib/mujoco_sim/utils
copying mujoco_sim/utils/__init__.py -> /home/palinauskas/Documents/fortiss_repo/mujoco-eleanor/ROS2/build/mujoco_sim/build/lib/mujoco_sim/utils
copying mujoco_sim/utils/mujoco_utils.py -> /home/palinauskas/Documents/fortiss_repo/mujoco-eleanor/ROS2/build/mujoco_sim/build/lib/mujoco_sim/utils
copying mujoco_sim/utils/read_cfg.py -> /home/palinauskas/Documents/fortiss_repo/mujoco-eleanor/ROS2/build/mujoco_sim/build/lib/mujoco_sim/utils
copying mujoco_sim/utils/quaternion.py -> /home/palinauskas/Documents/fortiss_repo/mujoco-eleanor/ROS2/build/mujoco_sim/build/lib/mujoco_sim/utils
creating /home/palinauskas/Documents/fortiss_repo/mujoco-eleanor/ROS2/build/mujoco_sim/build/lib/mujoco_sim/mujoco_env
copying mujoco_sim/mujoco_env/im_mujoco_env.py -> /home/palinauskas/Documents/fortiss_repo/mujoco-eleanor/ROS2/build/mujoco_sim/build/lib/mujoco_sim/mujoco_env
copying mujoco_sim/mujoco_env/simple_mujoco_env.py -> /home/palinauskas/Documents/fortiss_repo/mujoco-eleanor/ROS2/build/mujoco_sim/build/lib/mujoco_sim/mujoco_env
copying mujoco_sim/mujoco_env/__init__.py -> /home/palinauskas/Documents/fortiss_repo/mujoco-eleanor/ROS2/build/mujoco_sim/build/lib/mujoco_sim/mujoco_env
creating /home/palinauskas/Documents/fortiss_repo/mujoco-eleanor/ROS2/build/mujoco_sim/build/lib/mujoco_sim/cfg
copying mujoco_sim/cfg/cfg.yaml -> /home/palinauskas/Documents/fortiss_repo/mujoco-eleanor/ROS2/build/mujoco_sim/build/lib/mujoco_sim/cfg
creating /home/palinauskas/Documents/fortiss_repo/mujoco-eleanor/ROS2/build/mujoco_sim/build/lib/mujoco_sim/kuka
creating /home/palinauskas/Documents/fortiss_repo/mujoco-eleanor/ROS2/build/mujoco_sim/build/lib/mujoco_sim/kuka/meshes
copying mujoco_sim/kuka/meshes/hdmi2.stl -> /home/palinauskas/Documents/fortiss_repo/mujoco-eleanor/ROS2/build/mujoco_sim/build/lib/mujoco_sim/kuka/meshes
copying mujoco_sim/kuka/meshes/kuka_link_5.stl -> /home/palinauskas/Documents/fortiss_repo/mujoco-eleanor/ROS2/build/mujoco_sim/build/lib/mujoco_sim/kuka/meshes
copying mujoco_sim/kuka/meshes/hdmi.stl -> /home/palinauskas/Documents/fortiss_repo/mujoco-eleanor/ROS2/build/mujoco_sim/build/lib/mujoco_sim/kuka/meshes
copying mujoco_sim/kuka/meshes/vga2.stl -> /home/palinauskas/Documents/fortiss_repo/mujoco-eleanor/ROS2/build/mujoco_sim/build/lib/mujoco_sim/kuka/meshes
copying mujoco_sim/kuka/meshes/hole21.stl -> /home/palinauskas/Documents/fortiss_repo/mujoco-eleanor/ROS2/build/mujoco_sim/build/lib/mujoco_sim/kuka/meshes
copying mujoco_sim/kuka/meshes/kuka_link_6.stl -> /home/palinauskas/Documents/fortiss_repo/mujoco-eleanor/ROS2/build/mujoco_sim/build/lib/mujoco_sim/kuka/meshes
copying mujoco_sim/kuka/meshes/tool_cylinder1.stl -> /home/palinauskas/Documents/fortiss_repo/mujoco-eleanor/ROS2/build/mujoco_sim/build/lib/mujoco_sim/kuka/meshes
copying mujoco_sim/kuka/meshes/hole.stl -> /home/palinauskas/Documents/fortiss_repo/mujoco-eleanor/ROS2/build/mujoco_sim/build/lib/mujoco_sim/kuka/meshes
copying mujoco_sim/kuka/meshes/tool_cylinder.stl -> /home/palinauskas/Documents/fortiss_repo/mujoco-eleanor/ROS2/build/mujoco_sim/build/lib/mujoco_sim/kuka/meshes
copying mujoco_sim/kuka/meshes/hole24.stl -> /home/palinauskas/Documents/fortiss_repo/mujoco-eleanor/ROS2/build/mujoco_sim/build/lib/mujoco_sim/kuka/meshes
copying mujoco_sim/kuka/meshes/kuka_link_4.stl -> /home/palinauskas/Documents/fortiss_repo/mujoco-eleanor/ROS2/build/mujoco_sim/build/lib/mujoco_sim/kuka/meshes
copying mujoco_sim/kuka/meshes/hole23.stl -> /home/palinauskas/Documents/fortiss_repo/mujoco-eleanor/ROS2/build/mujoco_sim/build/lib/mujoco_sim/kuka/meshes
copying mujoco_sim/kuka/meshes/kuka_link_2.stl -> /home/palinauskas/Documents/fortiss_repo/mujoco-eleanor/ROS2/build/mujoco_sim/build/lib/mujoco_sim/kuka/meshes
copying mujoco_sim/kuka/meshes/cylinder_triangular_hole.stl -> /home/palinauskas/Documents/fortiss_repo/mujoco-eleanor/ROS2/build/mujoco_sim/build/lib/mujoco_sim/kuka/meshes
copying mujoco_sim/kuka/meshes/usb.stl -> /home/palinauskas/Documents/fortiss_repo/mujoco-eleanor/ROS2/build/mujoco_sim/build/lib/mujoco_sim/kuka/meshes
copying mujoco_sim/kuka/meshes/hole22.stl -> /home/palinauskas/Documents/fortiss_repo/mujoco-eleanor/ROS2/build/mujoco_sim/build/lib/mujoco_sim/kuka/meshes
copying mujoco_sim/kuka/meshes/hole20.stl -> /home/palinauskas/Documents/fortiss_repo/mujoco-eleanor/ROS2/build/mujoco_sim/build/lib/mujoco_sim/kuka/meshes
copying mujoco_sim/kuka/meshes/__init__.py -> /home/palinauskas/Documents/fortiss_repo/mujoco-eleanor/ROS2/build/mujoco_sim/build/lib/mujoco_sim/kuka/meshes
copying mujoco_sim/kuka/meshes/table.dae -> /home/palinauskas/Documents/fortiss_repo/mujoco-eleanor/ROS2/build/mujoco_sim/build/lib/mujoco_sim/kuka/meshes
copying mujoco_sim/kuka/meshes/simple_shapes.stl -> /home/palinauskas/Documents/fortiss_repo/mujoco-eleanor/ROS2/build/mujoco_sim/build/lib/mujoco_sim/kuka/meshes
copying mujoco_sim/kuka/meshes/table.stl -> /home/palinauskas/Documents/fortiss_repo/mujoco-eleanor/ROS2/build/mujoco_sim/build/lib/mujoco_sim/kuka/meshes
copying mujoco_sim/kuka/meshes/kuka_link_1.stl -> /home/palinauskas/Documents/fortiss_repo/mujoco-eleanor/ROS2/build/mujoco_sim/build/lib/mujoco_sim/kuka/meshes
copying mujoco_sim/kuka/meshes/kuka_link_7.stl -> /home/palinauskas/Documents/fortiss_repo/mujoco-eleanor/ROS2/build/mujoco_sim/build/lib/mujoco_sim/kuka/meshes
copying mujoco_sim/kuka/meshes/tool_cylinder0.stl -> /home/palinauskas/Documents/fortiss_repo/mujoco-eleanor/ROS2/build/mujoco_sim/build/lib/mujoco_sim/kuka/meshes
copying mujoco_sim/kuka/meshes/vga.stl -> /home/palinauskas/Documents/fortiss_repo/mujoco-eleanor/ROS2/build/mujoco_sim/build/lib/mujoco_sim/kuka/meshes
copying mujoco_sim/kuka/meshes/hole3.stl -> /home/palinauskas/Documents/fortiss_repo/mujoco-eleanor/ROS2/build/mujoco_sim/build/lib/mujoco_sim/kuka/meshes
copying mujoco_sim/kuka/meshes/hole2.stl -> /home/palinauskas/Documents/fortiss_repo/mujoco-eleanor/ROS2/build/mujoco_sim/build/lib/mujoco_sim/kuka/meshes
copying mujoco_sim/kuka/meshes/kuka_link_3.stl -> /home/palinauskas/Documents/fortiss_repo/mujoco-eleanor/ROS2/build/mujoco_sim/build/lib/mujoco_sim/kuka/meshes
copying mujoco_sim/kuka/meshes/simple_shapes1ascii.stl -> /home/palinauskas/Documents/fortiss_repo/mujoco-eleanor/ROS2/build/mujoco_sim/build/lib/mujoco_sim/kuka/meshes
copying mujoco_sim/kuka/meshes/usb2.stl -> /home/palinauskas/Documents/fortiss_repo/mujoco-eleanor/ROS2/build/mujoco_sim/build/lib/mujoco_sim/kuka/meshes
copying mujoco_sim/kuka/meshes/ethernet.stl -> /home/palinauskas/Documents/fortiss_repo/mujoco-eleanor/ROS2/build/mujoco_sim/build/lib/mujoco_sim/kuka/meshes
copying mujoco_sim/kuka/meshes/industrial_sockets.stl -> /home/palinauskas/Documents/fortiss_repo/mujoco-eleanor/ROS2/build/mujoco_sim/build/lib/mujoco_sim/kuka/meshes
copying mujoco_sim/kuka/meshes/kuka_link_0.stl -> /home/palinauskas/Documents/fortiss_repo/mujoco-eleanor/ROS2/build/mujoco_sim/build/lib/mujoco_sim/kuka/meshes
copying mujoco_sim/kuka/meshes/ethernet2.stl -> /home/palinauskas/Documents/fortiss_repo/mujoco-eleanor/ROS2/build/mujoco_sim/build/lib/mujoco_sim/kuka/meshes
copying mujoco_sim/kuka/full_kuka_INRC3_mounted_camera.xml -> /home/palinauskas/Documents/fortiss_repo/mujoco-eleanor/ROS2/build/mujoco_sim/build/lib/mujoco_sim/kuka
copying mujoco_sim/kuka/full_kuka_INRC3_mounted_camera_ethernet.xml -> /home/palinauskas/Documents/fortiss_repo/mujoco-eleanor/ROS2/build/mujoco_sim/build/lib/mujoco_sim/kuka
copying mujoco_sim/kuka/full_kuka_INRC3_mounted_camera_hole.xml -> /home/palinauskas/Documents/fortiss_repo/mujoco-eleanor/ROS2/build/mujoco_sim/build/lib/mujoco_sim/kuka
copying mujoco_sim/kuka/full_kuka_INRC3_mounted_camera_vga.xml -> /home/palinauskas/Documents/fortiss_repo/mujoco-eleanor/ROS2/build/mujoco_sim/build/lib/mujoco_sim/kuka
copying mujoco_sim/kuka/full_kuka_INRC3_mounted_camera_usb.xml -> /home/palinauskas/Documents/fortiss_repo/mujoco-eleanor/ROS2/build/mujoco_sim/build/lib/mujoco_sim/kuka
copying mujoco_sim/kuka/kuka_assets.xml -> /home/palinauskas/Documents/fortiss_repo/mujoco-eleanor/ROS2/build/mujoco_sim/build/lib/mujoco_sim/kuka
copying mujoco_sim/kuka/kuka_actuators.xml -> /home/palinauskas/Documents/fortiss_repo/mujoco-eleanor/ROS2/build/mujoco_sim/build/lib/mujoco_sim/kuka
copying mujoco_sim/kuka/full_kuka_INRC3_mounted_camera_hdmi.xml -> /home/palinauskas/Documents/fortiss_repo/mujoco-eleanor/ROS2/build/mujoco_sim/build/lib/mujoco_sim/kuka
copying mujoco_sim/kuka/kuka_mesh_collision_peg_ee_camera.xml -> /home/palinauskas/Documents/fortiss_repo/mujoco-eleanor/ROS2/build/mujoco_sim/build/lib/mujoco_sim/kuka
running install
running install_lib
creating /home/palinauskas/Documents/fortiss_repo/mujoco-eleanor/ROS2/install/mujoco_sim/lib/python3.8/site-packages/mujoco_sim
creating /home/palinauskas/Documents/fortiss_repo/mujoco-eleanor/ROS2/install/mujoco_sim/lib/python3.8/site-packages/mujoco_sim/kuka
copying /home/palinauskas/Documents/fortiss_repo/mujoco-eleanor/ROS2/build/mujoco_sim/build/lib/mujoco_sim/kuka/full_kuka_INRC3_mounted_camera.xml -> /home/palinauskas/Documents/fortiss_repo/mujoco-eleanor/ROS2/install/mujoco_sim/lib/python3.8/site-packages/mujoco_sim/kuka
copying /home/palinauskas/Documents/fortiss_repo/mujoco-eleanor/ROS2/build/mujoco_sim/build/lib/mujoco_sim/kuka/full_kuka_INRC3_mounted_camera_ethernet.xml -> /home/palinauskas/Documents/fortiss_repo/mujoco-eleanor/ROS2/install/mujoco_sim/lib/python3.8/site-packages/mujoco_sim/kuka
copying /home/palinauskas/Documents/fortiss_repo/mujoco-eleanor/ROS2/build/mujoco_sim/build/lib/mujoco_sim/kuka/full_kuka_INRC3_mounted_camera_hole.xml -> /home/palinauskas/Documents/fortiss_repo/mujoco-eleanor/ROS2/install/mujoco_sim/lib/python3.8/site-packages/mujoco_sim/kuka
copying /home/palinauskas/Documents/fortiss_repo/mujoco-eleanor/ROS2/build/mujoco_sim/build/lib/mujoco_sim/kuka/full_kuka_INRC3_mounted_camera_vga.xml -> /home/palinauskas/Documents/fortiss_repo/mujoco-eleanor/ROS2/install/mujoco_sim/lib/python3.8/site-packages/mujoco_sim/kuka
copying /home/palinauskas/Documents/fortiss_repo/mujoco-eleanor/ROS2/build/mujoco_sim/build/lib/mujoco_sim/kuka/full_kuka_INRC3_mounted_camera_usb.xml -> /home/palinauskas/Documents/fortiss_repo/mujoco-eleanor/ROS2/install/mujoco_sim/lib/python3.8/site-packages/mujoco_sim/kuka
copying /home/palinauskas/Documents/fortiss_repo/mujoco-eleanor/ROS2/build/mujoco_sim/build/lib/mujoco_sim/kuka/kuka_assets.xml -> /home/palinauskas/Documents/fortiss_repo/mujoco-eleanor/ROS2/install/mujoco_sim/lib/python3.8/site-packages/mujoco_sim/kuka
creating /home/palinauskas/Documents/fortiss_repo/mujoco-eleanor/ROS2/install/mujoco_sim/lib/python3.8/site-packages/mujoco_sim/kuka/meshes
copying /home/palinauskas/Documents/fortiss_repo/mujoco-eleanor/ROS2/build/mujoco_sim/build/lib/mujoco_sim/kuka/meshes/hdmi2.stl -> /home/palinauskas/Documents/fortiss_repo/mujoco-eleanor/ROS2/install/mujoco_sim/lib/python3.8/site-packages/mujoco_sim/kuka/meshes
copying /home/palinauskas/Documents/fortiss_repo/mujoco-eleanor/ROS2/build/mujoco_sim/build/lib/mujoco_sim/kuka/meshes/kuka_link_5.stl -> /home/palinauskas/Documents/fortiss_repo/mujoco-eleanor/ROS2/install/mujoco_sim/lib/python3.8/site-packages/mujoco_sim/kuka/meshes
copying /home/palinauskas/Documents/fortiss_repo/mujoco-eleanor/ROS2/build/mujoco_sim/build/lib/mujoco_sim/kuka/meshes/hdmi.stl -> /home/palinauskas/Documents/fortiss_repo/mujoco-eleanor/ROS2/install/mujoco_sim/lib/python3.8/site-packages/mujoco_sim/kuka/meshes
copying /home/palinauskas/Documents/fortiss_repo/mujoco-eleanor/ROS2/build/mujoco_sim/build/lib/mujoco_sim/kuka/meshes/vga2.stl -> /home/palinauskas/Documents/fortiss_repo/mujoco-eleanor/ROS2/install/mujoco_sim/lib/python3.8/site-packages/mujoco_sim/kuka/meshes
copying /home/palinauskas/Documents/fortiss_repo/mujoco-eleanor/ROS2/build/mujoco_sim/build/lib/mujoco_sim/kuka/meshes/hole21.stl -> /home/palinauskas/Documents/fortiss_repo/mujoco-eleanor/ROS2/install/mujoco_sim/lib/python3.8/site-packages/mujoco_sim/kuka/meshes
copying /home/palinauskas/Documents/fortiss_repo/mujoco-eleanor/ROS2/build/mujoco_sim/build/lib/mujoco_sim/kuka/meshes/kuka_link_6.stl -> /home/palinauskas/Documents/fortiss_repo/mujoco-eleanor/ROS2/install/mujoco_sim/lib/python3.8/site-packages/mujoco_sim/kuka/meshes
copying /home/palinauskas/Documents/fortiss_repo/mujoco-eleanor/ROS2/build/mujoco_sim/build/lib/mujoco_sim/kuka/meshes/tool_cylinder1.stl -> /home/palinauskas/Documents/fortiss_repo/mujoco-eleanor/ROS2/install/mujoco_sim/lib/python3.8/site-packages/mujoco_sim/kuka/meshes
copying /home/palinauskas/Documents/fortiss_repo/mujoco-eleanor/ROS2/build/mujoco_sim/build/lib/mujoco_sim/kuka/meshes/hole.stl -> /home/palinauskas/Documents/fortiss_repo/mujoco-eleanor/ROS2/install/mujoco_sim/lib/python3.8/site-packages/mujoco_sim/kuka/meshes
copying /home/palinauskas/Documents/fortiss_repo/mujoco-eleanor/ROS2/build/mujoco_sim/build/lib/mujoco_sim/kuka/meshes/tool_cylinder.stl -> /home/palinauskas/Documents/fortiss_repo/mujoco-eleanor/ROS2/install/mujoco_sim/lib/python3.8/site-packages/mujoco_sim/kuka/meshes
copying /home/palinauskas/Documents/fortiss_repo/mujoco-eleanor/ROS2/build/mujoco_sim/build/lib/mujoco_sim/kuka/meshes/hole24.stl -> /home/palinauskas/Documents/fortiss_repo/mujoco-eleanor/ROS2/install/mujoco_sim/lib/python3.8/site-packages/mujoco_sim/kuka/meshes
copying /home/palinauskas/Documents/fortiss_repo/mujoco-eleanor/ROS2/build/mujoco_sim/build/lib/mujoco_sim/kuka/meshes/kuka_link_4.stl -> /home/palinauskas/Documents/fortiss_repo/mujoco-eleanor/ROS2/install/mujoco_sim/lib/python3.8/site-packages/mujoco_sim/kuka/meshes
copying /home/palinauskas/Documents/fortiss_repo/mujoco-eleanor/ROS2/build/mujoco_sim/build/lib/mujoco_sim/kuka/meshes/hole23.stl -> /home/palinauskas/Documents/fortiss_repo/mujoco-eleanor/ROS2/install/mujoco_sim/lib/python3.8/site-packages/mujoco_sim/kuka/meshes
copying /home/palinauskas/Documents/fortiss_repo/mujoco-eleanor/ROS2/build/mujoco_sim/build/lib/mujoco_sim/kuka/meshes/kuka_link_2.stl -> /home/palinauskas/Documents/fortiss_repo/mujoco-eleanor/ROS2/install/mujoco_sim/lib/python3.8/site-packages/mujoco_sim/kuka/meshes
copying /home/palinauskas/Documents/fortiss_repo/mujoco-eleanor/ROS2/build/mujoco_sim/build/lib/mujoco_sim/kuka/meshes/cylinder_triangular_hole.stl -> /home/palinauskas/Documents/fortiss_repo/mujoco-eleanor/ROS2/install/mujoco_sim/lib/python3.8/site-packages/mujoco_sim/kuka/meshes
copying /home/palinauskas/Documents/fortiss_repo/mujoco-eleanor/ROS2/build/mujoco_sim/build/lib/mujoco_sim/kuka/meshes/usb.stl -> /home/palinauskas/Documents/fortiss_repo/mujoco-eleanor/ROS2/install/mujoco_sim/lib/python3.8/site-packages/mujoco_sim/kuka/meshes
copying /home/palinauskas/Documents/fortiss_repo/mujoco-eleanor/ROS2/build/mujoco_sim/build/lib/mujoco_sim/kuka/meshes/hole22.stl -> /home/palinauskas/Documents/fortiss_repo/mujoco-eleanor/ROS2/install/mujoco_sim/lib/python3.8/site-packages/mujoco_sim/kuka/meshes
copying /home/palinauskas/Documents/fortiss_repo/mujoco-eleanor/ROS2/build/mujoco_sim/build/lib/mujoco_sim/kuka/meshes/hole20.stl -> /home/palinauskas/Documents/fortiss_repo/mujoco-eleanor/ROS2/install/mujoco_sim/lib/python3.8/site-packages/mujoco_sim/kuka/meshes
copying /home/palinauskas/Documents/fortiss_repo/mujoco-eleanor/ROS2/build/mujoco_sim/build/lib/mujoco_sim/kuka/meshes/__init__.py -> /home/palinauskas/Documents/fortiss_repo/mujoco-eleanor/ROS2/install/mujoco_sim/lib/python3.8/site-packages/mujoco_sim/kuka/meshes
copying /home/palinauskas/Documents/fortiss_repo/mujoco-eleanor/ROS2/build/mujoco_sim/build/lib/mujoco_sim/kuka/meshes/table.dae -> /home/palinauskas/Documents/fortiss_repo/mujoco-eleanor/ROS2/install/mujoco_sim/lib/python3.8/site-packages/mujoco_sim/kuka/meshes
copying /home/palinauskas/Documents/fortiss_repo/mujoco-eleanor/ROS2/build/mujoco_sim/build/lib/mujoco_sim/kuka/meshes/simple_shapes.stl -> /home/palinauskas/Documents/fortiss_repo/mujoco-eleanor/ROS2/install/mujoco_sim/lib/python3.8/site-packages/mujoco_sim/kuka/meshes
copying /home/palinauskas/Documents/fortiss_repo/mujoco-eleanor/ROS2/build/mujoco_sim/build/lib/mujoco_sim/kuka/meshes/table.stl -> /home/palinauskas/Documents/fortiss_repo/mujoco-eleanor/ROS2/install/mujoco_sim/lib/python3.8/site-packages/mujoco_sim/kuka/meshes
copying /home/palinauskas/Documents/fortiss_repo/mujoco-eleanor/ROS2/build/mujoco_sim/build/lib/mujoco_sim/kuka/meshes/kuka_link_1.stl -> /home/palinauskas/Documents/fortiss_repo/mujoco-eleanor/ROS2/install/mujoco_sim/lib/python3.8/site-packages/mujoco_sim/kuka/meshes
copying /home/palinauskas/Documents/fortiss_repo/mujoco-eleanor/ROS2/build/mujoco_sim/build/lib/mujoco_sim/kuka/meshes/kuka_link_7.stl -> /home/palinauskas/Documents/fortiss_repo/mujoco-eleanor/ROS2/install/mujoco_sim/lib/python3.8/site-packages/mujoco_sim/kuka/meshes
copying /home/palinauskas/Documents/fortiss_repo/mujoco-eleanor/ROS2/build/mujoco_sim/build/lib/mujoco_sim/kuka/meshes/tool_cylinder0.stl -> /home/palinauskas/Documents/fortiss_repo/mujoco-eleanor/ROS2/install/mujoco_sim/lib/python3.8/site-packages/mujoco_sim/kuka/meshes
copying /home/palinauskas/Documents/fortiss_repo/mujoco-eleanor/ROS2/build/mujoco_sim/build/lib/mujoco_sim/kuka/meshes/vga.stl -> /home/palinauskas/Documents/fortiss_repo/mujoco-eleanor/ROS2/install/mujoco_sim/lib/python3.8/site-packages/mujoco_sim/kuka/meshes
copying /home/palinauskas/Documents/fortiss_repo/mujoco-eleanor/ROS2/build/mujoco_sim/build/lib/mujoco_sim/kuka/meshes/hole3.stl -> /home/palinauskas/Documents/fortiss_repo/mujoco-eleanor/ROS2/install/mujoco_sim/lib/python3.8/site-packages/mujoco_sim/kuka/meshes
copying /home/palinauskas/Documents/fortiss_repo/mujoco-eleanor/ROS2/build/mujoco_sim/build/lib/mujoco_sim/kuka/meshes/hole2.stl -> /home/palinauskas/Documents/fortiss_repo/mujoco-eleanor/ROS2/install/mujoco_sim/lib/python3.8/site-packages/mujoco_sim/kuka/meshes
copying /home/palinauskas/Documents/fortiss_repo/mujoco-eleanor/ROS2/build/mujoco_sim/build/lib/mujoco_sim/kuka/meshes/kuka_link_3.stl -> /home/palinauskas/Documents/fortiss_repo/mujoco-eleanor/ROS2/install/mujoco_sim/lib/python3.8/site-packages/mujoco_sim/kuka/meshes
copying /home/palinauskas/Documents/fortiss_repo/mujoco-eleanor/ROS2/build/mujoco_sim/build/lib/mujoco_sim/kuka/meshes/simple_shapes1ascii.stl -> /home/palinauskas/Documents/fortiss_repo/mujoco-eleanor/ROS2/install/mujoco_sim/lib/python3.8/site-packages/mujoco_sim/kuka/meshes
copying /home/palinauskas/Documents/fortiss_repo/mujoco-eleanor/ROS2/build/mujoco_sim/build/lib/mujoco_sim/kuka/meshes/usb2.stl -> /home/palinauskas/Documents/fortiss_repo/mujoco-eleanor/ROS2/install/mujoco_sim/lib/python3.8/site-packages/mujoco_sim/kuka/meshes
copying /home/palinauskas/Documents/fortiss_repo/mujoco-eleanor/ROS2/build/mujoco_sim/build/lib/mujoco_sim/kuka/meshes/ethernet.stl -> /home/palinauskas/Documents/fortiss_repo/mujoco-eleanor/ROS2/install/mujoco_sim/lib/python3.8/site-packages/mujoco_sim/kuka/meshes
copying /home/palinauskas/Documents/fortiss_repo/mujoco-eleanor/ROS2/build/mujoco_sim/build/lib/mujoco_sim/kuka/meshes/industrial_sockets.stl -> /home/palinauskas/Documents/fortiss_repo/mujoco-eleanor/ROS2/install/mujoco_sim/lib/python3.8/site-packages/mujoco_sim/kuka/meshes
copying /home/palinauskas/Documents/fortiss_repo/mujoco-eleanor/ROS2/build/mujoco_sim/build/lib/mujoco_sim/kuka/meshes/kuka_link_0.stl -> /home/palinauskas/Documents/fortiss_repo/mujoco-eleanor/ROS2/install/mujoco_sim/lib/python3.8/site-packages/mujoco_sim/kuka/meshes
copying /home/palinauskas/Documents/fortiss_repo/mujoco-eleanor/ROS2/build/mujoco_sim/build/lib/mujoco_sim/kuka/meshes/ethernet2.stl -> /home/palinauskas/Documents/fortiss_repo/mujoco-eleanor/ROS2/install/mujoco_sim/lib/python3.8/site-packages/mujoco_sim/kuka/meshes
copying /home/palinauskas/Documents/fortiss_repo/mujoco-eleanor/ROS2/build/mujoco_sim/build/lib/mujoco_sim/kuka/kuka_actuators.xml -> /home/palinauskas/Documents/fortiss_repo/mujoco-eleanor/ROS2/install/mujoco_sim/lib/python3.8/site-packages/mujoco_sim/kuka
copying /home/palinauskas/Documents/fortiss_repo/mujoco-eleanor/ROS2/build/mujoco_sim/build/lib/mujoco_sim/kuka/full_kuka_INRC3_mounted_camera_hdmi.xml -> /home/palinauskas/Documents/fortiss_repo/mujoco-eleanor/ROS2/install/mujoco_sim/lib/python3.8/site-packages/mujoco_sim/kuka
copying /home/palinauskas/Documents/fortiss_repo/mujoco-eleanor/ROS2/build/mujoco_sim/build/lib/mujoco_sim/kuka/kuka_mesh_collision_peg_ee_camera.xml -> /home/palinauskas/Documents/fortiss_repo/mujoco-eleanor/ROS2/install/mujoco_sim/lib/python3.8/site-packages/mujoco_sim/kuka
copying /home/palinauskas/Documents/fortiss_repo/mujoco-eleanor/ROS2/build/mujoco_sim/build/lib/mujoco_sim/impedance_controller_server.py -> /home/palinauskas/Documents/fortiss_repo/mujoco-eleanor/ROS2/install/mujoco_sim/lib/python3.8/site-packages/mujoco_sim
copying /home/palinauskas/Documents/fortiss_repo/mujoco-eleanor/ROS2/build/mujoco_sim/build/lib/mujoco_sim/camera_events_publisher.py -> /home/palinauskas/Documents/fortiss_repo/mujoco-eleanor/ROS2/install/mujoco_sim/lib/python3.8/site-packages/mujoco_sim
copying /home/palinauskas/Documents/fortiss_repo/mujoco-eleanor/ROS2/build/mujoco_sim/build/lib/mujoco_sim/__init__.py -> /home/palinauskas/Documents/fortiss_repo/mujoco-eleanor/ROS2/install/mujoco_sim/lib/python3.8/site-packages/mujoco_sim
creating /home/palinauskas/Documents/fortiss_repo/mujoco-eleanor/ROS2/install/mujoco_sim/lib/python3.8/site-packages/mujoco_sim/mujoco_env
copying /home/palinauskas/Documents/fortiss_repo/mujoco-eleanor/ROS2/build/mujoco_sim/build/lib/mujoco_sim/mujoco_env/im_mujoco_env.py -> /home/palinauskas/Documents/fortiss_repo/mujoco-eleanor/ROS2/install/mujoco_sim/lib/python3.8/site-packages/mujoco_sim/mujoco_env
copying /home/palinauskas/Documents/fortiss_repo/mujoco-eleanor/ROS2/build/mujoco_sim/build/lib/mujoco_sim/mujoco_env/simple_mujoco_env.py -> /home/palinauskas/Documents/fortiss_repo/mujoco-eleanor/ROS2/install/mujoco_sim/lib/python3.8/site-packages/mujoco_sim/mujoco_env
copying /home/palinauskas/Documents/fortiss_repo/mujoco-eleanor/ROS2/build/mujoco_sim/build/lib/mujoco_sim/mujoco_env/__init__.py -> /home/palinauskas/Documents/fortiss_repo/mujoco-eleanor/ROS2/install/mujoco_sim/lib/python3.8/site-packages/mujoco_sim/mujoco_env
creating /home/palinauskas/Documents/fortiss_repo/mujoco-eleanor/ROS2/install/mujoco_sim/lib/python3.8/site-packages/mujoco_sim/controllers
copying /home/palinauskas/Documents/fortiss_repo/mujoco-eleanor/ROS2/build/mujoco_sim/build/lib/mujoco_sim/controllers/__init__.py -> /home/palinauskas/Documents/fortiss_repo/mujoco-eleanor/ROS2/install/mujoco_sim/lib/python3.8/site-packages/mujoco_sim/controllers
copying /home/palinauskas/Documents/fortiss_repo/mujoco-eleanor/ROS2/build/mujoco_sim/build/lib/mujoco_sim/controllers/full_impedance_controller.py -> /home/palinauskas/Documents/fortiss_repo/mujoco-eleanor/ROS2/install/mujoco_sim/lib/python3.8/site-packages/mujoco_sim/controllers
copying /home/palinauskas/Documents/fortiss_repo/mujoco-eleanor/ROS2/build/mujoco_sim/build/lib/mujoco_sim/controllers/base_controller.py -> /home/palinauskas/Documents/fortiss_repo/mujoco-eleanor/ROS2/install/mujoco_sim/lib/python3.8/site-packages/mujoco_sim/controllers
creating /home/palinauskas/Documents/fortiss_repo/mujoco-eleanor/ROS2/install/mujoco_sim/lib/python3.8/site-packages/mujoco_sim/utils
copying /home/palinauskas/Documents/fortiss_repo/mujoco-eleanor/ROS2/build/mujoco_sim/build/lib/mujoco_sim/utils/kinematics.py -> /home/palinauskas/Documents/fortiss_repo/mujoco-eleanor/ROS2/install/mujoco_sim/lib/python3.8/site-packages/mujoco_sim/utils
copying /home/palinauskas/Documents/fortiss_repo/mujoco-eleanor/ROS2/build/mujoco_sim/build/lib/mujoco_sim/utils/__init__.py -> /home/palinauskas/Documents/fortiss_repo/mujoco-eleanor/ROS2/install/mujoco_sim/lib/python3.8/site-packages/mujoco_sim/utils
copying /home/palinauskas/Documents/fortiss_repo/mujoco-eleanor/ROS2/build/mujoco_sim/build/lib/mujoco_sim/utils/mujoco_utils.py -> /home/palinauskas/Documents/fortiss_repo/mujoco-eleanor/ROS2/install/mujoco_sim/lib/python3.8/site-packages/mujoco_sim/utils
copying /home/palinauskas/Documents/fortiss_repo/mujoco-eleanor/ROS2/build/mujoco_sim/build/lib/mujoco_sim/utils/read_cfg.py -> /home/palinauskas/Documents/fortiss_repo/mujoco-eleanor/ROS2/install/mujoco_sim/lib/python3.8/site-packages/mujoco_sim/utils
copying /home/palinauskas/Documents/fortiss_repo/mujoco-eleanor/ROS2/build/mujoco_sim/build/lib/mujoco_sim/utils/quaternion.py -> /home/palinauskas/Documents/fortiss_repo/mujoco-eleanor/ROS2/install/mujoco_sim/lib/python3.8/site-packages/mujoco_sim/utils
creating /home/palinauskas/Documents/fortiss_repo/mujoco-eleanor/ROS2/install/mujoco_sim/lib/python3.8/site-packages/mujoco_sim/cfg
copying /home/palinauskas/Documents/fortiss_repo/mujoco-eleanor/ROS2/build/mujoco_sim/build/lib/mujoco_sim/cfg/cfg.yaml -> /home/palinauskas/Documents/fortiss_repo/mujoco-eleanor/ROS2/install/mujoco_sim/lib/python3.8/site-packages/mujoco_sim/cfg
byte-compiling /home/palinauskas/Documents/fortiss_repo/mujoco-eleanor/ROS2/install/mujoco_sim/lib/python3.8/site-packages/mujoco_sim/kuka/meshes/__init__.py to __init__.cpython-38.pyc
byte-compiling /home/palinauskas/Documents/fortiss_repo/mujoco-eleanor/ROS2/install/mujoco_sim/lib/python3.8/site-packages/mujoco_sim/impedance_controller_server.py to impedance_controller_server.cpython-38.pyc
byte-compiling /home/palinauskas/Documents/fortiss_repo/mujoco-eleanor/ROS2/install/mujoco_sim/lib/python3.8/site-packages/mujoco_sim/camera_events_publisher.py to camera_events_publisher.cpython-38.pyc
byte-compiling /home/palinauskas/Documents/fortiss_repo/mujoco-eleanor/ROS2/install/mujoco_sim/lib/python3.8/site-packages/mujoco_sim/__init__.py to __init__.cpython-38.pyc
byte-compiling /home/palinauskas/Documents/fortiss_repo/mujoco-eleanor/ROS2/install/mujoco_sim/lib/python3.8/site-packages/mujoco_sim/mujoco_env/im_mujoco_env.py to im_mujoco_env.cpython-38.pyc
byte-compiling /home/palinauskas/Documents/fortiss_repo/mujoco-eleanor/ROS2/install/mujoco_sim/lib/python3.8/site-packages/mujoco_sim/mujoco_env/simple_mujoco_env.py to simple_mujoco_env.cpython-38.pyc
byte-compiling /home/palinauskas/Documents/fortiss_repo/mujoco-eleanor/ROS2/install/mujoco_sim/lib/python3.8/site-packages/mujoco_sim/mujoco_env/__init__.py to __init__.cpython-38.pyc
byte-compiling /home/palinauskas/Documents/fortiss_repo/mujoco-eleanor/ROS2/install/mujoco_sim/lib/python3.8/site-packages/mujoco_sim/controllers/__init__.py to __init__.cpython-38.pyc
byte-compiling /home/palinauskas/Documents/fortiss_repo/mujoco-eleanor/ROS2/install/mujoco_sim/lib/python3.8/site-packages/mujoco_sim/controllers/full_impedance_controller.py to full_impedance_controller.cpython-38.pyc
byte-compiling /home/palinauskas/Documents/fortiss_repo/mujoco-eleanor/ROS2/install/mujoco_sim/lib/python3.8/site-packages/mujoco_sim/controllers/base_controller.py to base_controller.cpython-38.pyc
byte-compiling /home/palinauskas/Documents/fortiss_repo/mujoco-eleanor/ROS2/install/mujoco_sim/lib/python3.8/site-packages/mujoco_sim/utils/kinematics.py to kinematics.cpython-38.pyc
byte-compiling /home/palinauskas/Documents/fortiss_repo/mujoco-eleanor/ROS2/install/mujoco_sim/lib/python3.8/site-packages/mujoco_sim/utils/__init__.py to __init__.cpython-38.pyc
byte-compiling /home/palinauskas/Documents/fortiss_repo/mujoco-eleanor/ROS2/install/mujoco_sim/lib/python3.8/site-packages/mujoco_sim/utils/mujoco_utils.py to mujoco_utils.cpython-38.pyc
byte-compiling /home/palinauskas/Documents/fortiss_repo/mujoco-eleanor/ROS2/install/mujoco_sim/lib/python3.8/site-packages/mujoco_sim/utils/read_cfg.py to read_cfg.cpython-38.pyc
byte-compiling /home/palinauskas/Documents/fortiss_repo/mujoco-eleanor/ROS2/install/mujoco_sim/lib/python3.8/site-packages/mujoco_sim/utils/quaternion.py to quaternion.cpython-38.pyc
running install_data
creating /home/palinauskas/Documents/fortiss_repo/mujoco-eleanor/ROS2/install/mujoco_sim/share/ament_index
creating /home/palinauskas/Documents/fortiss_repo/mujoco-eleanor/ROS2/install/mujoco_sim/share/ament_index/resource_index
creating /home/palinauskas/Documents/fortiss_repo/mujoco-eleanor/ROS2/install/mujoco_sim/share/ament_index/resource_index/packages
copying resource/mujoco_sim -> /home/palinauskas/Documents/fortiss_repo/mujoco-eleanor/ROS2/install/mujoco_sim/share/ament_index/resource_index/packages
copying package.xml -> /home/palinauskas/Documents/fortiss_repo/mujoco-eleanor/ROS2/install/mujoco_sim/share/mujoco_sim
copying launch/run_turn_off_camera.launch.py -> /home/palinauskas/Documents/fortiss_repo/mujoco-eleanor/ROS2/install/mujoco_sim/share/mujoco_sim
copying launch/run_mujoco_sim.launch.py -> /home/palinauskas/Documents/fortiss_repo/mujoco-eleanor/ROS2/install/mujoco_sim/share/mujoco_sim
copying launch/run_set_desired_pose_name.launch.py -> /home/palinauskas/Documents/fortiss_repo/mujoco-eleanor/ROS2/install/mujoco_sim/share/mujoco_sim
copying launch/template_saccades.launch.py -> /home/palinauskas/Documents/fortiss_repo/mujoco-eleanor/ROS2/install/mujoco_sim/share/mujoco_sim
copying launch/run_saccades.launch.py -> /home/palinauskas/Documents/fortiss_repo/mujoco-eleanor/ROS2/install/mujoco_sim/share/mujoco_sim
running install_egg_info
Copying ../../build/mujoco_sim/mujoco_sim.egg-info to /home/palinauskas/Documents/fortiss_repo/mujoco-eleanor/ROS2/install/mujoco_sim/lib/python3.8/site-packages/mujoco_sim-0.0.0-py3.8.egg-info
running install_scripts
Installing camera_events_publisher script to /home/palinauskas/Documents/fortiss_repo/mujoco-eleanor/ROS2/install/mujoco_sim/lib/mujoco_sim
Installing impedance_controller_server script to /home/palinauskas/Documents/fortiss_repo/mujoco-eleanor/ROS2/install/mujoco_sim/lib/mujoco_sim
Installing test script to /home/palinauskas/Documents/fortiss_repo/mujoco-eleanor/ROS2/install/mujoco_sim/lib/mujoco_sim
writing list of installed files to '/home/palinauskas/Documents/fortiss_repo/mujoco-eleanor/ROS2/build/mujoco_sim/install.log'
