[0.808s] Invoking command in '/home/palinauskas/Documents/fortiss_repo/mujoco-eleanor/ROS2/src/mujoco_sim': AMENT_PREFIX_PATH=/home/palinauskas/Documents/fortiss_repo/mujoco-eleanor/ROS2/install/controller_interface:/home/palinauskas/Documents/fortiss_repo/mujoco-eleanor/ROS2/install/camera_event_data_interface:${AMENT_PREFIX_PATH} CMAKE_PREFIX_PATH=/home/palinauskas/Documents/fortiss_repo/mujoco-eleanor/ROS2/install/controller_interface:/home/palinauskas/Documents/fortiss_repo/mujoco-eleanor/ROS2/install/camera_event_data_interface LD_LIBRARY_PATH=/home/palinauskas/Documents/fortiss_repo/mujoco-eleanor/ROS2/install/controller_interface/lib:/home/palinauskas/Documents/fortiss_repo/mujoco-eleanor/ROS2/install/camera_event_data_interface/lib:/opt/ros/galactic/opt/yaml_cpp_vendor/lib:/opt/ros/galactic/opt/rviz_ogre_vendor/lib:/opt/ros/galactic/lib/x86_64-linux-gnu:/opt/ros/galactic/lib:/usr/local/cuda-11.3/lib64 PYTHONPATH=/home/palinauskas/Documents/fortiss_repo/mujoco-eleanor/ROS2/build/mujoco_sim/prefix_override:/home/palinauskas/Documents/fortiss_repo/mujoco-eleanor/ROS2/install/mujoco_sim/lib/python3.8/site-packages:/home/palinauskas/Documents/fortiss_repo/mujoco-eleanor/ROS2/install/controller_interface/lib/python3.8/site-packages:/home/palinauskas/Documents/fortiss_repo/mujoco-eleanor/ROS2/install/camera_event_data_interface/lib/python3.8/site-packages:${PYTHONPATH} /usr/bin/python3 setup.py egg_info --egg-base ../../build/mujoco_sim build --build-base /home/palinauskas/Documents/fortiss_repo/mujoco-eleanor/ROS2/build/mujoco_sim/build install --record /home/palinauskas/Documents/fortiss_repo/mujoco-eleanor/ROS2/build/mujoco_sim/install.log --single-version-externally-managed
[0.978s] running egg_info
[0.978s] creating ../../build/mujoco_sim/mujoco_sim.egg-info
[0.979s] writing ../../build/mujoco_sim/mujoco_sim.egg-info/PKG-INFO
[0.979s] writing dependency_links to ../../build/mujoco_sim/mujoco_sim.egg-info/dependency_links.txt
[0.979s] writing entry points to ../../build/mujoco_sim/mujoco_sim.egg-info/entry_points.txt
[0.979s] writing requirements to ../../build/mujoco_sim/mujoco_sim.egg-info/requires.txt
[0.979s] writing top-level names to ../../build/mujoco_sim/mujoco_sim.egg-info/top_level.txt
[0.988s] writing manifest file '../../build/mujoco_sim/mujoco_sim.egg-info/SOURCES.txt'
[1.010s] reading manifest file '../../build/mujoco_sim/mujoco_sim.egg-info/SOURCES.txt'
[1.010s] writing manifest file '../../build/mujoco_sim/mujoco_sim.egg-info/SOURCES.txt'
[1.011s] running build
[1.011s] running build_py
[1.011s] creating /home/palinauskas/Documents/fortiss_repo/mujoco-eleanor/ROS2/build/mujoco_sim/build
[1.011s] creating /home/palinauskas/Documents/fortiss_repo/mujoco-eleanor/ROS2/build/mujoco_sim/build/lib
[1.011s] creating /home/palinauskas/Documents/fortiss_repo/mujoco-eleanor/ROS2/build/mujoco_sim/build/lib/mujoco_sim
[1.012s] copying mujoco_sim/impedance_controller_server.py -> /home/palinauskas/Documents/fortiss_repo/mujoco-eleanor/ROS2/build/mujoco_sim/build/lib/mujoco_sim
[1.012s] copying mujoco_sim/camera_events_publisher.py -> /home/palinauskas/Documents/fortiss_repo/mujoco-eleanor/ROS2/build/mujoco_sim/build/lib/mujoco_sim
[1.012s] copying mujoco_sim/__init__.py -> /home/palinauskas/Documents/fortiss_repo/mujoco-eleanor/ROS2/build/mujoco_sim/build/lib/mujoco_sim
[1.012s] creating /home/palinauskas/Documents/fortiss_repo/mujoco-eleanor/ROS2/build/mujoco_sim/build/lib/mujoco_sim/controllers
[1.012s] copying mujoco_sim/controllers/__init__.py -> /home/palinauskas/Documents/fortiss_repo/mujoco-eleanor/ROS2/build/mujoco_sim/build/lib/mujoco_sim/controllers
[1.012s] copying mujoco_sim/controllers/full_impedance_controller.py -> /home/palinauskas/Documents/fortiss_repo/mujoco-eleanor/ROS2/build/mujoco_sim/build/lib/mujoco_sim/controllers
[1.012s] copying mujoco_sim/controllers/base_controller.py -> /home/palinauskas/Documents/fortiss_repo/mujoco-eleanor/ROS2/build/mujoco_sim/build/lib/mujoco_sim/controllers
[1.012s] creating /home/palinauskas/Documents/fortiss_repo/mujoco-eleanor/ROS2/build/mujoco_sim/build/lib/mujoco_sim/utils
[1.013s] copying mujoco_sim/utils/kinematics.py -> /home/palinauskas/Documents/fortiss_repo/mujoco-eleanor/ROS2/build/mujoco_sim/build/lib/mujoco_sim/utils
[1.013s] copying mujoco_sim/utils/__init__.py -> /home/palinauskas/Documents/fortiss_repo/mujoco-eleanor/ROS2/build/mujoco_sim/build/lib/mujoco_sim/utils
[1.013s] copying mujoco_sim/utils/mujoco_utils.py -> /home/palinauskas/Documents/fortiss_repo/mujoco-eleanor/ROS2/build/mujoco_sim/build/lib/mujoco_sim/utils
[1.013s] copying mujoco_sim/utils/read_cfg.py -> /home/palinauskas/Documents/fortiss_repo/mujoco-eleanor/ROS2/build/mujoco_sim/build/lib/mujoco_sim/utils
[1.013s] copying mujoco_sim/utils/quaternion.py -> /home/palinauskas/Documents/fortiss_repo/mujoco-eleanor/ROS2/build/mujoco_sim/build/lib/mujoco_sim/utils
[1.013s] creating /home/palinauskas/Documents/fortiss_repo/mujoco-eleanor/ROS2/build/mujoco_sim/build/lib/mujoco_sim/mujoco_env
[1.013s] copying mujoco_sim/mujoco_env/im_mujoco_env.py -> /home/palinauskas/Documents/fortiss_repo/mujoco-eleanor/ROS2/build/mujoco_sim/build/lib/mujoco_sim/mujoco_env
[1.013s] copying mujoco_sim/mujoco_env/simple_mujoco_env.py -> /home/palinauskas/Documents/fortiss_repo/mujoco-eleanor/ROS2/build/mujoco_sim/build/lib/mujoco_sim/mujoco_env
[1.013s] copying mujoco_sim/mujoco_env/__init__.py -> /home/palinauskas/Documents/fortiss_repo/mujoco-eleanor/ROS2/build/mujoco_sim/build/lib/mujoco_sim/mujoco_env
[1.014s] creating /home/palinauskas/Documents/fortiss_repo/mujoco-eleanor/ROS2/build/mujoco_sim/build/lib/mujoco_sim/cfg
[1.014s] copying mujoco_sim/cfg/cfg.yaml -> /home/palinauskas/Documents/fortiss_repo/mujoco-eleanor/ROS2/build/mujoco_sim/build/lib/mujoco_sim/cfg
[1.014s] creating /home/palinauskas/Documents/fortiss_repo/mujoco-eleanor/ROS2/build/mujoco_sim/build/lib/mujoco_sim/kuka
[1.014s] creating /home/palinauskas/Documents/fortiss_repo/mujoco-eleanor/ROS2/build/mujoco_sim/build/lib/mujoco_sim/kuka/meshes
[1.014s] copying mujoco_sim/kuka/meshes/hdmi2.stl -> /home/palinauskas/Documents/fortiss_repo/mujoco-eleanor/ROS2/build/mujoco_sim/build/lib/mujoco_sim/kuka/meshes
[1.015s] copying mujoco_sim/kuka/meshes/kuka_link_5.stl -> /home/palinauskas/Documents/fortiss_repo/mujoco-eleanor/ROS2/build/mujoco_sim/build/lib/mujoco_sim/kuka/meshes
[1.016s] copying mujoco_sim/kuka/meshes/hdmi.stl -> /home/palinauskas/Documents/fortiss_repo/mujoco-eleanor/ROS2/build/mujoco_sim/build/lib/mujoco_sim/kuka/meshes
[1.018s] copying mujoco_sim/kuka/meshes/vga2.stl -> /home/palinauskas/Documents/fortiss_repo/mujoco-eleanor/ROS2/build/mujoco_sim/build/lib/mujoco_sim/kuka/meshes
[1.020s] copying mujoco_sim/kuka/meshes/hole21.stl -> /home/palinauskas/Documents/fortiss_repo/mujoco-eleanor/ROS2/build/mujoco_sim/build/lib/mujoco_sim/kuka/meshes
[1.020s] copying mujoco_sim/kuka/meshes/kuka_link_6.stl -> /home/palinauskas/Documents/fortiss_repo/mujoco-eleanor/ROS2/build/mujoco_sim/build/lib/mujoco_sim/kuka/meshes
[1.021s] copying mujoco_sim/kuka/meshes/tool_cylinder1.stl -> /home/palinauskas/Documents/fortiss_repo/mujoco-eleanor/ROS2/build/mujoco_sim/build/lib/mujoco_sim/kuka/meshes
[1.021s] copying mujoco_sim/kuka/meshes/hole.stl -> /home/palinauskas/Documents/fortiss_repo/mujoco-eleanor/ROS2/build/mujoco_sim/build/lib/mujoco_sim/kuka/meshes
[1.022s] copying mujoco_sim/kuka/meshes/tool_cylinder.stl -> /home/palinauskas/Documents/fortiss_repo/mujoco-eleanor/ROS2/build/mujoco_sim/build/lib/mujoco_sim/kuka/meshes
[1.023s] copying mujoco_sim/kuka/meshes/hole24.stl -> /home/palinauskas/Documents/fortiss_repo/mujoco-eleanor/ROS2/build/mujoco_sim/build/lib/mujoco_sim/kuka/meshes
[1.023s] copying mujoco_sim/kuka/meshes/kuka_link_4.stl -> /home/palinauskas/Documents/fortiss_repo/mujoco-eleanor/ROS2/build/mujoco_sim/build/lib/mujoco_sim/kuka/meshes
[1.024s] copying mujoco_sim/kuka/meshes/hole23.stl -> /home/palinauskas/Documents/fortiss_repo/mujoco-eleanor/ROS2/build/mujoco_sim/build/lib/mujoco_sim/kuka/meshes
[1.024s] copying mujoco_sim/kuka/meshes/kuka_link_2.stl -> /home/palinauskas/Documents/fortiss_repo/mujoco-eleanor/ROS2/build/mujoco_sim/build/lib/mujoco_sim/kuka/meshes
[1.026s] copying mujoco_sim/kuka/meshes/cylinder_triangular_hole.stl -> /home/palinauskas/Documents/fortiss_repo/mujoco-eleanor/ROS2/build/mujoco_sim/build/lib/mujoco_sim/kuka/meshes
[1.026s] copying mujoco_sim/kuka/meshes/usb.stl -> /home/palinauskas/Documents/fortiss_repo/mujoco-eleanor/ROS2/build/mujoco_sim/build/lib/mujoco_sim/kuka/meshes
[1.026s] copying mujoco_sim/kuka/meshes/hole22.stl -> /home/palinauskas/Documents/fortiss_repo/mujoco-eleanor/ROS2/build/mujoco_sim/build/lib/mujoco_sim/kuka/meshes
[1.027s] copying mujoco_sim/kuka/meshes/hole20.stl -> /home/palinauskas/Documents/fortiss_repo/mujoco-eleanor/ROS2/build/mujoco_sim/build/lib/mujoco_sim/kuka/meshes
[1.027s] copying mujoco_sim/kuka/meshes/__init__.py -> /home/palinauskas/Documents/fortiss_repo/mujoco-eleanor/ROS2/build/mujoco_sim/build/lib/mujoco_sim/kuka/meshes
[1.027s] copying mujoco_sim/kuka/meshes/table.dae -> /home/palinauskas/Documents/fortiss_repo/mujoco-eleanor/ROS2/build/mujoco_sim/build/lib/mujoco_sim/kuka/meshes
[1.031s] copying mujoco_sim/kuka/meshes/simple_shapes.stl -> /home/palinauskas/Documents/fortiss_repo/mujoco-eleanor/ROS2/build/mujoco_sim/build/lib/mujoco_sim/kuka/meshes
[1.032s] copying mujoco_sim/kuka/meshes/table.stl -> /home/palinauskas/Documents/fortiss_repo/mujoco-eleanor/ROS2/build/mujoco_sim/build/lib/mujoco_sim/kuka/meshes
[1.034s] copying mujoco_sim/kuka/meshes/kuka_link_1.stl -> /home/palinauskas/Documents/fortiss_repo/mujoco-eleanor/ROS2/build/mujoco_sim/build/lib/mujoco_sim/kuka/meshes
[1.035s] copying mujoco_sim/kuka/meshes/kuka_link_7.stl -> /home/palinauskas/Documents/fortiss_repo/mujoco-eleanor/ROS2/build/mujoco_sim/build/lib/mujoco_sim/kuka/meshes
[1.038s] copying mujoco_sim/kuka/meshes/tool_cylinder0.stl -> /home/palinauskas/Documents/fortiss_repo/mujoco-eleanor/ROS2/build/mujoco_sim/build/lib/mujoco_sim/kuka/meshes
[1.039s] copying mujoco_sim/kuka/meshes/vga.stl -> /home/palinauskas/Documents/fortiss_repo/mujoco-eleanor/ROS2/build/mujoco_sim/build/lib/mujoco_sim/kuka/meshes
[1.041s] copying mujoco_sim/kuka/meshes/hole3.stl -> /home/palinauskas/Documents/fortiss_repo/mujoco-eleanor/ROS2/build/mujoco_sim/build/lib/mujoco_sim/kuka/meshes
[1.042s] copying mujoco_sim/kuka/meshes/hole2.stl -> /home/palinauskas/Documents/fortiss_repo/mujoco-eleanor/ROS2/build/mujoco_sim/build/lib/mujoco_sim/kuka/meshes
[1.042s] copying mujoco_sim/kuka/meshes/kuka_link_3.stl -> /home/palinauskas/Documents/fortiss_repo/mujoco-eleanor/ROS2/build/mujoco_sim/build/lib/mujoco_sim/kuka/meshes
[1.043s] copying mujoco_sim/kuka/meshes/simple_shapes1ascii.stl -> /home/palinauskas/Documents/fortiss_repo/mujoco-eleanor/ROS2/build/mujoco_sim/build/lib/mujoco_sim/kuka/meshes
[1.045s] copying mujoco_sim/kuka/meshes/usb2.stl -> /home/palinauskas/Documents/fortiss_repo/mujoco-eleanor/ROS2/build/mujoco_sim/build/lib/mujoco_sim/kuka/meshes
[1.046s] copying mujoco_sim/kuka/meshes/ethernet.stl -> /home/palinauskas/Documents/fortiss_repo/mujoco-eleanor/ROS2/build/mujoco_sim/build/lib/mujoco_sim/kuka/meshes
[1.046s] copying mujoco_sim/kuka/meshes/industrial_sockets.stl -> /home/palinauskas/Documents/fortiss_repo/mujoco-eleanor/ROS2/build/mujoco_sim/build/lib/mujoco_sim/kuka/meshes
[1.052s] copying mujoco_sim/kuka/meshes/kuka_link_0.stl -> /home/palinauskas/Documents/fortiss_repo/mujoco-eleanor/ROS2/build/mujoco_sim/build/lib/mujoco_sim/kuka/meshes
[1.053s] copying mujoco_sim/kuka/meshes/ethernet2.stl -> /home/palinauskas/Documents/fortiss_repo/mujoco-eleanor/ROS2/build/mujoco_sim/build/lib/mujoco_sim/kuka/meshes
[1.053s] copying mujoco_sim/kuka/full_kuka_INRC3_mounted_camera.xml -> /home/palinauskas/Documents/fortiss_repo/mujoco-eleanor/ROS2/build/mujoco_sim/build/lib/mujoco_sim/kuka
[1.054s] copying mujoco_sim/kuka/full_kuka_INRC3_mounted_camera_ethernet.xml -> /home/palinauskas/Documents/fortiss_repo/mujoco-eleanor/ROS2/build/mujoco_sim/build/lib/mujoco_sim/kuka
[1.054s] copying mujoco_sim/kuka/full_kuka_INRC3_mounted_camera_hole.xml -> /home/palinauskas/Documents/fortiss_repo/mujoco-eleanor/ROS2/build/mujoco_sim/build/lib/mujoco_sim/kuka
[1.054s] copying mujoco_sim/kuka/full_kuka_INRC3_mounted_camera_vga.xml -> /home/palinauskas/Documents/fortiss_repo/mujoco-eleanor/ROS2/build/mujoco_sim/build/lib/mujoco_sim/kuka
[1.054s] copying mujoco_sim/kuka/full_kuka_INRC3_mounted_camera_usb.xml -> /home/palinauskas/Documents/fortiss_repo/mujoco-eleanor/ROS2/build/mujoco_sim/build/lib/mujoco_sim/kuka
[1.054s] copying mujoco_sim/kuka/kuka_assets.xml -> /home/palinauskas/Documents/fortiss_repo/mujoco-eleanor/ROS2/build/mujoco_sim/build/lib/mujoco_sim/kuka
[1.055s] copying mujoco_sim/kuka/kuka_actuators.xml -> /home/palinauskas/Documents/fortiss_repo/mujoco-eleanor/ROS2/build/mujoco_sim/build/lib/mujoco_sim/kuka
[1.055s] copying mujoco_sim/kuka/full_kuka_INRC3_mounted_camera_hdmi.xml -> /home/palinauskas/Documents/fortiss_repo/mujoco-eleanor/ROS2/build/mujoco_sim/build/lib/mujoco_sim/kuka
[1.055s] copying mujoco_sim/kuka/kuka_mesh_collision_peg_ee_camera.xml -> /home/palinauskas/Documents/fortiss_repo/mujoco-eleanor/ROS2/build/mujoco_sim/build/lib/mujoco_sim/kuka
[1.056s] running install
[1.056s] running install_lib
[1.057s] creating /home/palinauskas/Documents/fortiss_repo/mujoco-eleanor/ROS2/install/mujoco_sim/lib/python3.8/site-packages/mujoco_sim
[1.057s] creating /home/palinauskas/Documents/fortiss_repo/mujoco-eleanor/ROS2/install/mujoco_sim/lib/python3.8/site-packages/mujoco_sim/kuka
[1.058s] copying /home/palinauskas/Documents/fortiss_repo/mujoco-eleanor/ROS2/build/mujoco_sim/build/lib/mujoco_sim/kuka/full_kuka_INRC3_mounted_camera.xml -> /home/palinauskas/Documents/fortiss_repo/mujoco-eleanor/ROS2/install/mujoco_sim/lib/python3.8/site-packages/mujoco_sim/kuka
[1.058s] copying /home/palinauskas/Documents/fortiss_repo/mujoco-eleanor/ROS2/build/mujoco_sim/build/lib/mujoco_sim/kuka/full_kuka_INRC3_mounted_camera_ethernet.xml -> /home/palinauskas/Documents/fortiss_repo/mujoco-eleanor/ROS2/install/mujoco_sim/lib/python3.8/site-packages/mujoco_sim/kuka
[1.058s] copying /home/palinauskas/Documents/fortiss_repo/mujoco-eleanor/ROS2/build/mujoco_sim/build/lib/mujoco_sim/kuka/full_kuka_INRC3_mounted_camera_hole.xml -> /home/palinauskas/Documents/fortiss_repo/mujoco-eleanor/ROS2/install/mujoco_sim/lib/python3.8/site-packages/mujoco_sim/kuka
[1.058s] copying /home/palinauskas/Documents/fortiss_repo/mujoco-eleanor/ROS2/build/mujoco_sim/build/lib/mujoco_sim/kuka/full_kuka_INRC3_mounted_camera_vga.xml -> /home/palinauskas/Documents/fortiss_repo/mujoco-eleanor/ROS2/install/mujoco_sim/lib/python3.8/site-packages/mujoco_sim/kuka
[1.058s] copying /home/palinauskas/Documents/fortiss_repo/mujoco-eleanor/ROS2/build/mujoco_sim/build/lib/mujoco_sim/kuka/full_kuka_INRC3_mounted_camera_usb.xml -> /home/palinauskas/Documents/fortiss_repo/mujoco-eleanor/ROS2/install/mujoco_sim/lib/python3.8/site-packages/mujoco_sim/kuka
[1.058s] copying /home/palinauskas/Documents/fortiss_repo/mujoco-eleanor/ROS2/build/mujoco_sim/build/lib/mujoco_sim/kuka/kuka_assets.xml -> /home/palinauskas/Documents/fortiss_repo/mujoco-eleanor/ROS2/install/mujoco_sim/lib/python3.8/site-packages/mujoco_sim/kuka
[1.059s] creating /home/palinauskas/Documents/fortiss_repo/mujoco-eleanor/ROS2/install/mujoco_sim/lib/python3.8/site-packages/mujoco_sim/kuka/meshes
[1.059s] copying /home/palinauskas/Documents/fortiss_repo/mujoco-eleanor/ROS2/build/mujoco_sim/build/lib/mujoco_sim/kuka/meshes/hdmi2.stl -> /home/palinauskas/Documents/fortiss_repo/mujoco-eleanor/ROS2/install/mujoco_sim/lib/python3.8/site-packages/mujoco_sim/kuka/meshes
[1.059s] copying /home/palinauskas/Documents/fortiss_repo/mujoco-eleanor/ROS2/build/mujoco_sim/build/lib/mujoco_sim/kuka/meshes/kuka_link_5.stl -> /home/palinauskas/Documents/fortiss_repo/mujoco-eleanor/ROS2/install/mujoco_sim/lib/python3.8/site-packages/mujoco_sim/kuka/meshes
[1.059s] copying /home/palinauskas/Documents/fortiss_repo/mujoco-eleanor/ROS2/build/mujoco_sim/build/lib/mujoco_sim/kuka/meshes/hdmi.stl -> /home/palinauskas/Documents/fortiss_repo/mujoco-eleanor/ROS2/install/mujoco_sim/lib/python3.8/site-packages/mujoco_sim/kuka/meshes
[1.060s] copying /home/palinauskas/Documents/fortiss_repo/mujoco-eleanor/ROS2/build/mujoco_sim/build/lib/mujoco_sim/kuka/meshes/vga2.stl -> /home/palinauskas/Documents/fortiss_repo/mujoco-eleanor/ROS2/install/mujoco_sim/lib/python3.8/site-packages/mujoco_sim/kuka/meshes
[1.061s] copying /home/palinauskas/Documents/fortiss_repo/mujoco-eleanor/ROS2/build/mujoco_sim/build/lib/mujoco_sim/kuka/meshes/hole21.stl -> /home/palinauskas/Documents/fortiss_repo/mujoco-eleanor/ROS2/install/mujoco_sim/lib/python3.8/site-packages/mujoco_sim/kuka/meshes
[1.061s] copying /home/palinauskas/Documents/fortiss_repo/mujoco-eleanor/ROS2/build/mujoco_sim/build/lib/mujoco_sim/kuka/meshes/kuka_link_6.stl -> /home/palinauskas/Documents/fortiss_repo/mujoco-eleanor/ROS2/install/mujoco_sim/lib/python3.8/site-packages/mujoco_sim/kuka/meshes
[1.061s] copying /home/palinauskas/Documents/fortiss_repo/mujoco-eleanor/ROS2/build/mujoco_sim/build/lib/mujoco_sim/kuka/meshes/tool_cylinder1.stl -> /home/palinauskas/Documents/fortiss_repo/mujoco-eleanor/ROS2/install/mujoco_sim/lib/python3.8/site-packages/mujoco_sim/kuka/meshes
[1.062s] copying /home/palinauskas/Documents/fortiss_repo/mujoco-eleanor/ROS2/build/mujoco_sim/build/lib/mujoco_sim/kuka/meshes/hole.stl -> /home/palinauskas/Documents/fortiss_repo/mujoco-eleanor/ROS2/install/mujoco_sim/lib/python3.8/site-packages/mujoco_sim/kuka/meshes
[1.062s] copying /home/palinauskas/Documents/fortiss_repo/mujoco-eleanor/ROS2/build/mujoco_sim/build/lib/mujoco_sim/kuka/meshes/tool_cylinder.stl -> /home/palinauskas/Documents/fortiss_repo/mujoco-eleanor/ROS2/install/mujoco_sim/lib/python3.8/site-packages/mujoco_sim/kuka/meshes
[1.062s] copying /home/palinauskas/Documents/fortiss_repo/mujoco-eleanor/ROS2/build/mujoco_sim/build/lib/mujoco_sim/kuka/meshes/hole24.stl -> /home/palinauskas/Documents/fortiss_repo/mujoco-eleanor/ROS2/install/mujoco_sim/lib/python3.8/site-packages/mujoco_sim/kuka/meshes
[1.062s] copying /home/palinauskas/Documents/fortiss_repo/mujoco-eleanor/ROS2/build/mujoco_sim/build/lib/mujoco_sim/kuka/meshes/kuka_link_4.stl -> /home/palinauskas/Documents/fortiss_repo/mujoco-eleanor/ROS2/install/mujoco_sim/lib/python3.8/site-packages/mujoco_sim/kuka/meshes
[1.062s] copying /home/palinauskas/Documents/fortiss_repo/mujoco-eleanor/ROS2/build/mujoco_sim/build/lib/mujoco_sim/kuka/meshes/hole23.stl -> /home/palinauskas/Documents/fortiss_repo/mujoco-eleanor/ROS2/install/mujoco_sim/lib/python3.8/site-packages/mujoco_sim/kuka/meshes
[1.063s] copying /home/palinauskas/Documents/fortiss_repo/mujoco-eleanor/ROS2/build/mujoco_sim/build/lib/mujoco_sim/kuka/meshes/kuka_link_2.stl -> /home/palinauskas/Documents/fortiss_repo/mujoco-eleanor/ROS2/install/mujoco_sim/lib/python3.8/site-packages/mujoco_sim/kuka/meshes
[1.063s] copying /home/palinauskas/Documents/fortiss_repo/mujoco-eleanor/ROS2/build/mujoco_sim/build/lib/mujoco_sim/kuka/meshes/cylinder_triangular_hole.stl -> /home/palinauskas/Documents/fortiss_repo/mujoco-eleanor/ROS2/install/mujoco_sim/lib/python3.8/site-packages/mujoco_sim/kuka/meshes
[1.063s] copying /home/palinauskas/Documents/fortiss_repo/mujoco-eleanor/ROS2/build/mujoco_sim/build/lib/mujoco_sim/kuka/meshes/usb.stl -> /home/palinauskas/Documents/fortiss_repo/mujoco-eleanor/ROS2/install/mujoco_sim/lib/python3.8/site-packages/mujoco_sim/kuka/meshes
[1.063s] copying /home/palinauskas/Documents/fortiss_repo/mujoco-eleanor/ROS2/build/mujoco_sim/build/lib/mujoco_sim/kuka/meshes/hole22.stl -> /home/palinauskas/Documents/fortiss_repo/mujoco-eleanor/ROS2/install/mujoco_sim/lib/python3.8/site-packages/mujoco_sim/kuka/meshes
[1.063s] copying /home/palinauskas/Documents/fortiss_repo/mujoco-eleanor/ROS2/build/mujoco_sim/build/lib/mujoco_sim/kuka/meshes/hole20.stl -> /home/palinauskas/Documents/fortiss_repo/mujoco-eleanor/ROS2/install/mujoco_sim/lib/python3.8/site-packages/mujoco_sim/kuka/meshes
[1.064s] copying /home/palinauskas/Documents/fortiss_repo/mujoco-eleanor/ROS2/build/mujoco_sim/build/lib/mujoco_sim/kuka/meshes/__init__.py -> /home/palinauskas/Documents/fortiss_repo/mujoco-eleanor/ROS2/install/mujoco_sim/lib/python3.8/site-packages/mujoco_sim/kuka/meshes
[1.064s] copying /home/palinauskas/Documents/fortiss_repo/mujoco-eleanor/ROS2/build/mujoco_sim/build/lib/mujoco_sim/kuka/meshes/table.dae -> /home/palinauskas/Documents/fortiss_repo/mujoco-eleanor/ROS2/install/mujoco_sim/lib/python3.8/site-packages/mujoco_sim/kuka/meshes
[1.065s] copying /home/palinauskas/Documents/fortiss_repo/mujoco-eleanor/ROS2/build/mujoco_sim/build/lib/mujoco_sim/kuka/meshes/simple_shapes.stl -> /home/palinauskas/Documents/fortiss_repo/mujoco-eleanor/ROS2/install/mujoco_sim/lib/python3.8/site-packages/mujoco_sim/kuka/meshes
[1.065s] copying /home/palinauskas/Documents/fortiss_repo/mujoco-eleanor/ROS2/build/mujoco_sim/build/lib/mujoco_sim/kuka/meshes/table.stl -> /home/palinauskas/Documents/fortiss_repo/mujoco-eleanor/ROS2/install/mujoco_sim/lib/python3.8/site-packages/mujoco_sim/kuka/meshes
[1.066s] copying /home/palinauskas/Documents/fortiss_repo/mujoco-eleanor/ROS2/build/mujoco_sim/build/lib/mujoco_sim/kuka/meshes/kuka_link_1.stl -> /home/palinauskas/Documents/fortiss_repo/mujoco-eleanor/ROS2/install/mujoco_sim/lib/python3.8/site-packages/mujoco_sim/kuka/meshes
[1.067s] copying /home/palinauskas/Documents/fortiss_repo/mujoco-eleanor/ROS2/build/mujoco_sim/build/lib/mujoco_sim/kuka/meshes/kuka_link_7.stl -> /home/palinauskas/Documents/fortiss_repo/mujoco-eleanor/ROS2/install/mujoco_sim/lib/python3.8/site-packages/mujoco_sim/kuka/meshes
[1.068s] copying /home/palinauskas/Documents/fortiss_repo/mujoco-eleanor/ROS2/build/mujoco_sim/build/lib/mujoco_sim/kuka/meshes/tool_cylinder0.stl -> /home/palinauskas/Documents/fortiss_repo/mujoco-eleanor/ROS2/install/mujoco_sim/lib/python3.8/site-packages/mujoco_sim/kuka/meshes
[1.068s] copying /home/palinauskas/Documents/fortiss_repo/mujoco-eleanor/ROS2/build/mujoco_sim/build/lib/mujoco_sim/kuka/meshes/vga.stl -> /home/palinauskas/Documents/fortiss_repo/mujoco-eleanor/ROS2/install/mujoco_sim/lib/python3.8/site-packages/mujoco_sim/kuka/meshes
[1.069s] copying /home/palinauskas/Documents/fortiss_repo/mujoco-eleanor/ROS2/build/mujoco_sim/build/lib/mujoco_sim/kuka/meshes/hole3.stl -> /home/palinauskas/Documents/fortiss_repo/mujoco-eleanor/ROS2/install/mujoco_sim/lib/python3.8/site-packages/mujoco_sim/kuka/meshes
[1.069s] copying /home/palinauskas/Documents/fortiss_repo/mujoco-eleanor/ROS2/build/mujoco_sim/build/lib/mujoco_sim/kuka/meshes/hole2.stl -> /home/palinauskas/Documents/fortiss_repo/mujoco-eleanor/ROS2/install/mujoco_sim/lib/python3.8/site-packages/mujoco_sim/kuka/meshes
[1.069s] copying /home/palinauskas/Documents/fortiss_repo/mujoco-eleanor/ROS2/build/mujoco_sim/build/lib/mujoco_sim/kuka/meshes/kuka_link_3.stl -> /home/palinauskas/Documents/fortiss_repo/mujoco-eleanor/ROS2/install/mujoco_sim/lib/python3.8/site-packages/mujoco_sim/kuka/meshes
[1.070s] copying /home/palinauskas/Documents/fortiss_repo/mujoco-eleanor/ROS2/build/mujoco_sim/build/lib/mujoco_sim/kuka/meshes/simple_shapes1ascii.stl -> /home/palinauskas/Documents/fortiss_repo/mujoco-eleanor/ROS2/install/mujoco_sim/lib/python3.8/site-packages/mujoco_sim/kuka/meshes
[1.071s] copying /home/palinauskas/Documents/fortiss_repo/mujoco-eleanor/ROS2/build/mujoco_sim/build/lib/mujoco_sim/kuka/meshes/usb2.stl -> /home/palinauskas/Documents/fortiss_repo/mujoco-eleanor/ROS2/install/mujoco_sim/lib/python3.8/site-packages/mujoco_sim/kuka/meshes
[1.071s] copying /home/palinauskas/Documents/fortiss_repo/mujoco-eleanor/ROS2/build/mujoco_sim/build/lib/mujoco_sim/kuka/meshes/ethernet.stl -> /home/palinauskas/Documents/fortiss_repo/mujoco-eleanor/ROS2/install/mujoco_sim/lib/python3.8/site-packages/mujoco_sim/kuka/meshes
[1.071s] copying /home/palinauskas/Documents/fortiss_repo/mujoco-eleanor/ROS2/build/mujoco_sim/build/lib/mujoco_sim/kuka/meshes/industrial_sockets.stl -> /home/palinauskas/Documents/fortiss_repo/mujoco-eleanor/ROS2/install/mujoco_sim/lib/python3.8/site-packages/mujoco_sim/kuka/meshes
[1.073s] copying /home/palinauskas/Documents/fortiss_repo/mujoco-eleanor/ROS2/build/mujoco_sim/build/lib/mujoco_sim/kuka/meshes/kuka_link_0.stl -> /home/palinauskas/Documents/fortiss_repo/mujoco-eleanor/ROS2/install/mujoco_sim/lib/python3.8/site-packages/mujoco_sim/kuka/meshes
[1.074s] copying /home/palinauskas/Documents/fortiss_repo/mujoco-eleanor/ROS2/build/mujoco_sim/build/lib/mujoco_sim/kuka/meshes/ethernet2.stl -> /home/palinauskas/Documents/fortiss_repo/mujoco-eleanor/ROS2/install/mujoco_sim/lib/python3.8/site-packages/mujoco_sim/kuka/meshes
[1.074s] copying /home/palinauskas/Documents/fortiss_repo/mujoco-eleanor/ROS2/build/mujoco_sim/build/lib/mujoco_sim/kuka/kuka_actuators.xml -> /home/palinauskas/Documents/fortiss_repo/mujoco-eleanor/ROS2/install/mujoco_sim/lib/python3.8/site-packages/mujoco_sim/kuka
[1.074s] copying /home/palinauskas/Documents/fortiss_repo/mujoco-eleanor/ROS2/build/mujoco_sim/build/lib/mujoco_sim/kuka/full_kuka_INRC3_mounted_camera_hdmi.xml -> /home/palinauskas/Documents/fortiss_repo/mujoco-eleanor/ROS2/install/mujoco_sim/lib/python3.8/site-packages/mujoco_sim/kuka
[1.074s] copying /home/palinauskas/Documents/fortiss_repo/mujoco-eleanor/ROS2/build/mujoco_sim/build/lib/mujoco_sim/kuka/kuka_mesh_collision_peg_ee_camera.xml -> /home/palinauskas/Documents/fortiss_repo/mujoco-eleanor/ROS2/install/mujoco_sim/lib/python3.8/site-packages/mujoco_sim/kuka
[1.074s] copying /home/palinauskas/Documents/fortiss_repo/mujoco-eleanor/ROS2/build/mujoco_sim/build/lib/mujoco_sim/impedance_controller_server.py -> /home/palinauskas/Documents/fortiss_repo/mujoco-eleanor/ROS2/install/mujoco_sim/lib/python3.8/site-packages/mujoco_sim
[1.074s] copying /home/palinauskas/Documents/fortiss_repo/mujoco-eleanor/ROS2/build/mujoco_sim/build/lib/mujoco_sim/camera_events_publisher.py -> /home/palinauskas/Documents/fortiss_repo/mujoco-eleanor/ROS2/install/mujoco_sim/lib/python3.8/site-packages/mujoco_sim
[1.074s] copying /home/palinauskas/Documents/fortiss_repo/mujoco-eleanor/ROS2/build/mujoco_sim/build/lib/mujoco_sim/__init__.py -> /home/palinauskas/Documents/fortiss_repo/mujoco-eleanor/ROS2/install/mujoco_sim/lib/python3.8/site-packages/mujoco_sim
[1.075s] creating /home/palinauskas/Documents/fortiss_repo/mujoco-eleanor/ROS2/install/mujoco_sim/lib/python3.8/site-packages/mujoco_sim/mujoco_env
[1.075s] copying /home/palinauskas/Documents/fortiss_repo/mujoco-eleanor/ROS2/build/mujoco_sim/build/lib/mujoco_sim/mujoco_env/im_mujoco_env.py -> /home/palinauskas/Documents/fortiss_repo/mujoco-eleanor/ROS2/install/mujoco_sim/lib/python3.8/site-packages/mujoco_sim/mujoco_env
[1.075s] copying /home/palinauskas/Documents/fortiss_repo/mujoco-eleanor/ROS2/build/mujoco_sim/build/lib/mujoco_sim/mujoco_env/simple_mujoco_env.py -> /home/palinauskas/Documents/fortiss_repo/mujoco-eleanor/ROS2/install/mujoco_sim/lib/python3.8/site-packages/mujoco_sim/mujoco_env
[1.075s] copying /home/palinauskas/Documents/fortiss_repo/mujoco-eleanor/ROS2/build/mujoco_sim/build/lib/mujoco_sim/mujoco_env/__init__.py -> /home/palinauskas/Documents/fortiss_repo/mujoco-eleanor/ROS2/install/mujoco_sim/lib/python3.8/site-packages/mujoco_sim/mujoco_env
[1.075s] creating /home/palinauskas/Documents/fortiss_repo/mujoco-eleanor/ROS2/install/mujoco_sim/lib/python3.8/site-packages/mujoco_sim/controllers
[1.075s] copying /home/palinauskas/Documents/fortiss_repo/mujoco-eleanor/ROS2/build/mujoco_sim/build/lib/mujoco_sim/controllers/__init__.py -> /home/palinauskas/Documents/fortiss_repo/mujoco-eleanor/ROS2/install/mujoco_sim/lib/python3.8/site-packages/mujoco_sim/controllers
[1.075s] copying /home/palinauskas/Documents/fortiss_repo/mujoco-eleanor/ROS2/build/mujoco_sim/build/lib/mujoco_sim/controllers/full_impedance_controller.py -> /home/palinauskas/Documents/fortiss_repo/mujoco-eleanor/ROS2/install/mujoco_sim/lib/python3.8/site-packages/mujoco_sim/controllers
[1.075s] copying /home/palinauskas/Documents/fortiss_repo/mujoco-eleanor/ROS2/build/mujoco_sim/build/lib/mujoco_sim/controllers/base_controller.py -> /home/palinauskas/Documents/fortiss_repo/mujoco-eleanor/ROS2/install/mujoco_sim/lib/python3.8/site-packages/mujoco_sim/controllers
[1.076s] creating /home/palinauskas/Documents/fortiss_repo/mujoco-eleanor/ROS2/install/mujoco_sim/lib/python3.8/site-packages/mujoco_sim/utils
[1.076s] copying /home/palinauskas/Documents/fortiss_repo/mujoco-eleanor/ROS2/build/mujoco_sim/build/lib/mujoco_sim/utils/kinematics.py -> /home/palinauskas/Documents/fortiss_repo/mujoco-eleanor/ROS2/install/mujoco_sim/lib/python3.8/site-packages/mujoco_sim/utils
[1.076s] copying /home/palinauskas/Documents/fortiss_repo/mujoco-eleanor/ROS2/build/mujoco_sim/build/lib/mujoco_sim/utils/__init__.py -> /home/palinauskas/Documents/fortiss_repo/mujoco-eleanor/ROS2/install/mujoco_sim/lib/python3.8/site-packages/mujoco_sim/utils
[1.076s] copying /home/palinauskas/Documents/fortiss_repo/mujoco-eleanor/ROS2/build/mujoco_sim/build/lib/mujoco_sim/utils/mujoco_utils.py -> /home/palinauskas/Documents/fortiss_repo/mujoco-eleanor/ROS2/install/mujoco_sim/lib/python3.8/site-packages/mujoco_sim/utils
[1.076s] copying /home/palinauskas/Documents/fortiss_repo/mujoco-eleanor/ROS2/build/mujoco_sim/build/lib/mujoco_sim/utils/read_cfg.py -> /home/palinauskas/Documents/fortiss_repo/mujoco-eleanor/ROS2/install/mujoco_sim/lib/python3.8/site-packages/mujoco_sim/utils
[1.076s] copying /home/palinauskas/Documents/fortiss_repo/mujoco-eleanor/ROS2/build/mujoco_sim/build/lib/mujoco_sim/utils/quaternion.py -> /home/palinauskas/Documents/fortiss_repo/mujoco-eleanor/ROS2/install/mujoco_sim/lib/python3.8/site-packages/mujoco_sim/utils
[1.076s] creating /home/palinauskas/Documents/fortiss_repo/mujoco-eleanor/ROS2/install/mujoco_sim/lib/python3.8/site-packages/mujoco_sim/cfg
[1.076s] copying /home/palinauskas/Documents/fortiss_repo/mujoco-eleanor/ROS2/build/mujoco_sim/build/lib/mujoco_sim/cfg/cfg.yaml -> /home/palinauskas/Documents/fortiss_repo/mujoco-eleanor/ROS2/install/mujoco_sim/lib/python3.8/site-packages/mujoco_sim/cfg
[1.077s] byte-compiling /home/palinauskas/Documents/fortiss_repo/mujoco-eleanor/ROS2/install/mujoco_sim/lib/python3.8/site-packages/mujoco_sim/kuka/meshes/__init__.py to __init__.cpython-38.pyc
[1.078s] byte-compiling /home/palinauskas/Documents/fortiss_repo/mujoco-eleanor/ROS2/install/mujoco_sim/lib/python3.8/site-packages/mujoco_sim/impedance_controller_server.py to impedance_controller_server.cpython-38.pyc
[1.079s] byte-compiling /home/palinauskas/Documents/fortiss_repo/mujoco-eleanor/ROS2/install/mujoco_sim/lib/python3.8/site-packages/mujoco_sim/camera_events_publisher.py to camera_events_publisher.cpython-38.pyc
[1.080s] byte-compiling /home/palinauskas/Documents/fortiss_repo/mujoco-eleanor/ROS2/install/mujoco_sim/lib/python3.8/site-packages/mujoco_sim/__init__.py to __init__.cpython-38.pyc
[1.080s] byte-compiling /home/palinauskas/Documents/fortiss_repo/mujoco-eleanor/ROS2/install/mujoco_sim/lib/python3.8/site-packages/mujoco_sim/mujoco_env/im_mujoco_env.py to im_mujoco_env.cpython-38.pyc
[1.081s] byte-compiling /home/palinauskas/Documents/fortiss_repo/mujoco-eleanor/ROS2/install/mujoco_sim/lib/python3.8/site-packages/mujoco_sim/mujoco_env/simple_mujoco_env.py to simple_mujoco_env.cpython-38.pyc
[1.081s] byte-compiling /home/palinauskas/Documents/fortiss_repo/mujoco-eleanor/ROS2/install/mujoco_sim/lib/python3.8/site-packages/mujoco_sim/mujoco_env/__init__.py to __init__.cpython-38.pyc
[1.081s] byte-compiling /home/palinauskas/Documents/fortiss_repo/mujoco-eleanor/ROS2/install/mujoco_sim/lib/python3.8/site-packages/mujoco_sim/controllers/__init__.py to __init__.cpython-38.pyc
[1.081s] byte-compiling /home/palinauskas/Documents/fortiss_repo/mujoco-eleanor/ROS2/install/mujoco_sim/lib/python3.8/site-packages/mujoco_sim/controllers/full_impedance_controller.py to full_impedance_controller.cpython-38.pyc
[1.082s] byte-compiling /home/palinauskas/Documents/fortiss_repo/mujoco-eleanor/ROS2/install/mujoco_sim/lib/python3.8/site-packages/mujoco_sim/controllers/base_controller.py to base_controller.cpython-38.pyc
[1.082s] byte-compiling /home/palinauskas/Documents/fortiss_repo/mujoco-eleanor/ROS2/install/mujoco_sim/lib/python3.8/site-packages/mujoco_sim/utils/kinematics.py to kinematics.cpython-38.pyc
[1.083s] byte-compiling /home/palinauskas/Documents/fortiss_repo/mujoco-eleanor/ROS2/install/mujoco_sim/lib/python3.8/site-packages/mujoco_sim/utils/__init__.py to __init__.cpython-38.pyc
[1.083s] byte-compiling /home/palinauskas/Documents/fortiss_repo/mujoco-eleanor/ROS2/install/mujoco_sim/lib/python3.8/site-packages/mujoco_sim/utils/mujoco_utils.py to mujoco_utils.cpython-38.pyc
[1.084s] byte-compiling /home/palinauskas/Documents/fortiss_repo/mujoco-eleanor/ROS2/install/mujoco_sim/lib/python3.8/site-packages/mujoco_sim/utils/read_cfg.py to read_cfg.cpython-38.pyc
[1.084s] byte-compiling /home/palinauskas/Documents/fortiss_repo/mujoco-eleanor/ROS2/install/mujoco_sim/lib/python3.8/site-packages/mujoco_sim/utils/quaternion.py to quaternion.cpython-38.pyc
[1.084s] running install_data
[1.085s] creating /home/palinauskas/Documents/fortiss_repo/mujoco-eleanor/ROS2/install/mujoco_sim/share/ament_index
[1.085s] creating /home/palinauskas/Documents/fortiss_repo/mujoco-eleanor/ROS2/install/mujoco_sim/share/ament_index/resource_index
[1.085s] creating /home/palinauskas/Documents/fortiss_repo/mujoco-eleanor/ROS2/install/mujoco_sim/share/ament_index/resource_index/packages
[1.085s] copying resource/mujoco_sim -> /home/palinauskas/Documents/fortiss_repo/mujoco-eleanor/ROS2/install/mujoco_sim/share/ament_index/resource_index/packages
[1.085s] copying package.xml -> /home/palinauskas/Documents/fortiss_repo/mujoco-eleanor/ROS2/install/mujoco_sim/share/mujoco_sim
[1.085s] copying launch/run_turn_off_camera.launch.py -> /home/palinauskas/Documents/fortiss_repo/mujoco-eleanor/ROS2/install/mujoco_sim/share/mujoco_sim
[1.085s] copying launch/run_mujoco_sim.launch.py -> /home/palinauskas/Documents/fortiss_repo/mujoco-eleanor/ROS2/install/mujoco_sim/share/mujoco_sim
[1.085s] copying launch/run_set_desired_pose_name.launch.py -> /home/palinauskas/Documents/fortiss_repo/mujoco-eleanor/ROS2/install/mujoco_sim/share/mujoco_sim
[1.085s] copying launch/template_saccades.launch.py -> /home/palinauskas/Documents/fortiss_repo/mujoco-eleanor/ROS2/install/mujoco_sim/share/mujoco_sim
[1.085s] copying launch/run_saccades.launch.py -> /home/palinauskas/Documents/fortiss_repo/mujoco-eleanor/ROS2/install/mujoco_sim/share/mujoco_sim
[1.085s] running install_egg_info
[1.086s] Copying ../../build/mujoco_sim/mujoco_sim.egg-info to /home/palinauskas/Documents/fortiss_repo/mujoco-eleanor/ROS2/install/mujoco_sim/lib/python3.8/site-packages/mujoco_sim-0.0.0-py3.8.egg-info
[1.087s] running install_scripts
[1.099s] Installing camera_events_publisher script to /home/palinauskas/Documents/fortiss_repo/mujoco-eleanor/ROS2/install/mujoco_sim/lib/mujoco_sim
[1.099s] Installing impedance_controller_server script to /home/palinauskas/Documents/fortiss_repo/mujoco-eleanor/ROS2/install/mujoco_sim/lib/mujoco_sim
[1.099s] Installing test script to /home/palinauskas/Documents/fortiss_repo/mujoco-eleanor/ROS2/install/mujoco_sim/lib/mujoco_sim
[1.100s] writing list of installed files to '/home/palinauskas/Documents/fortiss_repo/mujoco-eleanor/ROS2/build/mujoco_sim/install.log'
[1.121s] Invoked command in '/home/palinauskas/Documents/fortiss_repo/mujoco-eleanor/ROS2/src/mujoco_sim' returned '0': AMENT_PREFIX_PATH=/home/palinauskas/Documents/fortiss_repo/mujoco-eleanor/ROS2/install/controller_interface:/home/palinauskas/Documents/fortiss_repo/mujoco-eleanor/ROS2/install/camera_event_data_interface:${AMENT_PREFIX_PATH} CMAKE_PREFIX_PATH=/home/palinauskas/Documents/fortiss_repo/mujoco-eleanor/ROS2/install/controller_interface:/home/palinauskas/Documents/fortiss_repo/mujoco-eleanor/ROS2/install/camera_event_data_interface LD_LIBRARY_PATH=/home/palinauskas/Documents/fortiss_repo/mujoco-eleanor/ROS2/install/controller_interface/lib:/home/palinauskas/Documents/fortiss_repo/mujoco-eleanor/ROS2/install/camera_event_data_interface/lib:/opt/ros/galactic/opt/yaml_cpp_vendor/lib:/opt/ros/galactic/opt/rviz_ogre_vendor/lib:/opt/ros/galactic/lib/x86_64-linux-gnu:/opt/ros/galactic/lib:/usr/local/cuda-11.3/lib64 PYTHONPATH=/home/palinauskas/Documents/fortiss_repo/mujoco-eleanor/ROS2/build/mujoco_sim/prefix_override:/home/palinauskas/Documents/fortiss_repo/mujoco-eleanor/ROS2/install/mujoco_sim/lib/python3.8/site-packages:/home/palinauskas/Documents/fortiss_repo/mujoco-eleanor/ROS2/install/controller_interface/lib/python3.8/site-packages:/home/palinauskas/Documents/fortiss_repo/mujoco-eleanor/ROS2/install/camera_event_data_interface/lib/python3.8/site-packages:${PYTHONPATH} /usr/bin/python3 setup.py egg_info --egg-base ../../build/mujoco_sim build --build-base /home/palinauskas/Documents/fortiss_repo/mujoco-eleanor/ROS2/build/mujoco_sim/build install --record /home/palinauskas/Documents/fortiss_repo/mujoco-eleanor/ROS2/build/mujoco_sim/install.log --single-version-externally-managed
