[0.017s] Invoking command in '/home/palinauskas/Documents/fortiss_repo/mujoco-eleanor/ROS2/build/camera_event_data_interface': CMAKE_PREFIX_PATH=/opt/ros/galactic /usr/bin/cmake /home/palinauskas/Documents/fortiss_repo/mujoco-eleanor/ROS2/src/camera_event_data_interface -DCMAKE_INSTALL_PREFIX=/home/palinauskas/Documents/fortiss_repo/mujoco-eleanor/ROS2/install/camera_event_data_interface
[0.129s] -- The C compiler identification is GNU 9.4.0
[0.206s] -- The CXX compiler identification is GNU 9.4.0
[0.212s] -- Check for working C compiler: /usr/bin/cc
[0.275s] -- Check for working C compiler: /usr/bin/cc -- works
[0.276s] -- Detecting C compiler ABI info
[0.339s] -- Detecting C compiler ABI info - done
[0.346s] -- Detecting C compile features
[0.347s] -- Detecting C compile features - done
[0.349s] -- Check for working CXX compiler: /usr/bin/c++
[0.417s] -- Check for working CXX compiler: /usr/bin/c++ -- works
[0.417s] -- Detecting CXX compiler ABI info
[0.488s] -- Detecting CXX compiler ABI info - done
[0.496s] -- Detecting CXX compile features
[0.497s] -- Detecting CXX compile features - done
[0.501s] -- Found ament_cmake: 1.1.6 (/opt/ros/galactic/share/ament_cmake/cmake)
[0.526s] -- Found PythonInterp: /usr/bin/python3 (found suitable version "3.8.10", minimum required is "3") 
[0.526s] -- Using PYTHON_EXECUTABLE: /usr/bin/python3
[0.615s] -- Found rosidl_default_generators: 1.1.1 (/opt/ros/galactic/share/rosidl_default_generators/cmake)
[0.619s] -- Using all available rosidl_typesupport_c: rosidl_typesupport_fastrtps_c;rosidl_typesupport_introspection_c
[0.625s] -- Found rosidl_adapter: 2.2.3 (/opt/ros/galactic/share/rosidl_adapter/cmake)
[0.719s] -- Found OpenSSL: /usr/lib/x86_64-linux-gnu/libcrypto.so (found version "1.1.1f")  
[0.751s] -- Found FastRTPS: /opt/ros/galactic/include  
[0.826s] -- Using all available rosidl_typesupport_cpp: rosidl_typesupport_fastrtps_cpp;rosidl_typesupport_introspection_cpp
[0.864s] -- Found PythonInterp: /usr/bin/python3 (found version "3.8.10") 
[0.962s] -- Found ament_cmake_ros: 0.9.2 (/opt/ros/galactic/share/ament_cmake_ros/cmake)
[1.047s] -- Using all available rosidl_typesupport_c: rosidl_typesupport_fastrtps_c;rosidl_typesupport_introspection_c
[1.053s] -- Using all available rosidl_typesupport_cpp: rosidl_typesupport_fastrtps_cpp;rosidl_typesupport_introspection_cpp
[1.072s] -- Found PythonInterp: /usr/bin/python3 (found suitable version "3.8.10", minimum required is "3.5") 
[1.074s] -- Found python_cmake_module: 0.8.1 (/opt/ros/galactic/share/python_cmake_module/cmake)
[1.099s] -- Found PythonLibs: /usr/lib/x86_64-linux-gnu/libpython3.8.so (found suitable version "3.8.10", minimum required is "3.5") 
[1.099s] -- Using PYTHON_EXECUTABLE: /usr/bin/python3
[1.099s] -- Using PYTHON_INCLUDE_DIRS: /usr/include/python3.8
[1.099s] -- Using PYTHON_LIBRARIES: /usr/lib/x86_64-linux-gnu/libpython3.8.so
[1.117s] -- Found PythonExtra: .so  
[1.153s] -- Found ament_lint_auto: 0.10.7 (/opt/ros/galactic/share/ament_lint_auto/cmake)
[1.175s] -- Added test 'copyright' to check source files copyright and LICENSE
[1.177s] -- Added test 'lint_cmake' to check CMake code style
[1.178s] -- Added test 'xmllint' to check XML markup files
[1.182s] -- Configuring done
[1.206s] -- Generating done
[1.209s] -- Build files have been written to: /home/palinauskas/Documents/fortiss_repo/mujoco-eleanor/ROS2/build/camera_event_data_interface
[1.213s] Invoked command in '/home/palinauskas/Documents/fortiss_repo/mujoco-eleanor/ROS2/build/camera_event_data_interface' returned '0': CMAKE_PREFIX_PATH=/opt/ros/galactic /usr/bin/cmake /home/palinauskas/Documents/fortiss_repo/mujoco-eleanor/ROS2/src/camera_event_data_interface -DCMAKE_INSTALL_PREFIX=/home/palinauskas/Documents/fortiss_repo/mujoco-eleanor/ROS2/install/camera_event_data_interface
[1.216s] Invoking command in '/home/palinauskas/Documents/fortiss_repo/mujoco-eleanor/ROS2/build/camera_event_data_interface': CMAKE_PREFIX_PATH=/opt/ros/galactic /usr/bin/cmake --build /home/palinauskas/Documents/fortiss_repo/mujoco-eleanor/ROS2/build/camera_event_data_interface -- -j8 -l8
[1.262s] [  3%] [34m[1mGenerating C code for ROS interfaces[0m
[1.262s] [35m[1mScanning dependencies of target camera_event_data_interface__cpp[0m
[1.278s] [  6%] [34m[1mGenerating C++ code for ROS interfaces[0m
[1.490s] [  6%] Built target camera_event_data_interface__cpp
[1.507s] [ 12%] [34m[1mGenerating C++ type support dispatch for ROS interfaces[0m
[1.508s] [ 12%] [34m[1mGenerating C++ introspection for ROS interfaces[0m
[1.513s] [ 16%] [34m[1mGenerating C++ type support for eProsima Fast-RTPS[0m
[1.528s] [35m[1mScanning dependencies of target camera_event_data_interface__rosidl_generator_c[0m
[1.547s] [ 19%] [32mBuilding C object CMakeFiles/camera_event_data_interface__rosidl_generator_c.dir/rosidl_generator_c/camera_event_data_interface/msg/detail/camera_events__functions.c.o[0m
[1.687s] [ 22%] [32m[1mLinking C shared library libcamera_event_data_interface__rosidl_generator_c.so[0m
[1.742s] [ 22%] Built target camera_event_data_interface__rosidl_generator_c
[1.765s] [ 25%] [34m[1mGenerating C introspection for ROS interfaces[0m
[1.773s] [ 29%] [34m[1mGenerating C type support dispatch for ROS interfaces[0m
[1.818s] [35m[1mScanning dependencies of target camera_event_data_interface__rosidl_typesupport_cpp[0m
[1.826s] [35m[1mScanning dependencies of target camera_event_data_interface__rosidl_typesupport_introspection_cpp[0m
[1.836s] [35m[1mScanning dependencies of target camera_event_data_interface__rosidl_typesupport_fastrtps_cpp[0m
[1.864s] [ 32%] [32mBuilding CXX object CMakeFiles/camera_event_data_interface__rosidl_typesupport_fastrtps_cpp.dir/rosidl_typesupport_fastrtps_cpp/camera_event_data_interface/msg/detail/dds_fastrtps/camera_events__type_support.cpp.o[0m
[1.865s] [ 35%] [32mBuilding CXX object CMakeFiles/camera_event_data_interface__rosidl_typesupport_cpp.dir/rosidl_typesupport_cpp/camera_event_data_interface/msg/camera_events__type_support.cpp.o[0m
[1.873s] [ 38%] [32mBuilding CXX object CMakeFiles/camera_event_data_interface__rosidl_typesupport_introspection_cpp.dir/rosidl_typesupport_introspection_cpp/camera_event_data_interface/msg/detail/camera_events__type_support.cpp.o[0m
[2.046s] [35m[1mScanning dependencies of target camera_event_data_interface__rosidl_typesupport_introspection_c[0m
[2.079s] [35m[1mScanning dependencies of target camera_event_data_interface__rosidl_typesupport_c[0m
[2.099s] [ 41%] [32mBuilding C object CMakeFiles/camera_event_data_interface__rosidl_typesupport_introspection_c.dir/rosidl_typesupport_introspection_c/camera_event_data_interface/msg/detail/camera_events__type_support.c.o[0m
[2.111s] [ 45%] [32mBuilding CXX object CMakeFiles/camera_event_data_interface__rosidl_typesupport_c.dir/rosidl_typesupport_c/camera_event_data_interface/msg/camera_events__type_support.cpp.o[0m
[2.162s] [ 48%] [32m[1mLinking C shared library libcamera_event_data_interface__rosidl_typesupport_introspection_c.so[0m
[2.177s] [ 51%] [32m[1mLinking CXX shared library libcamera_event_data_interface__rosidl_typesupport_c.so[0m
[2.215s] [ 54%] [32m[1mLinking CXX shared library libcamera_event_data_interface__rosidl_typesupport_cpp.so[0m
[2.230s] [ 54%] Built target camera_event_data_interface__rosidl_typesupport_introspection_c
[2.266s] [ 54%] Built target camera_event_data_interface__rosidl_typesupport_c
[2.297s] [ 54%] Built target camera_event_data_interface__rosidl_typesupport_cpp
[2.333s] [ 58%] [32m[1mLinking CXX shared library libcamera_event_data_interface__rosidl_typesupport_introspection_cpp.so[0m
[2.393s] [ 58%] Built target camera_event_data_interface__rosidl_typesupport_introspection_cpp
[2.467s] [ 61%] [32m[1mLinking CXX shared library libcamera_event_data_interface__rosidl_typesupport_fastrtps_cpp.so[0m
[2.559s] [ 61%] Built target camera_event_data_interface__rosidl_typesupport_fastrtps_cpp
[2.573s] [ 64%] [34m[1mGenerating C type support for eProsima Fast-RTPS[0m
[2.899s] [35m[1mScanning dependencies of target camera_event_data_interface__rosidl_typesupport_fastrtps_c[0m
[2.925s] [ 67%] [32mBuilding CXX object CMakeFiles/camera_event_data_interface__rosidl_typesupport_fastrtps_c.dir/rosidl_typesupport_fastrtps_c/camera_event_data_interface/msg/detail/camera_events__type_support_c.cpp.o[0m
[3.285s] [ 70%] [32m[1mLinking CXX shared library libcamera_event_data_interface__rosidl_typesupport_fastrtps_c.so[0m
[3.393s] [ 70%] Built target camera_event_data_interface__rosidl_typesupport_fastrtps_c
[3.430s] [35m[1mScanning dependencies of target camera_event_data_interface[0m
[3.450s] [ 70%] Built target camera_event_data_interface
[3.500s] [35m[1mScanning dependencies of target camera_event_data_interface__py[0m
[3.581s] [ 74%] [34m[1mGenerating Python code for ROS interfaces[0m
[4.486s] [ 74%] Built target camera_event_data_interface__py
[4.530s] [35m[1mScanning dependencies of target camera_event_data_interface__python[0m
[4.621s] [ 77%] [32mBuilding C object CMakeFiles/camera_event_data_interface__python.dir/rosidl_generator_py/camera_event_data_interface/msg/_camera_events_s.c.o[0m
[4.868s] [ 80%] [32m[1mLinking C shared library rosidl_generator_py/camera_event_data_interface/libcamera_event_data_interface__python.so[0m
[4.953s] [ 80%] Built target camera_event_data_interface__python
[4.973s] [35m[1mScanning dependencies of target camera_event_data_interface__rosidl_typesupport_introspection_c__pyext[0m
[4.979s] [35m[1mScanning dependencies of target camera_event_data_interface__rosidl_typesupport_c__pyext[0m
[4.982s] [35m[1mScanning dependencies of target camera_event_data_interface__rosidl_typesupport_fastrtps_c__pyext[0m
[5.022s] [ 83%] [32mBuilding C object CMakeFiles/camera_event_data_interface__rosidl_typesupport_c__pyext.dir/rosidl_generator_py/camera_event_data_interface/_camera_event_data_interface_s.ep.rosidl_typesupport_c.c.o[0m
[5.037s] [ 87%] [32mBuilding C object CMakeFiles/camera_event_data_interface__rosidl_typesupport_fastrtps_c__pyext.dir/rosidl_generator_py/camera_event_data_interface/_camera_event_data_interface_s.ep.rosidl_typesupport_fastrtps_c.c.o[0m
[5.043s] [ 90%] [32mBuilding C object CMakeFiles/camera_event_data_interface__rosidl_typesupport_introspection_c__pyext.dir/rosidl_generator_py/camera_event_data_interface/_camera_event_data_interface_s.ep.rosidl_typesupport_introspection_c.c.o[0m
[5.155s] [ 93%] [32m[1mLinking C shared library rosidl_generator_py/camera_event_data_interface/camera_event_data_interface_s__rosidl_typesupport_c.cpython-38-x86_64-linux-gnu.so[0m
[5.162s] [ 96%] [32m[1mLinking CXX shared library rosidl_generator_py/camera_event_data_interface/camera_event_data_interface_s__rosidl_typesupport_fastrtps_c.cpython-38-x86_64-linux-gnu.so[0m
[5.171s] [100%] [32m[1mLinking C shared library rosidl_generator_py/camera_event_data_interface/camera_event_data_interface_s__rosidl_typesupport_introspection_c.cpython-38-x86_64-linux-gnu.so[0m
[5.201s] [100%] Built target camera_event_data_interface__rosidl_typesupport_c__pyext
[5.209s] [100%] Built target camera_event_data_interface__rosidl_typesupport_introspection_c__pyext
[5.231s] [100%] Built target camera_event_data_interface__rosidl_typesupport_fastrtps_c__pyext
[5.243s] Invoked command in '/home/palinauskas/Documents/fortiss_repo/mujoco-eleanor/ROS2/build/camera_event_data_interface' returned '0': CMAKE_PREFIX_PATH=/opt/ros/galactic /usr/bin/cmake --build /home/palinauskas/Documents/fortiss_repo/mujoco-eleanor/ROS2/build/camera_event_data_interface -- -j8 -l8
[5.310s] Invoking command in '/home/palinauskas/Documents/fortiss_repo/mujoco-eleanor/ROS2/build/camera_event_data_interface': CMAKE_PREFIX_PATH=/opt/ros/galactic /usr/bin/cmake --install /home/palinauskas/Documents/fortiss_repo/mujoco-eleanor/ROS2/build/camera_event_data_interface
[5.320s] -- Install configuration: ""
[5.320s] -- Installing: /home/palinauskas/Documents/fortiss_repo/mujoco-eleanor/ROS2/install/camera_event_data_interface/share/ament_index/resource_index/rosidl_interfaces/camera_event_data_interface
[5.320s] -- Installing: /home/palinauskas/Documents/fortiss_repo/mujoco-eleanor/ROS2/install/camera_event_data_interface/include/camera_event_data_interface
[5.320s] -- Installing: /home/palinauskas/Documents/fortiss_repo/mujoco-eleanor/ROS2/install/camera_event_data_interface/include/camera_event_data_interface/msg
[5.321s] -- Installing: /home/palinauskas/Documents/fortiss_repo/mujoco-eleanor/ROS2/install/camera_event_data_interface/include/camera_event_data_interface/msg/camera_events.h
[5.321s] -- Installing: /home/palinauskas/Documents/fortiss_repo/mujoco-eleanor/ROS2/install/camera_event_data_interface/include/camera_event_data_interface/msg/detail
[5.321s] -- Installing: /home/palinauskas/Documents/fortiss_repo/mujoco-eleanor/ROS2/install/camera_event_data_interface/include/camera_event_data_interface/msg/detail/camera_events__functions.h
[5.321s] -- Installing: /home/palinauskas/Documents/fortiss_repo/mujoco-eleanor/ROS2/install/camera_event_data_interface/include/camera_event_data_interface/msg/detail/camera_events__type_support.h
[5.321s] -- Installing: /home/palinauskas/Documents/fortiss_repo/mujoco-eleanor/ROS2/install/camera_event_data_interface/include/camera_event_data_interface/msg/detail/camera_events__functions.c
[5.321s] -- Installing: /home/palinauskas/Documents/fortiss_repo/mujoco-eleanor/ROS2/install/camera_event_data_interface/include/camera_event_data_interface/msg/detail/camera_events__struct.h
[5.321s] -- Installing: /home/palinauskas/Documents/fortiss_repo/mujoco-eleanor/ROS2/install/camera_event_data_interface/include/camera_event_data_interface/msg/rosidl_generator_c__visibility_control.h
[5.321s] -- Installing: /home/palinauskas/Documents/fortiss_repo/mujoco-eleanor/ROS2/install/camera_event_data_interface/share/camera_event_data_interface/environment/library_path.sh
[5.321s] -- Installing: /home/palinauskas/Documents/fortiss_repo/mujoco-eleanor/ROS2/install/camera_event_data_interface/share/camera_event_data_interface/environment/library_path.dsv
[5.322s] -- Installing: /home/palinauskas/Documents/fortiss_repo/mujoco-eleanor/ROS2/install/camera_event_data_interface/lib/libcamera_event_data_interface__rosidl_generator_c.so
[5.322s] -- Set runtime path of "/home/palinauskas/Documents/fortiss_repo/mujoco-eleanor/ROS2/install/camera_event_data_interface/lib/libcamera_event_data_interface__rosidl_generator_c.so" to ""
[5.322s] -- Up-to-date: /home/palinauskas/Documents/fortiss_repo/mujoco-eleanor/ROS2/install/camera_event_data_interface/include/camera_event_data_interface
[5.322s] -- Up-to-date: /home/palinauskas/Documents/fortiss_repo/mujoco-eleanor/ROS2/install/camera_event_data_interface/include/camera_event_data_interface/msg
[5.322s] -- Up-to-date: /home/palinauskas/Documents/fortiss_repo/mujoco-eleanor/ROS2/install/camera_event_data_interface/include/camera_event_data_interface/msg/detail
[5.322s] -- Installing: /home/palinauskas/Documents/fortiss_repo/mujoco-eleanor/ROS2/install/camera_event_data_interface/include/camera_event_data_interface/msg/detail/camera_events__rosidl_typesupport_fastrtps_c.h
[5.322s] -- Installing: /home/palinauskas/Documents/fortiss_repo/mujoco-eleanor/ROS2/install/camera_event_data_interface/include/camera_event_data_interface/msg/rosidl_typesupport_fastrtps_c__visibility_control.h
[5.322s] -- Installing: /home/palinauskas/Documents/fortiss_repo/mujoco-eleanor/ROS2/install/camera_event_data_interface/lib/libcamera_event_data_interface__rosidl_typesupport_fastrtps_c.so
[5.323s] -- Set runtime path of "/home/palinauskas/Documents/fortiss_repo/mujoco-eleanor/ROS2/install/camera_event_data_interface/lib/libcamera_event_data_interface__rosidl_typesupport_fastrtps_c.so" to ""
[5.323s] -- Up-to-date: /home/palinauskas/Documents/fortiss_repo/mujoco-eleanor/ROS2/install/camera_event_data_interface/include/camera_event_data_interface
[5.323s] -- Up-to-date: /home/palinauskas/Documents/fortiss_repo/mujoco-eleanor/ROS2/install/camera_event_data_interface/include/camera_event_data_interface/msg
[5.323s] -- Up-to-date: /home/palinauskas/Documents/fortiss_repo/mujoco-eleanor/ROS2/install/camera_event_data_interface/include/camera_event_data_interface/msg/detail
[5.323s] -- Installing: /home/palinauskas/Documents/fortiss_repo/mujoco-eleanor/ROS2/install/camera_event_data_interface/include/camera_event_data_interface/msg/detail/camera_events__rosidl_typesupport_fastrtps_cpp.hpp
[5.323s] -- Installing: /home/palinauskas/Documents/fortiss_repo/mujoco-eleanor/ROS2/install/camera_event_data_interface/include/camera_event_data_interface/msg/detail/dds_fastrtps
[5.323s] -- Installing: /home/palinauskas/Documents/fortiss_repo/mujoco-eleanor/ROS2/install/camera_event_data_interface/include/camera_event_data_interface/msg/rosidl_typesupport_fastrtps_cpp__visibility_control.h
[5.323s] -- Installing: /home/palinauskas/Documents/fortiss_repo/mujoco-eleanor/ROS2/install/camera_event_data_interface/lib/libcamera_event_data_interface__rosidl_typesupport_fastrtps_cpp.so
[5.324s] -- Set runtime path of "/home/palinauskas/Documents/fortiss_repo/mujoco-eleanor/ROS2/install/camera_event_data_interface/lib/libcamera_event_data_interface__rosidl_typesupport_fastrtps_cpp.so" to ""
[5.324s] -- Up-to-date: /home/palinauskas/Documents/fortiss_repo/mujoco-eleanor/ROS2/install/camera_event_data_interface/include/camera_event_data_interface
[5.324s] -- Up-to-date: /home/palinauskas/Documents/fortiss_repo/mujoco-eleanor/ROS2/install/camera_event_data_interface/include/camera_event_data_interface/msg
[5.324s] -- Installing: /home/palinauskas/Documents/fortiss_repo/mujoco-eleanor/ROS2/install/camera_event_data_interface/include/camera_event_data_interface/msg/rosidl_typesupport_introspection_c__visibility_control.h
[5.324s] -- Up-to-date: /home/palinauskas/Documents/fortiss_repo/mujoco-eleanor/ROS2/install/camera_event_data_interface/include/camera_event_data_interface/msg/detail
[5.324s] -- Installing: /home/palinauskas/Documents/fortiss_repo/mujoco-eleanor/ROS2/install/camera_event_data_interface/include/camera_event_data_interface/msg/detail/camera_events__type_support.c
[5.324s] -- Installing: /home/palinauskas/Documents/fortiss_repo/mujoco-eleanor/ROS2/install/camera_event_data_interface/include/camera_event_data_interface/msg/detail/camera_events__rosidl_typesupport_introspection_c.h
[5.324s] -- Installing: /home/palinauskas/Documents/fortiss_repo/mujoco-eleanor/ROS2/install/camera_event_data_interface/lib/libcamera_event_data_interface__rosidl_typesupport_introspection_c.so
[5.324s] -- Set runtime path of "/home/palinauskas/Documents/fortiss_repo/mujoco-eleanor/ROS2/install/camera_event_data_interface/lib/libcamera_event_data_interface__rosidl_typesupport_introspection_c.so" to ""
[5.325s] -- Installing: /home/palinauskas/Documents/fortiss_repo/mujoco-eleanor/ROS2/install/camera_event_data_interface/lib/libcamera_event_data_interface__rosidl_typesupport_c.so
[5.325s] -- Set runtime path of "/home/palinauskas/Documents/fortiss_repo/mujoco-eleanor/ROS2/install/camera_event_data_interface/lib/libcamera_event_data_interface__rosidl_typesupport_c.so" to ""
[5.325s] -- Up-to-date: /home/palinauskas/Documents/fortiss_repo/mujoco-eleanor/ROS2/install/camera_event_data_interface/include/camera_event_data_interface
[5.325s] -- Up-to-date: /home/palinauskas/Documents/fortiss_repo/mujoco-eleanor/ROS2/install/camera_event_data_interface/include/camera_event_data_interface/msg
[5.325s] -- Up-to-date: /home/palinauskas/Documents/fortiss_repo/mujoco-eleanor/ROS2/install/camera_event_data_interface/include/camera_event_data_interface/msg/detail
[5.325s] -- Installing: /home/palinauskas/Documents/fortiss_repo/mujoco-eleanor/ROS2/install/camera_event_data_interface/include/camera_event_data_interface/msg/detail/camera_events__traits.hpp
[5.325s] -- Installing: /home/palinauskas/Documents/fortiss_repo/mujoco-eleanor/ROS2/install/camera_event_data_interface/include/camera_event_data_interface/msg/detail/camera_events__builder.hpp
[5.325s] -- Installing: /home/palinauskas/Documents/fortiss_repo/mujoco-eleanor/ROS2/install/camera_event_data_interface/include/camera_event_data_interface/msg/detail/camera_events__struct.hpp
[5.325s] -- Installing: /home/palinauskas/Documents/fortiss_repo/mujoco-eleanor/ROS2/install/camera_event_data_interface/include/camera_event_data_interface/msg/camera_events.hpp
[5.325s] -- Up-to-date: /home/palinauskas/Documents/fortiss_repo/mujoco-eleanor/ROS2/install/camera_event_data_interface/include/camera_event_data_interface
[5.326s] -- Up-to-date: /home/palinauskas/Documents/fortiss_repo/mujoco-eleanor/ROS2/install/camera_event_data_interface/include/camera_event_data_interface/msg
[5.326s] -- Up-to-date: /home/palinauskas/Documents/fortiss_repo/mujoco-eleanor/ROS2/install/camera_event_data_interface/include/camera_event_data_interface/msg/detail
[5.326s] -- Installing: /home/palinauskas/Documents/fortiss_repo/mujoco-eleanor/ROS2/install/camera_event_data_interface/include/camera_event_data_interface/msg/detail/camera_events__rosidl_typesupport_introspection_cpp.hpp
[5.326s] -- Installing: /home/palinauskas/Documents/fortiss_repo/mujoco-eleanor/ROS2/install/camera_event_data_interface/include/camera_event_data_interface/msg/detail/camera_events__type_support.cpp
[5.326s] -- Installing: /home/palinauskas/Documents/fortiss_repo/mujoco-eleanor/ROS2/install/camera_event_data_interface/lib/libcamera_event_data_interface__rosidl_typesupport_introspection_cpp.so
[5.326s] -- Set runtime path of "/home/palinauskas/Documents/fortiss_repo/mujoco-eleanor/ROS2/install/camera_event_data_interface/lib/libcamera_event_data_interface__rosidl_typesupport_introspection_cpp.so" to ""
[5.326s] -- Installing: /home/palinauskas/Documents/fortiss_repo/mujoco-eleanor/ROS2/install/camera_event_data_interface/lib/libcamera_event_data_interface__rosidl_typesupport_cpp.so
[5.327s] -- Set runtime path of "/home/palinauskas/Documents/fortiss_repo/mujoco-eleanor/ROS2/install/camera_event_data_interface/lib/libcamera_event_data_interface__rosidl_typesupport_cpp.so" to ""
[5.327s] -- Installing: /home/palinauskas/Documents/fortiss_repo/mujoco-eleanor/ROS2/install/camera_event_data_interface/share/camera_event_data_interface/environment/pythonpath.sh
[5.327s] -- Installing: /home/palinauskas/Documents/fortiss_repo/mujoco-eleanor/ROS2/install/camera_event_data_interface/share/camera_event_data_interface/environment/pythonpath.dsv
[5.327s] -- Installing: /home/palinauskas/Documents/fortiss_repo/mujoco-eleanor/ROS2/install/camera_event_data_interface/lib/python3.8/site-packages/camera_event_data_interface/__init__.py
[5.350s] Compiling '/home/palinauskas/Documents/fortiss_repo/mujoco-eleanor/ROS2/install/camera_event_data_interface/lib/python3.8/site-packages/camera_event_data_interface/__init__.py'...
[5.353s] -- Installing: /home/palinauskas/Documents/fortiss_repo/mujoco-eleanor/ROS2/install/camera_event_data_interface/lib/python3.8/site-packages/camera_event_data_interface/msg
[5.353s] -- Installing: /home/palinauskas/Documents/fortiss_repo/mujoco-eleanor/ROS2/install/camera_event_data_interface/lib/python3.8/site-packages/camera_event_data_interface/msg/__init__.py
[5.353s] -- Installing: /home/palinauskas/Documents/fortiss_repo/mujoco-eleanor/ROS2/install/camera_event_data_interface/lib/python3.8/site-packages/camera_event_data_interface/msg/_camera_events_s.c
[5.353s] -- Installing: /home/palinauskas/Documents/fortiss_repo/mujoco-eleanor/ROS2/install/camera_event_data_interface/lib/python3.8/site-packages/camera_event_data_interface/msg/_camera_events.py
[5.353s] -- Installing: /home/palinauskas/Documents/fortiss_repo/mujoco-eleanor/ROS2/install/camera_event_data_interface/lib/python3.8/site-packages/camera_event_data_interface/camera_event_data_interface_s__rosidl_typesupport_fastrtps_c.cpython-38-x86_64-linux-gnu.so
[5.354s] -- Set runtime path of "/home/palinauskas/Documents/fortiss_repo/mujoco-eleanor/ROS2/install/camera_event_data_interface/lib/python3.8/site-packages/camera_event_data_interface/camera_event_data_interface_s__rosidl_typesupport_fastrtps_c.cpython-38-x86_64-linux-gnu.so" to ""
[5.354s] -- Installing: /home/palinauskas/Documents/fortiss_repo/mujoco-eleanor/ROS2/install/camera_event_data_interface/lib/python3.8/site-packages/camera_event_data_interface/camera_event_data_interface_s__rosidl_typesupport_introspection_c.cpython-38-x86_64-linux-gnu.so
[5.355s] -- Set runtime path of "/home/palinauskas/Documents/fortiss_repo/mujoco-eleanor/ROS2/install/camera_event_data_interface/lib/python3.8/site-packages/camera_event_data_interface/camera_event_data_interface_s__rosidl_typesupport_introspection_c.cpython-38-x86_64-linux-gnu.so" to ""
[5.355s] -- Installing: /home/palinauskas/Documents/fortiss_repo/mujoco-eleanor/ROS2/install/camera_event_data_interface/lib/python3.8/site-packages/camera_event_data_interface/camera_event_data_interface_s__rosidl_typesupport_c.cpython-38-x86_64-linux-gnu.so
[5.355s] -- Set runtime path of "/home/palinauskas/Documents/fortiss_repo/mujoco-eleanor/ROS2/install/camera_event_data_interface/lib/python3.8/site-packages/camera_event_data_interface/camera_event_data_interface_s__rosidl_typesupport_c.cpython-38-x86_64-linux-gnu.so" to ""
[5.355s] -- Installing: /home/palinauskas/Documents/fortiss_repo/mujoco-eleanor/ROS2/install/camera_event_data_interface/lib/libcamera_event_data_interface__python.so
[5.356s] -- Set runtime path of "/home/palinauskas/Documents/fortiss_repo/mujoco-eleanor/ROS2/install/camera_event_data_interface/lib/libcamera_event_data_interface__python.so" to ""
[5.356s] -- Installing: /home/palinauskas/Documents/fortiss_repo/mujoco-eleanor/ROS2/install/camera_event_data_interface/share/camera_event_data_interface/msg/CameraEvents.idl
[5.356s] -- Installing: /home/palinauskas/Documents/fortiss_repo/mujoco-eleanor/ROS2/install/camera_event_data_interface/share/camera_event_data_interface/msg/CameraEvents.msg
[5.356s] -- Installing: /home/palinauskas/Documents/fortiss_repo/mujoco-eleanor/ROS2/install/camera_event_data_interface/share/ament_index/resource_index/package_run_dependencies/camera_event_data_interface
[5.356s] -- Installing: /home/palinauskas/Documents/fortiss_repo/mujoco-eleanor/ROS2/install/camera_event_data_interface/share/ament_index/resource_index/parent_prefix_path/camera_event_data_interface
[5.357s] -- Installing: /home/palinauskas/Documents/fortiss_repo/mujoco-eleanor/ROS2/install/camera_event_data_interface/share/camera_event_data_interface/environment/ament_prefix_path.sh
[5.357s] -- Installing: /home/palinauskas/Documents/fortiss_repo/mujoco-eleanor/ROS2/install/camera_event_data_interface/share/camera_event_data_interface/environment/ament_prefix_path.dsv
[5.357s] -- Installing: /home/palinauskas/Documents/fortiss_repo/mujoco-eleanor/ROS2/install/camera_event_data_interface/share/camera_event_data_interface/environment/path.sh
[5.357s] -- Installing: /home/palinauskas/Documents/fortiss_repo/mujoco-eleanor/ROS2/install/camera_event_data_interface/share/camera_event_data_interface/environment/path.dsv
[5.357s] -- Installing: /home/palinauskas/Documents/fortiss_repo/mujoco-eleanor/ROS2/install/camera_event_data_interface/share/camera_event_data_interface/local_setup.bash
[5.357s] -- Installing: /home/palinauskas/Documents/fortiss_repo/mujoco-eleanor/ROS2/install/camera_event_data_interface/share/camera_event_data_interface/local_setup.sh
[5.357s] -- Installing: /home/palinauskas/Documents/fortiss_repo/mujoco-eleanor/ROS2/install/camera_event_data_interface/share/camera_event_data_interface/local_setup.zsh
[5.357s] -- Installing: /home/palinauskas/Documents/fortiss_repo/mujoco-eleanor/ROS2/install/camera_event_data_interface/share/camera_event_data_interface/local_setup.dsv
[5.357s] -- Installing: /home/palinauskas/Documents/fortiss_repo/mujoco-eleanor/ROS2/install/camera_event_data_interface/share/camera_event_data_interface/package.dsv
[5.358s] -- Installing: /home/palinauskas/Documents/fortiss_repo/mujoco-eleanor/ROS2/install/camera_event_data_interface/share/ament_index/resource_index/packages/camera_event_data_interface
[5.358s] -- Installing: /home/palinauskas/Documents/fortiss_repo/mujoco-eleanor/ROS2/install/camera_event_data_interface/share/camera_event_data_interface/cmake/camera_event_data_interface__rosidl_generator_cExport.cmake
[5.358s] -- Installing: /home/palinauskas/Documents/fortiss_repo/mujoco-eleanor/ROS2/install/camera_event_data_interface/share/camera_event_data_interface/cmake/camera_event_data_interface__rosidl_generator_cExport-noconfig.cmake
[5.358s] -- Installing: /home/palinauskas/Documents/fortiss_repo/mujoco-eleanor/ROS2/install/camera_event_data_interface/share/camera_event_data_interface/cmake/camera_event_data_interface__rosidl_typesupport_introspection_cExport.cmake
[5.358s] -- Installing: /home/palinauskas/Documents/fortiss_repo/mujoco-eleanor/ROS2/install/camera_event_data_interface/share/camera_event_data_interface/cmake/camera_event_data_interface__rosidl_typesupport_introspection_cExport-noconfig.cmake
[5.358s] -- Installing: /home/palinauskas/Documents/fortiss_repo/mujoco-eleanor/ROS2/install/camera_event_data_interface/share/camera_event_data_interface/cmake/camera_event_data_interface__rosidl_typesupport_cExport.cmake
[5.359s] -- Installing: /home/palinauskas/Documents/fortiss_repo/mujoco-eleanor/ROS2/install/camera_event_data_interface/share/camera_event_data_interface/cmake/camera_event_data_interface__rosidl_typesupport_cExport-noconfig.cmake
[5.359s] -- Installing: /home/palinauskas/Documents/fortiss_repo/mujoco-eleanor/ROS2/install/camera_event_data_interface/share/camera_event_data_interface/cmake/camera_event_data_interface__rosidl_generator_cppExport.cmake
[5.359s] -- Installing: /home/palinauskas/Documents/fortiss_repo/mujoco-eleanor/ROS2/install/camera_event_data_interface/share/camera_event_data_interface/cmake/camera_event_data_interface__rosidl_typesupport_introspection_cppExport.cmake
[5.359s] -- Installing: /home/palinauskas/Documents/fortiss_repo/mujoco-eleanor/ROS2/install/camera_event_data_interface/share/camera_event_data_interface/cmake/camera_event_data_interface__rosidl_typesupport_introspection_cppExport-noconfig.cmake
[5.359s] -- Installing: /home/palinauskas/Documents/fortiss_repo/mujoco-eleanor/ROS2/install/camera_event_data_interface/share/camera_event_data_interface/cmake/camera_event_data_interface__rosidl_typesupport_cppExport.cmake
[5.359s] -- Installing: /home/palinauskas/Documents/fortiss_repo/mujoco-eleanor/ROS2/install/camera_event_data_interface/share/camera_event_data_interface/cmake/camera_event_data_interface__rosidl_typesupport_cppExport-noconfig.cmake
[5.359s] -- Installing: /home/palinauskas/Documents/fortiss_repo/mujoco-eleanor/ROS2/install/camera_event_data_interface/share/camera_event_data_interface/cmake/rosidl_cmake-extras.cmake
[5.359s] -- Installing: /home/palinauskas/Documents/fortiss_repo/mujoco-eleanor/ROS2/install/camera_event_data_interface/share/camera_event_data_interface/cmake/ament_cmake_export_dependencies-extras.cmake
[5.360s] -- Installing: /home/palinauskas/Documents/fortiss_repo/mujoco-eleanor/ROS2/install/camera_event_data_interface/share/camera_event_data_interface/cmake/ament_cmake_export_libraries-extras.cmake
[5.360s] -- Installing: /home/palinauskas/Documents/fortiss_repo/mujoco-eleanor/ROS2/install/camera_event_data_interface/share/camera_event_data_interface/cmake/ament_cmake_export_targets-extras.cmake
[5.360s] -- Installing: /home/palinauskas/Documents/fortiss_repo/mujoco-eleanor/ROS2/install/camera_event_data_interface/share/camera_event_data_interface/cmake/ament_cmake_export_include_directories-extras.cmake
[5.360s] -- Installing: /home/palinauskas/Documents/fortiss_repo/mujoco-eleanor/ROS2/install/camera_event_data_interface/share/camera_event_data_interface/cmake/rosidl_cmake_export_typesupport_libraries-extras.cmake
[5.360s] -- Installing: /home/palinauskas/Documents/fortiss_repo/mujoco-eleanor/ROS2/install/camera_event_data_interface/share/camera_event_data_interface/cmake/rosidl_cmake_export_typesupport_targets-extras.cmake
[5.360s] -- Installing: /home/palinauskas/Documents/fortiss_repo/mujoco-eleanor/ROS2/install/camera_event_data_interface/share/camera_event_data_interface/cmake/camera_event_data_interfaceConfig.cmake
[5.360s] -- Installing: /home/palinauskas/Documents/fortiss_repo/mujoco-eleanor/ROS2/install/camera_event_data_interface/share/camera_event_data_interface/cmake/camera_event_data_interfaceConfig-version.cmake
[5.360s] -- Installing: /home/palinauskas/Documents/fortiss_repo/mujoco-eleanor/ROS2/install/camera_event_data_interface/share/camera_event_data_interface/package.xml
[5.363s] Invoked command in '/home/palinauskas/Documents/fortiss_repo/mujoco-eleanor/ROS2/build/camera_event_data_interface' returned '0': CMAKE_PREFIX_PATH=/opt/ros/galactic /usr/bin/cmake --install /home/palinauskas/Documents/fortiss_repo/mujoco-eleanor/ROS2/build/camera_event_data_interface
