running egg_info
creating ../build/mujoco_sim/mujoco_sim.egg-info
writing ../build/mujoco_sim/mujoco_sim.egg-info/PKG-INFO
writing dependency_links to ../build/mujoco_sim/mujoco_sim.egg-info/dependency_links.txt
writing entry points to ../build/mujoco_sim/mujoco_sim.egg-info/entry_points.txt
writing requirements to ../build/mujoco_sim/mujoco_sim.egg-info/requires.txt
writing top-level names to ../build/mujoco_sim/mujoco_sim.egg-info/top_level.txt
writing manifest file '../build/mujoco_sim/mujoco_sim.egg-info/SOURCES.txt'
reading manifest file '../build/mujoco_sim/mujoco_sim.egg-info/SOURCES.txt'
writing manifest file '../build/mujoco_sim/mujoco_sim.egg-info/SOURCES.txt'
running build
running build_py
creating /home/palinauskas/Documents/mujoco-eleanor/ros2_ws/src/build/mujoco_sim/build
creating /home/palinauskas/Documents/mujoco-eleanor/ros2_ws/src/build/mujoco_sim/build/lib
creating /home/palinauskas/Documents/mujoco-eleanor/ros2_ws/src/build/mujoco_sim/build/lib/mujoco_sim
copying mujoco_sim/__init__.py -> /home/palinauskas/Documents/mujoco-eleanor/ros2_ws/src/build/mujoco_sim/build/lib/mujoco_sim
copying mujoco_sim/events_publisher.py -> /home/palinauskas/Documents/mujoco-eleanor/ros2_ws/src/build/mujoco_sim/build/lib/mujoco_sim
running install
running install_lib
creating /home/palinauskas/Documents/mujoco-eleanor/ros2_ws/src/install/mujoco_sim/lib/python3.8/site-packages/mujoco_sim
copying /home/palinauskas/Documents/mujoco-eleanor/ros2_ws/src/build/mujoco_sim/build/lib/mujoco_sim/__init__.py -> /home/palinauskas/Documents/mujoco-eleanor/ros2_ws/src/install/mujoco_sim/lib/python3.8/site-packages/mujoco_sim
copying /home/palinauskas/Documents/mujoco-eleanor/ros2_ws/src/build/mujoco_sim/build/lib/mujoco_sim/events_publisher.py -> /home/palinauskas/Documents/mujoco-eleanor/ros2_ws/src/install/mujoco_sim/lib/python3.8/site-packages/mujoco_sim
byte-compiling /home/palinauskas/Documents/mujoco-eleanor/ros2_ws/src/install/mujoco_sim/lib/python3.8/site-packages/mujoco_sim/__init__.py to __init__.cpython-38.pyc
byte-compiling /home/palinauskas/Documents/mujoco-eleanor/ros2_ws/src/install/mujoco_sim/lib/python3.8/site-packages/mujoco_sim/events_publisher.py to events_publisher.cpython-38.pyc
running install_data
creating /home/palinauskas/Documents/mujoco-eleanor/ros2_ws/src/install/mujoco_sim/share/ament_index
creating /home/palinauskas/Documents/mujoco-eleanor/ros2_ws/src/install/mujoco_sim/share/ament_index/resource_index
creating /home/palinauskas/Documents/mujoco-eleanor/ros2_ws/src/install/mujoco_sim/share/ament_index/resource_index/packages
copying resource/mujoco_sim -> /home/palinauskas/Documents/mujoco-eleanor/ros2_ws/src/install/mujoco_sim/share/ament_index/resource_index/packages
copying package.xml -> /home/palinauskas/Documents/mujoco-eleanor/ros2_ws/src/install/mujoco_sim/share/mujoco_sim
running install_egg_info
Copying ../build/mujoco_sim/mujoco_sim.egg-info to /home/palinauskas/Documents/mujoco-eleanor/ros2_ws/src/install/mujoco_sim/lib/python3.8/site-packages/mujoco_sim-0.0.0-py3.8.egg-info
running install_scripts
Installing talker script to /home/palinauskas/Documents/mujoco-eleanor/ros2_ws/src/install/mujoco_sim/lib/mujoco_sim
writing list of installed files to '/home/palinauskas/Documents/mujoco-eleanor/ros2_ws/src/build/mujoco_sim/install.log'
