/home/palinauskas/Documents/fortiss_repo/mujoco-eleanor/ROS2/install/mujoco_sim/lib/python3.8/site-packages/mujoco_sim/impedance_controller_server.py
/home/palinauskas/Documents/fortiss_repo/mujoco-eleanor/ROS2/install/mujoco_sim/lib/python3.8/site-packages/mujoco_sim/camera_events_publisher.py
/home/palinauskas/Documents/fortiss_repo/mujoco-eleanor/ROS2/install/mujoco_sim/lib/python3.8/site-packages/mujoco_sim/__init__.py
/home/palinauskas/Documents/fortiss_repo/mujoco-eleanor/ROS2/install/mujoco_sim/lib/python3.8/site-packages/mujoco_sim/controllers/__init__.py
/home/palinauskas/Documents/fortiss_repo/mujoco-eleanor/ROS2/install/mujoco_sim/lib/python3.8/site-packages/mujoco_sim/controllers/full_impedance_controller.py
/home/palinauskas/Documents/fortiss_repo/mujoco-eleanor/ROS2/install/mujoco_sim/lib/python3.8/site-packages/mujoco_sim/controllers/base_controller.py
/home/palinauskas/Documents/fortiss_repo/mujoco-eleanor/ROS2/install/mujoco_sim/lib/python3.8/site-packages/mujoco_sim/utils/kinematics.py
/home/palinauskas/Documents/fortiss_repo/mujoco-eleanor/ROS2/install/mujoco_sim/lib/python3.8/site-packages/mujoco_sim/utils/__init__.py
/home/palinauskas/Documents/fortiss_repo/mujoco-eleanor/ROS2/install/mujoco_sim/lib/python3.8/site-packages/mujoco_sim/utils/mujoco_utils.py
/home/palinauskas/Documents/fortiss_repo/mujoco-eleanor/ROS2/install/mujoco_sim/lib/python3.8/site-packages/mujoco_sim/utils/read_cfg.py
/home/palinauskas/Documents/fortiss_repo/mujoco-eleanor/ROS2/install/mujoco_sim/lib/python3.8/site-packages/mujoco_sim/utils/quaternion.py
/home/palinauskas/Documents/fortiss_repo/mujoco-eleanor/ROS2/install/mujoco_sim/lib/python3.8/site-packages/mujoco_sim/mujoco_env/im_mujoco_env.py
/home/palinauskas/Documents/fortiss_repo/mujoco-eleanor/ROS2/install/mujoco_sim/lib/python3.8/site-packages/mujoco_sim/mujoco_env/simple_mujoco_env.py
/home/palinauskas/Documents/fortiss_repo/mujoco-eleanor/ROS2/install/mujoco_sim/lib/python3.8/site-packages/mujoco_sim/mujoco_env/__init__.py
/home/palinauskas/Documents/fortiss_repo/mujoco-eleanor/ROS2/install/mujoco_sim/lib/python3.8/site-packages/mujoco_sim/cfg/cfg.yaml
/home/palinauskas/Documents/fortiss_repo/mujoco-eleanor/ROS2/install/mujoco_sim/lib/python3.8/site-packages/mujoco_sim/kuka/meshes/hdmi2.stl
/home/palinauskas/Documents/fortiss_repo/mujoco-eleanor/ROS2/install/mujoco_sim/lib/python3.8/site-packages/mujoco_sim/kuka/meshes/kuka_link_5.stl
/home/palinauskas/Documents/fortiss_repo/mujoco-eleanor/ROS2/install/mujoco_sim/lib/python3.8/site-packages/mujoco_sim/kuka/meshes/hdmi.stl
/home/palinauskas/Documents/fortiss_repo/mujoco-eleanor/ROS2/install/mujoco_sim/lib/python3.8/site-packages/mujoco_sim/kuka/meshes/vga2.stl
/home/palinauskas/Documents/fortiss_repo/mujoco-eleanor/ROS2/install/mujoco_sim/lib/python3.8/site-packages/mujoco_sim/kuka/meshes/hole21.stl
/home/palinauskas/Documents/fortiss_repo/mujoco-eleanor/ROS2/install/mujoco_sim/lib/python3.8/site-packages/mujoco_sim/kuka/meshes/kuka_link_6.stl
/home/palinauskas/Documents/fortiss_repo/mujoco-eleanor/ROS2/install/mujoco_sim/lib/python3.8/site-packages/mujoco_sim/kuka/meshes/tool_cylinder1.stl
/home/palinauskas/Documents/fortiss_repo/mujoco-eleanor/ROS2/install/mujoco_sim/lib/python3.8/site-packages/mujoco_sim/kuka/meshes/hole.stl
/home/palinauskas/Documents/fortiss_repo/mujoco-eleanor/ROS2/install/mujoco_sim/lib/python3.8/site-packages/mujoco_sim/kuka/meshes/tool_cylinder.stl
/home/palinauskas/Documents/fortiss_repo/mujoco-eleanor/ROS2/install/mujoco_sim/lib/python3.8/site-packages/mujoco_sim/kuka/meshes/hole24.stl
/home/palinauskas/Documents/fortiss_repo/mujoco-eleanor/ROS2/install/mujoco_sim/lib/python3.8/site-packages/mujoco_sim/kuka/meshes/kuka_link_4.stl
/home/palinauskas/Documents/fortiss_repo/mujoco-eleanor/ROS2/install/mujoco_sim/lib/python3.8/site-packages/mujoco_sim/kuka/meshes/hole23.stl
/home/palinauskas/Documents/fortiss_repo/mujoco-eleanor/ROS2/install/mujoco_sim/lib/python3.8/site-packages/mujoco_sim/kuka/meshes/kuka_link_2.stl
/home/palinauskas/Documents/fortiss_repo/mujoco-eleanor/ROS2/install/mujoco_sim/lib/python3.8/site-packages/mujoco_sim/kuka/meshes/cylinder_triangular_hole.stl
/home/palinauskas/Documents/fortiss_repo/mujoco-eleanor/ROS2/install/mujoco_sim/lib/python3.8/site-packages/mujoco_sim/kuka/meshes/usb.stl
/home/palinauskas/Documents/fortiss_repo/mujoco-eleanor/ROS2/install/mujoco_sim/lib/python3.8/site-packages/mujoco_sim/kuka/meshes/hole22.stl
/home/palinauskas/Documents/fortiss_repo/mujoco-eleanor/ROS2/install/mujoco_sim/lib/python3.8/site-packages/mujoco_sim/kuka/meshes/hole20.stl
/home/palinauskas/Documents/fortiss_repo/mujoco-eleanor/ROS2/install/mujoco_sim/lib/python3.8/site-packages/mujoco_sim/kuka/meshes/__init__.py
/home/palinauskas/Documents/fortiss_repo/mujoco-eleanor/ROS2/install/mujoco_sim/lib/python3.8/site-packages/mujoco_sim/kuka/meshes/table.dae
/home/palinauskas/Documents/fortiss_repo/mujoco-eleanor/ROS2/install/mujoco_sim/lib/python3.8/site-packages/mujoco_sim/kuka/meshes/simple_shapes.stl
/home/palinauskas/Documents/fortiss_repo/mujoco-eleanor/ROS2/install/mujoco_sim/lib/python3.8/site-packages/mujoco_sim/kuka/meshes/table.stl
/home/palinauskas/Documents/fortiss_repo/mujoco-eleanor/ROS2/install/mujoco_sim/lib/python3.8/site-packages/mujoco_sim/kuka/meshes/kuka_link_1.stl
/home/palinauskas/Documents/fortiss_repo/mujoco-eleanor/ROS2/install/mujoco_sim/lib/python3.8/site-packages/mujoco_sim/kuka/meshes/kuka_link_7.stl
/home/palinauskas/Documents/fortiss_repo/mujoco-eleanor/ROS2/install/mujoco_sim/lib/python3.8/site-packages/mujoco_sim/kuka/meshes/tool_cylinder0.stl
/home/palinauskas/Documents/fortiss_repo/mujoco-eleanor/ROS2/install/mujoco_sim/lib/python3.8/site-packages/mujoco_sim/kuka/meshes/vga.stl
/home/palinauskas/Documents/fortiss_repo/mujoco-eleanor/ROS2/install/mujoco_sim/lib/python3.8/site-packages/mujoco_sim/kuka/meshes/hole3.stl
/home/palinauskas/Documents/fortiss_repo/mujoco-eleanor/ROS2/install/mujoco_sim/lib/python3.8/site-packages/mujoco_sim/kuka/meshes/hole2.stl
/home/palinauskas/Documents/fortiss_repo/mujoco-eleanor/ROS2/install/mujoco_sim/lib/python3.8/site-packages/mujoco_sim/kuka/meshes/kuka_link_3.stl
/home/palinauskas/Documents/fortiss_repo/mujoco-eleanor/ROS2/install/mujoco_sim/lib/python3.8/site-packages/mujoco_sim/kuka/meshes/simple_shapes1ascii.stl
/home/palinauskas/Documents/fortiss_repo/mujoco-eleanor/ROS2/install/mujoco_sim/lib/python3.8/site-packages/mujoco_sim/kuka/meshes/usb2.stl
/home/palinauskas/Documents/fortiss_repo/mujoco-eleanor/ROS2/install/mujoco_sim/lib/python3.8/site-packages/mujoco_sim/kuka/meshes/ethernet.stl
/home/palinauskas/Documents/fortiss_repo/mujoco-eleanor/ROS2/install/mujoco_sim/lib/python3.8/site-packages/mujoco_sim/kuka/meshes/industrial_sockets.stl
/home/palinauskas/Documents/fortiss_repo/mujoco-eleanor/ROS2/install/mujoco_sim/lib/python3.8/site-packages/mujoco_sim/kuka/meshes/kuka_link_0.stl
/home/palinauskas/Documents/fortiss_repo/mujoco-eleanor/ROS2/install/mujoco_sim/lib/python3.8/site-packages/mujoco_sim/kuka/meshes/ethernet2.stl
/home/palinauskas/Documents/fortiss_repo/mujoco-eleanor/ROS2/install/mujoco_sim/lib/python3.8/site-packages/mujoco_sim/kuka/full_kuka_INRC3_mounted_camera.xml
/home/palinauskas/Documents/fortiss_repo/mujoco-eleanor/ROS2/install/mujoco_sim/lib/python3.8/site-packages/mujoco_sim/kuka/full_kuka_INRC3_mounted_camera_ethernet.xml
/home/palinauskas/Documents/fortiss_repo/mujoco-eleanor/ROS2/install/mujoco_sim/lib/python3.8/site-packages/mujoco_sim/kuka/full_kuka_INRC3_mounted_camera_hole.xml
/home/palinauskas/Documents/fortiss_repo/mujoco-eleanor/ROS2/install/mujoco_sim/lib/python3.8/site-packages/mujoco_sim/kuka/full_kuka_INRC3_mounted_camera_vga.xml
/home/palinauskas/Documents/fortiss_repo/mujoco-eleanor/ROS2/install/mujoco_sim/lib/python3.8/site-packages/mujoco_sim/kuka/full_kuka_INRC3_mounted_camera_usb.xml
/home/palinauskas/Documents/fortiss_repo/mujoco-eleanor/ROS2/install/mujoco_sim/lib/python3.8/site-packages/mujoco_sim/kuka/kuka_assets.xml
/home/palinauskas/Documents/fortiss_repo/mujoco-eleanor/ROS2/install/mujoco_sim/lib/python3.8/site-packages/mujoco_sim/kuka/kuka_actuators.xml
/home/palinauskas/Documents/fortiss_repo/mujoco-eleanor/ROS2/install/mujoco_sim/lib/python3.8/site-packages/mujoco_sim/kuka/full_kuka_INRC3_mounted_camera_hdmi.xml
/home/palinauskas/Documents/fortiss_repo/mujoco-eleanor/ROS2/install/mujoco_sim/lib/python3.8/site-packages/mujoco_sim/kuka/kuka_mesh_collision_peg_ee_camera.xml
/home/palinauskas/Documents/fortiss_repo/mujoco-eleanor/ROS2/install/mujoco_sim/lib/python3.8/site-packages/mujoco_sim/__pycache__/impedance_controller_server.cpython-38.pyc
/home/palinauskas/Documents/fortiss_repo/mujoco-eleanor/ROS2/install/mujoco_sim/lib/python3.8/site-packages/mujoco_sim/__pycache__/camera_events_publisher.cpython-38.pyc
/home/palinauskas/Documents/fortiss_repo/mujoco-eleanor/ROS2/install/mujoco_sim/lib/python3.8/site-packages/mujoco_sim/__pycache__/__init__.cpython-38.pyc
/home/palinauskas/Documents/fortiss_repo/mujoco-eleanor/ROS2/install/mujoco_sim/lib/python3.8/site-packages/mujoco_sim/controllers/__pycache__/__init__.cpython-38.pyc
/home/palinauskas/Documents/fortiss_repo/mujoco-eleanor/ROS2/install/mujoco_sim/lib/python3.8/site-packages/mujoco_sim/controllers/__pycache__/full_impedance_controller.cpython-38.pyc
/home/palinauskas/Documents/fortiss_repo/mujoco-eleanor/ROS2/install/mujoco_sim/lib/python3.8/site-packages/mujoco_sim/controllers/__pycache__/base_controller.cpython-38.pyc
/home/palinauskas/Documents/fortiss_repo/mujoco-eleanor/ROS2/install/mujoco_sim/lib/python3.8/site-packages/mujoco_sim/utils/__pycache__/kinematics.cpython-38.pyc
/home/palinauskas/Documents/fortiss_repo/mujoco-eleanor/ROS2/install/mujoco_sim/lib/python3.8/site-packages/mujoco_sim/utils/__pycache__/__init__.cpython-38.pyc
/home/palinauskas/Documents/fortiss_repo/mujoco-eleanor/ROS2/install/mujoco_sim/lib/python3.8/site-packages/mujoco_sim/utils/__pycache__/mujoco_utils.cpython-38.pyc
/home/palinauskas/Documents/fortiss_repo/mujoco-eleanor/ROS2/install/mujoco_sim/lib/python3.8/site-packages/mujoco_sim/utils/__pycache__/read_cfg.cpython-38.pyc
/home/palinauskas/Documents/fortiss_repo/mujoco-eleanor/ROS2/install/mujoco_sim/lib/python3.8/site-packages/mujoco_sim/utils/__pycache__/quaternion.cpython-38.pyc
/home/palinauskas/Documents/fortiss_repo/mujoco-eleanor/ROS2/install/mujoco_sim/lib/python3.8/site-packages/mujoco_sim/mujoco_env/__pycache__/im_mujoco_env.cpython-38.pyc
/home/palinauskas/Documents/fortiss_repo/mujoco-eleanor/ROS2/install/mujoco_sim/lib/python3.8/site-packages/mujoco_sim/mujoco_env/__pycache__/simple_mujoco_env.cpython-38.pyc
/home/palinauskas/Documents/fortiss_repo/mujoco-eleanor/ROS2/install/mujoco_sim/lib/python3.8/site-packages/mujoco_sim/mujoco_env/__pycache__/__init__.cpython-38.pyc
/home/palinauskas/Documents/fortiss_repo/mujoco-eleanor/ROS2/install/mujoco_sim/lib/python3.8/site-packages/mujoco_sim/kuka/meshes/__pycache__/__init__.cpython-38.pyc
/home/palinauskas/Documents/fortiss_repo/mujoco-eleanor/ROS2/install/mujoco_sim/share/ament_index/resource_index/packages/mujoco_sim
/home/palinauskas/Documents/fortiss_repo/mujoco-eleanor/ROS2/install/mujoco_sim/share/mujoco_sim/package.xml
/home/palinauskas/Documents/fortiss_repo/mujoco-eleanor/ROS2/install/mujoco_sim/share/mujoco_sim/run_turn_off_camera.launch.py
/home/palinauskas/Documents/fortiss_repo/mujoco-eleanor/ROS2/install/mujoco_sim/share/mujoco_sim/run_mujoco_sim.launch.py
/home/palinauskas/Documents/fortiss_repo/mujoco-eleanor/ROS2/install/mujoco_sim/share/mujoco_sim/run_set_desired_pose_name.launch.py
/home/palinauskas/Documents/fortiss_repo/mujoco-eleanor/ROS2/install/mujoco_sim/share/mujoco_sim/template_saccades.launch.py
/home/palinauskas/Documents/fortiss_repo/mujoco-eleanor/ROS2/install/mujoco_sim/share/mujoco_sim/run_saccades.launch.py
/home/palinauskas/Documents/fortiss_repo/mujoco-eleanor/ROS2/install/mujoco_sim/lib/python3.8/site-packages/mujoco_sim-0.0.0-py3.8.egg-info/top_level.txt
/home/palinauskas/Documents/fortiss_repo/mujoco-eleanor/ROS2/install/mujoco_sim/lib/python3.8/site-packages/mujoco_sim-0.0.0-py3.8.egg-info/dependency_links.txt
/home/palinauskas/Documents/fortiss_repo/mujoco-eleanor/ROS2/install/mujoco_sim/lib/python3.8/site-packages/mujoco_sim-0.0.0-py3.8.egg-info/requires.txt
/home/palinauskas/Documents/fortiss_repo/mujoco-eleanor/ROS2/install/mujoco_sim/lib/python3.8/site-packages/mujoco_sim-0.0.0-py3.8.egg-info/entry_points.txt
/home/palinauskas/Documents/fortiss_repo/mujoco-eleanor/ROS2/install/mujoco_sim/lib/python3.8/site-packages/mujoco_sim-0.0.0-py3.8.egg-info/PKG-INFO
/home/palinauskas/Documents/fortiss_repo/mujoco-eleanor/ROS2/install/mujoco_sim/lib/python3.8/site-packages/mujoco_sim-0.0.0-py3.8.egg-info/SOURCES.txt
/home/palinauskas/Documents/fortiss_repo/mujoco-eleanor/ROS2/install/mujoco_sim/lib/python3.8/site-packages/mujoco_sim-0.0.0-py3.8.egg-info/zip-safe
/home/palinauskas/Documents/fortiss_repo/mujoco-eleanor/ROS2/install/mujoco_sim/lib/mujoco_sim/camera_events_publisher
/home/palinauskas/Documents/fortiss_repo/mujoco-eleanor/ROS2/install/mujoco_sim/lib/mujoco_sim/impedance_controller_server
/home/palinauskas/Documents/fortiss_repo/mujoco-eleanor/ROS2/install/mujoco_sim/lib/mujoco_sim/test
