running egg_info
creating ../../build/mujoco_egen/mujoco_egen.egg-info
writing ../../build/mujoco_egen/mujoco_egen.egg-info/PKG-INFO
writing dependency_links to ../../build/mujoco_egen/mujoco_egen.egg-info/dependency_links.txt
writing entry points to ../../build/mujoco_egen/mujoco_egen.egg-info/entry_points.txt
writing requirements to ../../build/mujoco_egen/mujoco_egen.egg-info/requires.txt
writing top-level names to ../../build/mujoco_egen/mujoco_egen.egg-info/top_level.txt
writing manifest file '../../build/mujoco_egen/mujoco_egen.egg-info/SOURCES.txt'
reading manifest file '../../build/mujoco_egen/mujoco_egen.egg-info/SOURCES.txt'
writing manifest file '../../build/mujoco_egen/mujoco_egen.egg-info/SOURCES.txt'
running build
running build_py
creating /home/palinauskas/Documents/fortiss_repo/mujoco-eleanor/ROS2/build/mujoco_egen/build
creating /home/palinauskas/Documents/fortiss_repo/mujoco-eleanor/ROS2/build/mujoco_egen/build/lib
creating /home/palinauskas/Documents/fortiss_repo/mujoco-eleanor/ROS2/build/mujoco_egen/build/lib/mujoco_egen
copying mujoco_egen/impedance_controller_server.py -> /home/palinauskas/Documents/fortiss_repo/mujoco-eleanor/ROS2/build/mujoco_egen/build/lib/mujoco_egen
copying mujoco_egen/__init__.py -> /home/palinauskas/Documents/fortiss_repo/mujoco-eleanor/ROS2/build/mujoco_egen/build/lib/mujoco_egen
creating /home/palinauskas/Documents/fortiss_repo/mujoco-eleanor/ROS2/build/mujoco_egen/build/lib/mujoco_egen/controllers
copying mujoco_egen/controllers/__init__.py -> /home/palinauskas/Documents/fortiss_repo/mujoco-eleanor/ROS2/build/mujoco_egen/build/lib/mujoco_egen/controllers
copying mujoco_egen/controllers/full_impedance_controller.py -> /home/palinauskas/Documents/fortiss_repo/mujoco-eleanor/ROS2/build/mujoco_egen/build/lib/mujoco_egen/controllers
copying mujoco_egen/controllers/base_controller.py -> /home/palinauskas/Documents/fortiss_repo/mujoco-eleanor/ROS2/build/mujoco_egen/build/lib/mujoco_egen/controllers
creating /home/palinauskas/Documents/fortiss_repo/mujoco-eleanor/ROS2/build/mujoco_egen/build/lib/mujoco_egen/utils
copying mujoco_egen/utils/kinematics.py -> /home/palinauskas/Documents/fortiss_repo/mujoco-eleanor/ROS2/build/mujoco_egen/build/lib/mujoco_egen/utils
copying mujoco_egen/utils/__init__.py -> /home/palinauskas/Documents/fortiss_repo/mujoco-eleanor/ROS2/build/mujoco_egen/build/lib/mujoco_egen/utils
copying mujoco_egen/utils/mujoco_utils.py -> /home/palinauskas/Documents/fortiss_repo/mujoco-eleanor/ROS2/build/mujoco_egen/build/lib/mujoco_egen/utils
copying mujoco_egen/utils/read_cfg.py -> /home/palinauskas/Documents/fortiss_repo/mujoco-eleanor/ROS2/build/mujoco_egen/build/lib/mujoco_egen/utils
copying mujoco_egen/utils/test_quaternions.py -> /home/palinauskas/Documents/fortiss_repo/mujoco-eleanor/ROS2/build/mujoco_egen/build/lib/mujoco_egen/utils
copying mujoco_egen/utils/test_ConfigReader.py -> /home/palinauskas/Documents/fortiss_repo/mujoco-eleanor/ROS2/build/mujoco_egen/build/lib/mujoco_egen/utils
copying mujoco_egen/utils/quaternion.py -> /home/palinauskas/Documents/fortiss_repo/mujoco-eleanor/ROS2/build/mujoco_egen/build/lib/mujoco_egen/utils
creating /home/palinauskas/Documents/fortiss_repo/mujoco-eleanor/ROS2/build/mujoco_egen/build/lib/mujoco_egen/mujoco_env
copying mujoco_egen/mujoco_env/im_mujoco_env.py -> /home/palinauskas/Documents/fortiss_repo/mujoco-eleanor/ROS2/build/mujoco_egen/build/lib/mujoco_egen/mujoco_env
copying mujoco_egen/mujoco_env/__init__.py -> /home/palinauskas/Documents/fortiss_repo/mujoco-eleanor/ROS2/build/mujoco_egen/build/lib/mujoco_egen/mujoco_env
creating /home/palinauskas/Documents/fortiss_repo/mujoco-eleanor/ROS2/build/mujoco_egen/build/lib/mujoco_egen/cfg
copying mujoco_egen/cfg/cfg.yaml -> /home/palinauskas/Documents/fortiss_repo/mujoco-eleanor/ROS2/build/mujoco_egen/build/lib/mujoco_egen/cfg
creating /home/palinauskas/Documents/fortiss_repo/mujoco-eleanor/ROS2/build/mujoco_egen/build/lib/mujoco_egen/kuka
creating /home/palinauskas/Documents/fortiss_repo/mujoco-eleanor/ROS2/build/mujoco_egen/build/lib/mujoco_egen/kuka/meshes
copying mujoco_egen/kuka/meshes/hdmi2.stl -> /home/palinauskas/Documents/fortiss_repo/mujoco-eleanor/ROS2/build/mujoco_egen/build/lib/mujoco_egen/kuka/meshes
copying mujoco_egen/kuka/meshes/kuka_link_5.stl -> /home/palinauskas/Documents/fortiss_repo/mujoco-eleanor/ROS2/build/mujoco_egen/build/lib/mujoco_egen/kuka/meshes
copying mujoco_egen/kuka/meshes/hdmi.stl -> /home/palinauskas/Documents/fortiss_repo/mujoco-eleanor/ROS2/build/mujoco_egen/build/lib/mujoco_egen/kuka/meshes
copying mujoco_egen/kuka/meshes/vga2.stl -> /home/palinauskas/Documents/fortiss_repo/mujoco-eleanor/ROS2/build/mujoco_egen/build/lib/mujoco_egen/kuka/meshes
copying mujoco_egen/kuka/meshes/hole21.stl -> /home/palinauskas/Documents/fortiss_repo/mujoco-eleanor/ROS2/build/mujoco_egen/build/lib/mujoco_egen/kuka/meshes
copying mujoco_egen/kuka/meshes/kuka_link_6.stl -> /home/palinauskas/Documents/fortiss_repo/mujoco-eleanor/ROS2/build/mujoco_egen/build/lib/mujoco_egen/kuka/meshes
copying mujoco_egen/kuka/meshes/tool_cylinder1.stl -> /home/palinauskas/Documents/fortiss_repo/mujoco-eleanor/ROS2/build/mujoco_egen/build/lib/mujoco_egen/kuka/meshes
copying mujoco_egen/kuka/meshes/hole.stl -> /home/palinauskas/Documents/fortiss_repo/mujoco-eleanor/ROS2/build/mujoco_egen/build/lib/mujoco_egen/kuka/meshes
copying mujoco_egen/kuka/meshes/tool_cylinder.stl -> /home/palinauskas/Documents/fortiss_repo/mujoco-eleanor/ROS2/build/mujoco_egen/build/lib/mujoco_egen/kuka/meshes
copying mujoco_egen/kuka/meshes/hole24.stl -> /home/palinauskas/Documents/fortiss_repo/mujoco-eleanor/ROS2/build/mujoco_egen/build/lib/mujoco_egen/kuka/meshes
copying mujoco_egen/kuka/meshes/kuka_link_4.stl -> /home/palinauskas/Documents/fortiss_repo/mujoco-eleanor/ROS2/build/mujoco_egen/build/lib/mujoco_egen/kuka/meshes
copying mujoco_egen/kuka/meshes/hole23.stl -> /home/palinauskas/Documents/fortiss_repo/mujoco-eleanor/ROS2/build/mujoco_egen/build/lib/mujoco_egen/kuka/meshes
copying mujoco_egen/kuka/meshes/kuka_link_2.stl -> /home/palinauskas/Documents/fortiss_repo/mujoco-eleanor/ROS2/build/mujoco_egen/build/lib/mujoco_egen/kuka/meshes
copying mujoco_egen/kuka/meshes/cylinder_triangular_hole.stl -> /home/palinauskas/Documents/fortiss_repo/mujoco-eleanor/ROS2/build/mujoco_egen/build/lib/mujoco_egen/kuka/meshes
copying mujoco_egen/kuka/meshes/usb.stl -> /home/palinauskas/Documents/fortiss_repo/mujoco-eleanor/ROS2/build/mujoco_egen/build/lib/mujoco_egen/kuka/meshes
copying mujoco_egen/kuka/meshes/hole22.stl -> /home/palinauskas/Documents/fortiss_repo/mujoco-eleanor/ROS2/build/mujoco_egen/build/lib/mujoco_egen/kuka/meshes
copying mujoco_egen/kuka/meshes/hole20.stl -> /home/palinauskas/Documents/fortiss_repo/mujoco-eleanor/ROS2/build/mujoco_egen/build/lib/mujoco_egen/kuka/meshes
copying mujoco_egen/kuka/meshes/__init__.py -> /home/palinauskas/Documents/fortiss_repo/mujoco-eleanor/ROS2/build/mujoco_egen/build/lib/mujoco_egen/kuka/meshes
copying mujoco_egen/kuka/meshes/table.dae -> /home/palinauskas/Documents/fortiss_repo/mujoco-eleanor/ROS2/build/mujoco_egen/build/lib/mujoco_egen/kuka/meshes
copying mujoco_egen/kuka/meshes/simple_shapes.stl -> /home/palinauskas/Documents/fortiss_repo/mujoco-eleanor/ROS2/build/mujoco_egen/build/lib/mujoco_egen/kuka/meshes
copying mujoco_egen/kuka/meshes/table.stl -> /home/palinauskas/Documents/fortiss_repo/mujoco-eleanor/ROS2/build/mujoco_egen/build/lib/mujoco_egen/kuka/meshes
copying mujoco_egen/kuka/meshes/kuka_link_1.stl -> /home/palinauskas/Documents/fortiss_repo/mujoco-eleanor/ROS2/build/mujoco_egen/build/lib/mujoco_egen/kuka/meshes
copying mujoco_egen/kuka/meshes/kuka_link_7.stl -> /home/palinauskas/Documents/fortiss_repo/mujoco-eleanor/ROS2/build/mujoco_egen/build/lib/mujoco_egen/kuka/meshes
copying mujoco_egen/kuka/meshes/tool_cylinder0.stl -> /home/palinauskas/Documents/fortiss_repo/mujoco-eleanor/ROS2/build/mujoco_egen/build/lib/mujoco_egen/kuka/meshes
copying mujoco_egen/kuka/meshes/vga.stl -> /home/palinauskas/Documents/fortiss_repo/mujoco-eleanor/ROS2/build/mujoco_egen/build/lib/mujoco_egen/kuka/meshes
copying mujoco_egen/kuka/meshes/hole3.stl -> /home/palinauskas/Documents/fortiss_repo/mujoco-eleanor/ROS2/build/mujoco_egen/build/lib/mujoco_egen/kuka/meshes
copying mujoco_egen/kuka/meshes/hole2.stl -> /home/palinauskas/Documents/fortiss_repo/mujoco-eleanor/ROS2/build/mujoco_egen/build/lib/mujoco_egen/kuka/meshes
copying mujoco_egen/kuka/meshes/kuka_link_3.stl -> /home/palinauskas/Documents/fortiss_repo/mujoco-eleanor/ROS2/build/mujoco_egen/build/lib/mujoco_egen/kuka/meshes
copying mujoco_egen/kuka/meshes/simple_shapes1ascii.stl -> /home/palinauskas/Documents/fortiss_repo/mujoco-eleanor/ROS2/build/mujoco_egen/build/lib/mujoco_egen/kuka/meshes
copying mujoco_egen/kuka/meshes/usb2.stl -> /home/palinauskas/Documents/fortiss_repo/mujoco-eleanor/ROS2/build/mujoco_egen/build/lib/mujoco_egen/kuka/meshes
copying mujoco_egen/kuka/meshes/ethernet.stl -> /home/palinauskas/Documents/fortiss_repo/mujoco-eleanor/ROS2/build/mujoco_egen/build/lib/mujoco_egen/kuka/meshes
copying mujoco_egen/kuka/meshes/industrial_sockets.stl -> /home/palinauskas/Documents/fortiss_repo/mujoco-eleanor/ROS2/build/mujoco_egen/build/lib/mujoco_egen/kuka/meshes
copying mujoco_egen/kuka/meshes/kuka_link_0.stl -> /home/palinauskas/Documents/fortiss_repo/mujoco-eleanor/ROS2/build/mujoco_egen/build/lib/mujoco_egen/kuka/meshes
copying mujoco_egen/kuka/meshes/ethernet2.stl -> /home/palinauskas/Documents/fortiss_repo/mujoco-eleanor/ROS2/build/mujoco_egen/build/lib/mujoco_egen/kuka/meshes
copying mujoco_egen/kuka/full_kuka_INRC3_mounted_camera.xml -> /home/palinauskas/Documents/fortiss_repo/mujoco-eleanor/ROS2/build/mujoco_egen/build/lib/mujoco_egen/kuka
copying mujoco_egen/kuka/full_kuka_INRC3_mounted_camera_ethernet.xml -> /home/palinauskas/Documents/fortiss_repo/mujoco-eleanor/ROS2/build/mujoco_egen/build/lib/mujoco_egen/kuka
copying mujoco_egen/kuka/full_kuka_INRC3_mounted_camera_hole.xml -> /home/palinauskas/Documents/fortiss_repo/mujoco-eleanor/ROS2/build/mujoco_egen/build/lib/mujoco_egen/kuka
copying mujoco_egen/kuka/full_kuka_INRC3_mounted_camera_vga.xml -> /home/palinauskas/Documents/fortiss_repo/mujoco-eleanor/ROS2/build/mujoco_egen/build/lib/mujoco_egen/kuka
copying mujoco_egen/kuka/full_kuka_INRC3_mounted_camera_usb.xml -> /home/palinauskas/Documents/fortiss_repo/mujoco-eleanor/ROS2/build/mujoco_egen/build/lib/mujoco_egen/kuka
copying mujoco_egen/kuka/kuka_assets.xml -> /home/palinauskas/Documents/fortiss_repo/mujoco-eleanor/ROS2/build/mujoco_egen/build/lib/mujoco_egen/kuka
copying mujoco_egen/kuka/kuka_actuators.xml -> /home/palinauskas/Documents/fortiss_repo/mujoco-eleanor/ROS2/build/mujoco_egen/build/lib/mujoco_egen/kuka
copying mujoco_egen/kuka/full_kuka_INRC3_mounted_camera_hdmi.xml -> /home/palinauskas/Documents/fortiss_repo/mujoco-eleanor/ROS2/build/mujoco_egen/build/lib/mujoco_egen/kuka
copying mujoco_egen/kuka/kuka_mesh_collision_peg_ee_camera.xml -> /home/palinauskas/Documents/fortiss_repo/mujoco-eleanor/ROS2/build/mujoco_egen/build/lib/mujoco_egen/kuka
running install
running install_lib
creating /home/palinauskas/Documents/fortiss_repo/mujoco-eleanor/ROS2/install/mujoco_egen/lib/python3.8/site-packages/mujoco_egen
creating /home/palinauskas/Documents/fortiss_repo/mujoco-eleanor/ROS2/install/mujoco_egen/lib/python3.8/site-packages/mujoco_egen/kuka
copying /home/palinauskas/Documents/fortiss_repo/mujoco-eleanor/ROS2/build/mujoco_egen/build/lib/mujoco_egen/kuka/full_kuka_INRC3_mounted_camera.xml -> /home/palinauskas/Documents/fortiss_repo/mujoco-eleanor/ROS2/install/mujoco_egen/lib/python3.8/site-packages/mujoco_egen/kuka
copying /home/palinauskas/Documents/fortiss_repo/mujoco-eleanor/ROS2/build/mujoco_egen/build/lib/mujoco_egen/kuka/full_kuka_INRC3_mounted_camera_ethernet.xml -> /home/palinauskas/Documents/fortiss_repo/mujoco-eleanor/ROS2/install/mujoco_egen/lib/python3.8/site-packages/mujoco_egen/kuka
copying /home/palinauskas/Documents/fortiss_repo/mujoco-eleanor/ROS2/build/mujoco_egen/build/lib/mujoco_egen/kuka/full_kuka_INRC3_mounted_camera_hole.xml -> /home/palinauskas/Documents/fortiss_repo/mujoco-eleanor/ROS2/install/mujoco_egen/lib/python3.8/site-packages/mujoco_egen/kuka
copying /home/palinauskas/Documents/fortiss_repo/mujoco-eleanor/ROS2/build/mujoco_egen/build/lib/mujoco_egen/kuka/full_kuka_INRC3_mounted_camera_vga.xml -> /home/palinauskas/Documents/fortiss_repo/mujoco-eleanor/ROS2/install/mujoco_egen/lib/python3.8/site-packages/mujoco_egen/kuka
copying /home/palinauskas/Documents/fortiss_repo/mujoco-eleanor/ROS2/build/mujoco_egen/build/lib/mujoco_egen/kuka/full_kuka_INRC3_mounted_camera_usb.xml -> /home/palinauskas/Documents/fortiss_repo/mujoco-eleanor/ROS2/install/mujoco_egen/lib/python3.8/site-packages/mujoco_egen/kuka
copying /home/palinauskas/Documents/fortiss_repo/mujoco-eleanor/ROS2/build/mujoco_egen/build/lib/mujoco_egen/kuka/kuka_assets.xml -> /home/palinauskas/Documents/fortiss_repo/mujoco-eleanor/ROS2/install/mujoco_egen/lib/python3.8/site-packages/mujoco_egen/kuka
creating /home/palinauskas/Documents/fortiss_repo/mujoco-eleanor/ROS2/install/mujoco_egen/lib/python3.8/site-packages/mujoco_egen/kuka/meshes
copying /home/palinauskas/Documents/fortiss_repo/mujoco-eleanor/ROS2/build/mujoco_egen/build/lib/mujoco_egen/kuka/meshes/hdmi2.stl -> /home/palinauskas/Documents/fortiss_repo/mujoco-eleanor/ROS2/install/mujoco_egen/lib/python3.8/site-packages/mujoco_egen/kuka/meshes
copying /home/palinauskas/Documents/fortiss_repo/mujoco-eleanor/ROS2/build/mujoco_egen/build/lib/mujoco_egen/kuka/meshes/kuka_link_5.stl -> /home/palinauskas/Documents/fortiss_repo/mujoco-eleanor/ROS2/install/mujoco_egen/lib/python3.8/site-packages/mujoco_egen/kuka/meshes
copying /home/palinauskas/Documents/fortiss_repo/mujoco-eleanor/ROS2/build/mujoco_egen/build/lib/mujoco_egen/kuka/meshes/hdmi.stl -> /home/palinauskas/Documents/fortiss_repo/mujoco-eleanor/ROS2/install/mujoco_egen/lib/python3.8/site-packages/mujoco_egen/kuka/meshes
copying /home/palinauskas/Documents/fortiss_repo/mujoco-eleanor/ROS2/build/mujoco_egen/build/lib/mujoco_egen/kuka/meshes/vga2.stl -> /home/palinauskas/Documents/fortiss_repo/mujoco-eleanor/ROS2/install/mujoco_egen/lib/python3.8/site-packages/mujoco_egen/kuka/meshes
copying /home/palinauskas/Documents/fortiss_repo/mujoco-eleanor/ROS2/build/mujoco_egen/build/lib/mujoco_egen/kuka/meshes/hole21.stl -> /home/palinauskas/Documents/fortiss_repo/mujoco-eleanor/ROS2/install/mujoco_egen/lib/python3.8/site-packages/mujoco_egen/kuka/meshes
copying /home/palinauskas/Documents/fortiss_repo/mujoco-eleanor/ROS2/build/mujoco_egen/build/lib/mujoco_egen/kuka/meshes/kuka_link_6.stl -> /home/palinauskas/Documents/fortiss_repo/mujoco-eleanor/ROS2/install/mujoco_egen/lib/python3.8/site-packages/mujoco_egen/kuka/meshes
copying /home/palinauskas/Documents/fortiss_repo/mujoco-eleanor/ROS2/build/mujoco_egen/build/lib/mujoco_egen/kuka/meshes/tool_cylinder1.stl -> /home/palinauskas/Documents/fortiss_repo/mujoco-eleanor/ROS2/install/mujoco_egen/lib/python3.8/site-packages/mujoco_egen/kuka/meshes
copying /home/palinauskas/Documents/fortiss_repo/mujoco-eleanor/ROS2/build/mujoco_egen/build/lib/mujoco_egen/kuka/meshes/hole.stl -> /home/palinauskas/Documents/fortiss_repo/mujoco-eleanor/ROS2/install/mujoco_egen/lib/python3.8/site-packages/mujoco_egen/kuka/meshes
copying /home/palinauskas/Documents/fortiss_repo/mujoco-eleanor/ROS2/build/mujoco_egen/build/lib/mujoco_egen/kuka/meshes/tool_cylinder.stl -> /home/palinauskas/Documents/fortiss_repo/mujoco-eleanor/ROS2/install/mujoco_egen/lib/python3.8/site-packages/mujoco_egen/kuka/meshes
copying /home/palinauskas/Documents/fortiss_repo/mujoco-eleanor/ROS2/build/mujoco_egen/build/lib/mujoco_egen/kuka/meshes/hole24.stl -> /home/palinauskas/Documents/fortiss_repo/mujoco-eleanor/ROS2/install/mujoco_egen/lib/python3.8/site-packages/mujoco_egen/kuka/meshes
copying /home/palinauskas/Documents/fortiss_repo/mujoco-eleanor/ROS2/build/mujoco_egen/build/lib/mujoco_egen/kuka/meshes/kuka_link_4.stl -> /home/palinauskas/Documents/fortiss_repo/mujoco-eleanor/ROS2/install/mujoco_egen/lib/python3.8/site-packages/mujoco_egen/kuka/meshes
copying /home/palinauskas/Documents/fortiss_repo/mujoco-eleanor/ROS2/build/mujoco_egen/build/lib/mujoco_egen/kuka/meshes/hole23.stl -> /home/palinauskas/Documents/fortiss_repo/mujoco-eleanor/ROS2/install/mujoco_egen/lib/python3.8/site-packages/mujoco_egen/kuka/meshes
copying /home/palinauskas/Documents/fortiss_repo/mujoco-eleanor/ROS2/build/mujoco_egen/build/lib/mujoco_egen/kuka/meshes/kuka_link_2.stl -> /home/palinauskas/Documents/fortiss_repo/mujoco-eleanor/ROS2/install/mujoco_egen/lib/python3.8/site-packages/mujoco_egen/kuka/meshes
copying /home/palinauskas/Documents/fortiss_repo/mujoco-eleanor/ROS2/build/mujoco_egen/build/lib/mujoco_egen/kuka/meshes/cylinder_triangular_hole.stl -> /home/palinauskas/Documents/fortiss_repo/mujoco-eleanor/ROS2/install/mujoco_egen/lib/python3.8/site-packages/mujoco_egen/kuka/meshes
copying /home/palinauskas/Documents/fortiss_repo/mujoco-eleanor/ROS2/build/mujoco_egen/build/lib/mujoco_egen/kuka/meshes/usb.stl -> /home/palinauskas/Documents/fortiss_repo/mujoco-eleanor/ROS2/install/mujoco_egen/lib/python3.8/site-packages/mujoco_egen/kuka/meshes
copying /home/palinauskas/Documents/fortiss_repo/mujoco-eleanor/ROS2/build/mujoco_egen/build/lib/mujoco_egen/kuka/meshes/hole22.stl -> /home/palinauskas/Documents/fortiss_repo/mujoco-eleanor/ROS2/install/mujoco_egen/lib/python3.8/site-packages/mujoco_egen/kuka/meshes
copying /home/palinauskas/Documents/fortiss_repo/mujoco-eleanor/ROS2/build/mujoco_egen/build/lib/mujoco_egen/kuka/meshes/hole20.stl -> /home/palinauskas/Documents/fortiss_repo/mujoco-eleanor/ROS2/install/mujoco_egen/lib/python3.8/site-packages/mujoco_egen/kuka/meshes
copying /home/palinauskas/Documents/fortiss_repo/mujoco-eleanor/ROS2/build/mujoco_egen/build/lib/mujoco_egen/kuka/meshes/__init__.py -> /home/palinauskas/Documents/fortiss_repo/mujoco-eleanor/ROS2/install/mujoco_egen/lib/python3.8/site-packages/mujoco_egen/kuka/meshes
copying /home/palinauskas/Documents/fortiss_repo/mujoco-eleanor/ROS2/build/mujoco_egen/build/lib/mujoco_egen/kuka/meshes/table.dae -> /home/palinauskas/Documents/fortiss_repo/mujoco-eleanor/ROS2/install/mujoco_egen/lib/python3.8/site-packages/mujoco_egen/kuka/meshes
copying /home/palinauskas/Documents/fortiss_repo/mujoco-eleanor/ROS2/build/mujoco_egen/build/lib/mujoco_egen/kuka/meshes/simple_shapes.stl -> /home/palinauskas/Documents/fortiss_repo/mujoco-eleanor/ROS2/install/mujoco_egen/lib/python3.8/site-packages/mujoco_egen/kuka/meshes
copying /home/palinauskas/Documents/fortiss_repo/mujoco-eleanor/ROS2/build/mujoco_egen/build/lib/mujoco_egen/kuka/meshes/table.stl -> /home/palinauskas/Documents/fortiss_repo/mujoco-eleanor/ROS2/install/mujoco_egen/lib/python3.8/site-packages/mujoco_egen/kuka/meshes
copying /home/palinauskas/Documents/fortiss_repo/mujoco-eleanor/ROS2/build/mujoco_egen/build/lib/mujoco_egen/kuka/meshes/kuka_link_1.stl -> /home/palinauskas/Documents/fortiss_repo/mujoco-eleanor/ROS2/install/mujoco_egen/lib/python3.8/site-packages/mujoco_egen/kuka/meshes
copying /home/palinauskas/Documents/fortiss_repo/mujoco-eleanor/ROS2/build/mujoco_egen/build/lib/mujoco_egen/kuka/meshes/kuka_link_7.stl -> /home/palinauskas/Documents/fortiss_repo/mujoco-eleanor/ROS2/install/mujoco_egen/lib/python3.8/site-packages/mujoco_egen/kuka/meshes
copying /home/palinauskas/Documents/fortiss_repo/mujoco-eleanor/ROS2/build/mujoco_egen/build/lib/mujoco_egen/kuka/meshes/tool_cylinder0.stl -> /home/palinauskas/Documents/fortiss_repo/mujoco-eleanor/ROS2/install/mujoco_egen/lib/python3.8/site-packages/mujoco_egen/kuka/meshes
copying /home/palinauskas/Documents/fortiss_repo/mujoco-eleanor/ROS2/build/mujoco_egen/build/lib/mujoco_egen/kuka/meshes/vga.stl -> /home/palinauskas/Documents/fortiss_repo/mujoco-eleanor/ROS2/install/mujoco_egen/lib/python3.8/site-packages/mujoco_egen/kuka/meshes
copying /home/palinauskas/Documents/fortiss_repo/mujoco-eleanor/ROS2/build/mujoco_egen/build/lib/mujoco_egen/kuka/meshes/hole3.stl -> /home/palinauskas/Documents/fortiss_repo/mujoco-eleanor/ROS2/install/mujoco_egen/lib/python3.8/site-packages/mujoco_egen/kuka/meshes
copying /home/palinauskas/Documents/fortiss_repo/mujoco-eleanor/ROS2/build/mujoco_egen/build/lib/mujoco_egen/kuka/meshes/hole2.stl -> /home/palinauskas/Documents/fortiss_repo/mujoco-eleanor/ROS2/install/mujoco_egen/lib/python3.8/site-packages/mujoco_egen/kuka/meshes
copying /home/palinauskas/Documents/fortiss_repo/mujoco-eleanor/ROS2/build/mujoco_egen/build/lib/mujoco_egen/kuka/meshes/kuka_link_3.stl -> /home/palinauskas/Documents/fortiss_repo/mujoco-eleanor/ROS2/install/mujoco_egen/lib/python3.8/site-packages/mujoco_egen/kuka/meshes
copying /home/palinauskas/Documents/fortiss_repo/mujoco-eleanor/ROS2/build/mujoco_egen/build/lib/mujoco_egen/kuka/meshes/simple_shapes1ascii.stl -> /home/palinauskas/Documents/fortiss_repo/mujoco-eleanor/ROS2/install/mujoco_egen/lib/python3.8/site-packages/mujoco_egen/kuka/meshes
copying /home/palinauskas/Documents/fortiss_repo/mujoco-eleanor/ROS2/build/mujoco_egen/build/lib/mujoco_egen/kuka/meshes/usb2.stl -> /home/palinauskas/Documents/fortiss_repo/mujoco-eleanor/ROS2/install/mujoco_egen/lib/python3.8/site-packages/mujoco_egen/kuka/meshes
copying /home/palinauskas/Documents/fortiss_repo/mujoco-eleanor/ROS2/build/mujoco_egen/build/lib/mujoco_egen/kuka/meshes/ethernet.stl -> /home/palinauskas/Documents/fortiss_repo/mujoco-eleanor/ROS2/install/mujoco_egen/lib/python3.8/site-packages/mujoco_egen/kuka/meshes
copying /home/palinauskas/Documents/fortiss_repo/mujoco-eleanor/ROS2/build/mujoco_egen/build/lib/mujoco_egen/kuka/meshes/industrial_sockets.stl -> /home/palinauskas/Documents/fortiss_repo/mujoco-eleanor/ROS2/install/mujoco_egen/lib/python3.8/site-packages/mujoco_egen/kuka/meshes
copying /home/palinauskas/Documents/fortiss_repo/mujoco-eleanor/ROS2/build/mujoco_egen/build/lib/mujoco_egen/kuka/meshes/kuka_link_0.stl -> /home/palinauskas/Documents/fortiss_repo/mujoco-eleanor/ROS2/install/mujoco_egen/lib/python3.8/site-packages/mujoco_egen/kuka/meshes
copying /home/palinauskas/Documents/fortiss_repo/mujoco-eleanor/ROS2/build/mujoco_egen/build/lib/mujoco_egen/kuka/meshes/ethernet2.stl -> /home/palinauskas/Documents/fortiss_repo/mujoco-eleanor/ROS2/install/mujoco_egen/lib/python3.8/site-packages/mujoco_egen/kuka/meshes
copying /home/palinauskas/Documents/fortiss_repo/mujoco-eleanor/ROS2/build/mujoco_egen/build/lib/mujoco_egen/kuka/kuka_actuators.xml -> /home/palinauskas/Documents/fortiss_repo/mujoco-eleanor/ROS2/install/mujoco_egen/lib/python3.8/site-packages/mujoco_egen/kuka
copying /home/palinauskas/Documents/fortiss_repo/mujoco-eleanor/ROS2/build/mujoco_egen/build/lib/mujoco_egen/kuka/full_kuka_INRC3_mounted_camera_hdmi.xml -> /home/palinauskas/Documents/fortiss_repo/mujoco-eleanor/ROS2/install/mujoco_egen/lib/python3.8/site-packages/mujoco_egen/kuka
copying /home/palinauskas/Documents/fortiss_repo/mujoco-eleanor/ROS2/build/mujoco_egen/build/lib/mujoco_egen/kuka/kuka_mesh_collision_peg_ee_camera.xml -> /home/palinauskas/Documents/fortiss_repo/mujoco-eleanor/ROS2/install/mujoco_egen/lib/python3.8/site-packages/mujoco_egen/kuka
copying /home/palinauskas/Documents/fortiss_repo/mujoco-eleanor/ROS2/build/mujoco_egen/build/lib/mujoco_egen/impedance_controller_server.py -> /home/palinauskas/Documents/fortiss_repo/mujoco-eleanor/ROS2/install/mujoco_egen/lib/python3.8/site-packages/mujoco_egen
copying /home/palinauskas/Documents/fortiss_repo/mujoco-eleanor/ROS2/build/mujoco_egen/build/lib/mujoco_egen/__init__.py -> /home/palinauskas/Documents/fortiss_repo/mujoco-eleanor/ROS2/install/mujoco_egen/lib/python3.8/site-packages/mujoco_egen
creating /home/palinauskas/Documents/fortiss_repo/mujoco-eleanor/ROS2/install/mujoco_egen/lib/python3.8/site-packages/mujoco_egen/mujoco_env
copying /home/palinauskas/Documents/fortiss_repo/mujoco-eleanor/ROS2/build/mujoco_egen/build/lib/mujoco_egen/mujoco_env/im_mujoco_env.py -> /home/palinauskas/Documents/fortiss_repo/mujoco-eleanor/ROS2/install/mujoco_egen/lib/python3.8/site-packages/mujoco_egen/mujoco_env
copying /home/palinauskas/Documents/fortiss_repo/mujoco-eleanor/ROS2/build/mujoco_egen/build/lib/mujoco_egen/mujoco_env/__init__.py -> /home/palinauskas/Documents/fortiss_repo/mujoco-eleanor/ROS2/install/mujoco_egen/lib/python3.8/site-packages/mujoco_egen/mujoco_env
creating /home/palinauskas/Documents/fortiss_repo/mujoco-eleanor/ROS2/install/mujoco_egen/lib/python3.8/site-packages/mujoco_egen/controllers
copying /home/palinauskas/Documents/fortiss_repo/mujoco-eleanor/ROS2/build/mujoco_egen/build/lib/mujoco_egen/controllers/__init__.py -> /home/palinauskas/Documents/fortiss_repo/mujoco-eleanor/ROS2/install/mujoco_egen/lib/python3.8/site-packages/mujoco_egen/controllers
copying /home/palinauskas/Documents/fortiss_repo/mujoco-eleanor/ROS2/build/mujoco_egen/build/lib/mujoco_egen/controllers/full_impedance_controller.py -> /home/palinauskas/Documents/fortiss_repo/mujoco-eleanor/ROS2/install/mujoco_egen/lib/python3.8/site-packages/mujoco_egen/controllers
copying /home/palinauskas/Documents/fortiss_repo/mujoco-eleanor/ROS2/build/mujoco_egen/build/lib/mujoco_egen/controllers/base_controller.py -> /home/palinauskas/Documents/fortiss_repo/mujoco-eleanor/ROS2/install/mujoco_egen/lib/python3.8/site-packages/mujoco_egen/controllers
creating /home/palinauskas/Documents/fortiss_repo/mujoco-eleanor/ROS2/install/mujoco_egen/lib/python3.8/site-packages/mujoco_egen/utils
copying /home/palinauskas/Documents/fortiss_repo/mujoco-eleanor/ROS2/build/mujoco_egen/build/lib/mujoco_egen/utils/kinematics.py -> /home/palinauskas/Documents/fortiss_repo/mujoco-eleanor/ROS2/install/mujoco_egen/lib/python3.8/site-packages/mujoco_egen/utils
copying /home/palinauskas/Documents/fortiss_repo/mujoco-eleanor/ROS2/build/mujoco_egen/build/lib/mujoco_egen/utils/__init__.py -> /home/palinauskas/Documents/fortiss_repo/mujoco-eleanor/ROS2/install/mujoco_egen/lib/python3.8/site-packages/mujoco_egen/utils
copying /home/palinauskas/Documents/fortiss_repo/mujoco-eleanor/ROS2/build/mujoco_egen/build/lib/mujoco_egen/utils/mujoco_utils.py -> /home/palinauskas/Documents/fortiss_repo/mujoco-eleanor/ROS2/install/mujoco_egen/lib/python3.8/site-packages/mujoco_egen/utils
copying /home/palinauskas/Documents/fortiss_repo/mujoco-eleanor/ROS2/build/mujoco_egen/build/lib/mujoco_egen/utils/read_cfg.py -> /home/palinauskas/Documents/fortiss_repo/mujoco-eleanor/ROS2/install/mujoco_egen/lib/python3.8/site-packages/mujoco_egen/utils
copying /home/palinauskas/Documents/fortiss_repo/mujoco-eleanor/ROS2/build/mujoco_egen/build/lib/mujoco_egen/utils/test_quaternions.py -> /home/palinauskas/Documents/fortiss_repo/mujoco-eleanor/ROS2/install/mujoco_egen/lib/python3.8/site-packages/mujoco_egen/utils
copying /home/palinauskas/Documents/fortiss_repo/mujoco-eleanor/ROS2/build/mujoco_egen/build/lib/mujoco_egen/utils/test_ConfigReader.py -> /home/palinauskas/Documents/fortiss_repo/mujoco-eleanor/ROS2/install/mujoco_egen/lib/python3.8/site-packages/mujoco_egen/utils
copying /home/palinauskas/Documents/fortiss_repo/mujoco-eleanor/ROS2/build/mujoco_egen/build/lib/mujoco_egen/utils/quaternion.py -> /home/palinauskas/Documents/fortiss_repo/mujoco-eleanor/ROS2/install/mujoco_egen/lib/python3.8/site-packages/mujoco_egen/utils
creating /home/palinauskas/Documents/fortiss_repo/mujoco-eleanor/ROS2/install/mujoco_egen/lib/python3.8/site-packages/mujoco_egen/cfg
copying /home/palinauskas/Documents/fortiss_repo/mujoco-eleanor/ROS2/build/mujoco_egen/build/lib/mujoco_egen/cfg/cfg.yaml -> /home/palinauskas/Documents/fortiss_repo/mujoco-eleanor/ROS2/install/mujoco_egen/lib/python3.8/site-packages/mujoco_egen/cfg
byte-compiling /home/palinauskas/Documents/fortiss_repo/mujoco-eleanor/ROS2/install/mujoco_egen/lib/python3.8/site-packages/mujoco_egen/kuka/meshes/__init__.py to __init__.cpython-38.pyc
byte-compiling /home/palinauskas/Documents/fortiss_repo/mujoco-eleanor/ROS2/install/mujoco_egen/lib/python3.8/site-packages/mujoco_egen/impedance_controller_server.py to impedance_controller_server.cpython-38.pyc
byte-compiling /home/palinauskas/Documents/fortiss_repo/mujoco-eleanor/ROS2/install/mujoco_egen/lib/python3.8/site-packages/mujoco_egen/__init__.py to __init__.cpython-38.pyc
byte-compiling /home/palinauskas/Documents/fortiss_repo/mujoco-eleanor/ROS2/install/mujoco_egen/lib/python3.8/site-packages/mujoco_egen/mujoco_env/im_mujoco_env.py to im_mujoco_env.cpython-38.pyc
byte-compiling /home/palinauskas/Documents/fortiss_repo/mujoco-eleanor/ROS2/install/mujoco_egen/lib/python3.8/site-packages/mujoco_egen/mujoco_env/__init__.py to __init__.cpython-38.pyc
byte-compiling /home/palinauskas/Documents/fortiss_repo/mujoco-eleanor/ROS2/install/mujoco_egen/lib/python3.8/site-packages/mujoco_egen/controllers/__init__.py to __init__.cpython-38.pyc
byte-compiling /home/palinauskas/Documents/fortiss_repo/mujoco-eleanor/ROS2/install/mujoco_egen/lib/python3.8/site-packages/mujoco_egen/controllers/full_impedance_controller.py to full_impedance_controller.cpython-38.pyc
byte-compiling /home/palinauskas/Documents/fortiss_repo/mujoco-eleanor/ROS2/install/mujoco_egen/lib/python3.8/site-packages/mujoco_egen/controllers/base_controller.py to base_controller.cpython-38.pyc
byte-compiling /home/palinauskas/Documents/fortiss_repo/mujoco-eleanor/ROS2/install/mujoco_egen/lib/python3.8/site-packages/mujoco_egen/utils/kinematics.py to kinematics.cpython-38.pyc
byte-compiling /home/palinauskas/Documents/fortiss_repo/mujoco-eleanor/ROS2/install/mujoco_egen/lib/python3.8/site-packages/mujoco_egen/utils/__init__.py to __init__.cpython-38.pyc
byte-compiling /home/palinauskas/Documents/fortiss_repo/mujoco-eleanor/ROS2/install/mujoco_egen/lib/python3.8/site-packages/mujoco_egen/utils/mujoco_utils.py to mujoco_utils.cpython-38.pyc
byte-compiling /home/palinauskas/Documents/fortiss_repo/mujoco-eleanor/ROS2/install/mujoco_egen/lib/python3.8/site-packages/mujoco_egen/utils/read_cfg.py to read_cfg.cpython-38.pyc
byte-compiling /home/palinauskas/Documents/fortiss_repo/mujoco-eleanor/ROS2/install/mujoco_egen/lib/python3.8/site-packages/mujoco_egen/utils/test_quaternions.py to test_quaternions.cpython-38.pyc
byte-compiling /home/palinauskas/Documents/fortiss_repo/mujoco-eleanor/ROS2/install/mujoco_egen/lib/python3.8/site-packages/mujoco_egen/utils/test_ConfigReader.py to test_ConfigReader.cpython-38.pyc
byte-compiling /home/palinauskas/Documents/fortiss_repo/mujoco-eleanor/ROS2/install/mujoco_egen/lib/python3.8/site-packages/mujoco_egen/utils/quaternion.py to quaternion.cpython-38.pyc
running install_data
creating /home/palinauskas/Documents/fortiss_repo/mujoco-eleanor/ROS2/install/mujoco_egen/share/ament_index
creating /home/palinauskas/Documents/fortiss_repo/mujoco-eleanor/ROS2/install/mujoco_egen/share/ament_index/resource_index
creating /home/palinauskas/Documents/fortiss_repo/mujoco-eleanor/ROS2/install/mujoco_egen/share/ament_index/resource_index/packages
copying resource/mujoco_egen -> /home/palinauskas/Documents/fortiss_repo/mujoco-eleanor/ROS2/install/mujoco_egen/share/ament_index/resource_index/packages
copying package.xml -> /home/palinauskas/Documents/fortiss_repo/mujoco-eleanor/ROS2/install/mujoco_egen/share/mujoco_egen
copying launch/run_mujoco_egen.launch.py -> /home/palinauskas/Documents/fortiss_repo/mujoco-eleanor/ROS2/install/mujoco_egen/share/mujoco_egen
copying launch/run_set_desired_pose.launch.py -> /home/palinauskas/Documents/fortiss_repo/mujoco-eleanor/ROS2/install/mujoco_egen/share/mujoco_egen
copying launch/template_saccades.launch.py -> /home/palinauskas/Documents/fortiss_repo/mujoco-eleanor/ROS2/install/mujoco_egen/share/mujoco_egen
copying launch/run_saccades.launch.py -> /home/palinauskas/Documents/fortiss_repo/mujoco-eleanor/ROS2/install/mujoco_egen/share/mujoco_egen
running install_egg_info
Copying ../../build/mujoco_egen/mujoco_egen.egg-info to /home/palinauskas/Documents/fortiss_repo/mujoco-eleanor/ROS2/install/mujoco_egen/lib/python3.8/site-packages/mujoco_egen-0.0.0-py3.8.egg-info
running install_scripts
Installing impedance_controller_server script to /home/palinauskas/Documents/fortiss_repo/mujoco-eleanor/ROS2/install/mujoco_egen/lib/mujoco_egen
Installing test script to /home/palinauskas/Documents/fortiss_repo/mujoco-eleanor/ROS2/install/mujoco_egen/lib/mujoco_egen
writing list of installed files to '/home/palinauskas/Documents/fortiss_repo/mujoco-eleanor/ROS2/build/mujoco_egen/install.log'
