[0.811s] Invoking command in '/home/palinauskas/Documents/fortiss_repo/mujoco-eleanor/ROS2/src/mujoco_egen': AMENT_PREFIX_PATH=/home/palinauskas/Documents/fortiss_repo/mujoco-eleanor/ROS2/install/controller_interface:/home/palinauskas/Documents/fortiss_repo/mujoco-eleanor/ROS2/install/camera_event_data_interface:${AMENT_PREFIX_PATH} CMAKE_PREFIX_PATH=/home/palinauskas/Documents/fortiss_repo/mujoco-eleanor/ROS2/install/controller_interface:/home/palinauskas/Documents/fortiss_repo/mujoco-eleanor/ROS2/install/camera_event_data_interface LD_LIBRARY_PATH=/home/palinauskas/Documents/fortiss_repo/mujoco-eleanor/ROS2/install/controller_interface/lib:/home/palinauskas/Documents/fortiss_repo/mujoco-eleanor/ROS2/install/camera_event_data_interface/lib:/opt/ros/galactic/opt/yaml_cpp_vendor/lib:/opt/ros/galactic/opt/rviz_ogre_vendor/lib:/opt/ros/galactic/lib/x86_64-linux-gnu:/opt/ros/galactic/lib:/usr/local/cuda-11.3/lib64 PYTHONPATH=/home/palinauskas/Documents/fortiss_repo/mujoco-eleanor/ROS2/build/mujoco_egen/prefix_override:/home/palinauskas/Documents/fortiss_repo/mujoco-eleanor/ROS2/install/mujoco_egen/lib/python3.8/site-packages:/home/palinauskas/Documents/fortiss_repo/mujoco-eleanor/ROS2/install/controller_interface/lib/python3.8/site-packages:/home/palinauskas/Documents/fortiss_repo/mujoco-eleanor/ROS2/install/camera_event_data_interface/lib/python3.8/site-packages:${PYTHONPATH} /usr/bin/python3 setup.py egg_info --egg-base ../../build/mujoco_egen build --build-base /home/palinauskas/Documents/fortiss_repo/mujoco-eleanor/ROS2/build/mujoco_egen/build install --record /home/palinauskas/Documents/fortiss_repo/mujoco-eleanor/ROS2/build/mujoco_egen/install.log --single-version-externally-managed
[0.992s] running egg_info
[0.992s] creating ../../build/mujoco_egen/mujoco_egen.egg-info
[0.992s] writing ../../build/mujoco_egen/mujoco_egen.egg-info/PKG-INFO
[0.992s] writing dependency_links to ../../build/mujoco_egen/mujoco_egen.egg-info/dependency_links.txt
[0.992s] writing entry points to ../../build/mujoco_egen/mujoco_egen.egg-info/entry_points.txt
[0.993s] writing requirements to ../../build/mujoco_egen/mujoco_egen.egg-info/requires.txt
[0.993s] writing top-level names to ../../build/mujoco_egen/mujoco_egen.egg-info/top_level.txt
[0.994s] writing manifest file '../../build/mujoco_egen/mujoco_egen.egg-info/SOURCES.txt'
[1.016s] reading manifest file '../../build/mujoco_egen/mujoco_egen.egg-info/SOURCES.txt'
[1.017s] writing manifest file '../../build/mujoco_egen/mujoco_egen.egg-info/SOURCES.txt'
[1.017s] running build
[1.017s] running build_py
[1.017s] creating /home/palinauskas/Documents/fortiss_repo/mujoco-eleanor/ROS2/build/mujoco_egen/build
[1.017s] creating /home/palinauskas/Documents/fortiss_repo/mujoco-eleanor/ROS2/build/mujoco_egen/build/lib
[1.017s] creating /home/palinauskas/Documents/fortiss_repo/mujoco-eleanor/ROS2/build/mujoco_egen/build/lib/mujoco_egen
[1.018s] copying mujoco_egen/impedance_controller_server.py -> /home/palinauskas/Documents/fortiss_repo/mujoco-eleanor/ROS2/build/mujoco_egen/build/lib/mujoco_egen
[1.018s] copying mujoco_egen/__init__.py -> /home/palinauskas/Documents/fortiss_repo/mujoco-eleanor/ROS2/build/mujoco_egen/build/lib/mujoco_egen
[1.018s] creating /home/palinauskas/Documents/fortiss_repo/mujoco-eleanor/ROS2/build/mujoco_egen/build/lib/mujoco_egen/controllers
[1.018s] copying mujoco_egen/controllers/__init__.py -> /home/palinauskas/Documents/fortiss_repo/mujoco-eleanor/ROS2/build/mujoco_egen/build/lib/mujoco_egen/controllers
[1.018s] copying mujoco_egen/controllers/full_impedance_controller.py -> /home/palinauskas/Documents/fortiss_repo/mujoco-eleanor/ROS2/build/mujoco_egen/build/lib/mujoco_egen/controllers
[1.018s] copying mujoco_egen/controllers/base_controller.py -> /home/palinauskas/Documents/fortiss_repo/mujoco-eleanor/ROS2/build/mujoco_egen/build/lib/mujoco_egen/controllers
[1.018s] creating /home/palinauskas/Documents/fortiss_repo/mujoco-eleanor/ROS2/build/mujoco_egen/build/lib/mujoco_egen/utils
[1.018s] copying mujoco_egen/utils/kinematics.py -> /home/palinauskas/Documents/fortiss_repo/mujoco-eleanor/ROS2/build/mujoco_egen/build/lib/mujoco_egen/utils
[1.019s] copying mujoco_egen/utils/__init__.py -> /home/palinauskas/Documents/fortiss_repo/mujoco-eleanor/ROS2/build/mujoco_egen/build/lib/mujoco_egen/utils
[1.019s] copying mujoco_egen/utils/mujoco_utils.py -> /home/palinauskas/Documents/fortiss_repo/mujoco-eleanor/ROS2/build/mujoco_egen/build/lib/mujoco_egen/utils
[1.019s] copying mujoco_egen/utils/read_cfg.py -> /home/palinauskas/Documents/fortiss_repo/mujoco-eleanor/ROS2/build/mujoco_egen/build/lib/mujoco_egen/utils
[1.019s] copying mujoco_egen/utils/test_quaternions.py -> /home/palinauskas/Documents/fortiss_repo/mujoco-eleanor/ROS2/build/mujoco_egen/build/lib/mujoco_egen/utils
[1.019s] copying mujoco_egen/utils/test_ConfigReader.py -> /home/palinauskas/Documents/fortiss_repo/mujoco-eleanor/ROS2/build/mujoco_egen/build/lib/mujoco_egen/utils
[1.019s] copying mujoco_egen/utils/quaternion.py -> /home/palinauskas/Documents/fortiss_repo/mujoco-eleanor/ROS2/build/mujoco_egen/build/lib/mujoco_egen/utils
[1.019s] creating /home/palinauskas/Documents/fortiss_repo/mujoco-eleanor/ROS2/build/mujoco_egen/build/lib/mujoco_egen/mujoco_env
[1.019s] copying mujoco_egen/mujoco_env/im_mujoco_env.py -> /home/palinauskas/Documents/fortiss_repo/mujoco-eleanor/ROS2/build/mujoco_egen/build/lib/mujoco_egen/mujoco_env
[1.019s] copying mujoco_egen/mujoco_env/__init__.py -> /home/palinauskas/Documents/fortiss_repo/mujoco-eleanor/ROS2/build/mujoco_egen/build/lib/mujoco_egen/mujoco_env
[1.020s] creating /home/palinauskas/Documents/fortiss_repo/mujoco-eleanor/ROS2/build/mujoco_egen/build/lib/mujoco_egen/cfg
[1.020s] copying mujoco_egen/cfg/cfg.yaml -> /home/palinauskas/Documents/fortiss_repo/mujoco-eleanor/ROS2/build/mujoco_egen/build/lib/mujoco_egen/cfg
[1.020s] creating /home/palinauskas/Documents/fortiss_repo/mujoco-eleanor/ROS2/build/mujoco_egen/build/lib/mujoco_egen/kuka
[1.020s] creating /home/palinauskas/Documents/fortiss_repo/mujoco-eleanor/ROS2/build/mujoco_egen/build/lib/mujoco_egen/kuka/meshes
[1.020s] copying mujoco_egen/kuka/meshes/hdmi2.stl -> /home/palinauskas/Documents/fortiss_repo/mujoco-eleanor/ROS2/build/mujoco_egen/build/lib/mujoco_egen/kuka/meshes
[1.021s] copying mujoco_egen/kuka/meshes/kuka_link_5.stl -> /home/palinauskas/Documents/fortiss_repo/mujoco-eleanor/ROS2/build/mujoco_egen/build/lib/mujoco_egen/kuka/meshes
[1.022s] copying mujoco_egen/kuka/meshes/hdmi.stl -> /home/palinauskas/Documents/fortiss_repo/mujoco-eleanor/ROS2/build/mujoco_egen/build/lib/mujoco_egen/kuka/meshes
[1.023s] copying mujoco_egen/kuka/meshes/vga2.stl -> /home/palinauskas/Documents/fortiss_repo/mujoco-eleanor/ROS2/build/mujoco_egen/build/lib/mujoco_egen/kuka/meshes
[1.026s] copying mujoco_egen/kuka/meshes/hole21.stl -> /home/palinauskas/Documents/fortiss_repo/mujoco-eleanor/ROS2/build/mujoco_egen/build/lib/mujoco_egen/kuka/meshes
[1.026s] copying mujoco_egen/kuka/meshes/kuka_link_6.stl -> /home/palinauskas/Documents/fortiss_repo/mujoco-eleanor/ROS2/build/mujoco_egen/build/lib/mujoco_egen/kuka/meshes
[1.027s] copying mujoco_egen/kuka/meshes/tool_cylinder1.stl -> /home/palinauskas/Documents/fortiss_repo/mujoco-eleanor/ROS2/build/mujoco_egen/build/lib/mujoco_egen/kuka/meshes
[1.027s] copying mujoco_egen/kuka/meshes/hole.stl -> /home/palinauskas/Documents/fortiss_repo/mujoco-eleanor/ROS2/build/mujoco_egen/build/lib/mujoco_egen/kuka/meshes
[1.027s] copying mujoco_egen/kuka/meshes/tool_cylinder.stl -> /home/palinauskas/Documents/fortiss_repo/mujoco-eleanor/ROS2/build/mujoco_egen/build/lib/mujoco_egen/kuka/meshes
[1.028s] copying mujoco_egen/kuka/meshes/hole24.stl -> /home/palinauskas/Documents/fortiss_repo/mujoco-eleanor/ROS2/build/mujoco_egen/build/lib/mujoco_egen/kuka/meshes
[1.028s] copying mujoco_egen/kuka/meshes/kuka_link_4.stl -> /home/palinauskas/Documents/fortiss_repo/mujoco-eleanor/ROS2/build/mujoco_egen/build/lib/mujoco_egen/kuka/meshes
[1.030s] copying mujoco_egen/kuka/meshes/hole23.stl -> /home/palinauskas/Documents/fortiss_repo/mujoco-eleanor/ROS2/build/mujoco_egen/build/lib/mujoco_egen/kuka/meshes
[1.030s] copying mujoco_egen/kuka/meshes/kuka_link_2.stl -> /home/palinauskas/Documents/fortiss_repo/mujoco-eleanor/ROS2/build/mujoco_egen/build/lib/mujoco_egen/kuka/meshes
[1.031s] copying mujoco_egen/kuka/meshes/cylinder_triangular_hole.stl -> /home/palinauskas/Documents/fortiss_repo/mujoco-eleanor/ROS2/build/mujoco_egen/build/lib/mujoco_egen/kuka/meshes
[1.032s] copying mujoco_egen/kuka/meshes/usb.stl -> /home/palinauskas/Documents/fortiss_repo/mujoco-eleanor/ROS2/build/mujoco_egen/build/lib/mujoco_egen/kuka/meshes
[1.032s] copying mujoco_egen/kuka/meshes/hole22.stl -> /home/palinauskas/Documents/fortiss_repo/mujoco-eleanor/ROS2/build/mujoco_egen/build/lib/mujoco_egen/kuka/meshes
[1.032s] copying mujoco_egen/kuka/meshes/hole20.stl -> /home/palinauskas/Documents/fortiss_repo/mujoco-eleanor/ROS2/build/mujoco_egen/build/lib/mujoco_egen/kuka/meshes
[1.033s] copying mujoco_egen/kuka/meshes/__init__.py -> /home/palinauskas/Documents/fortiss_repo/mujoco-eleanor/ROS2/build/mujoco_egen/build/lib/mujoco_egen/kuka/meshes
[1.033s] copying mujoco_egen/kuka/meshes/table.dae -> /home/palinauskas/Documents/fortiss_repo/mujoco-eleanor/ROS2/build/mujoco_egen/build/lib/mujoco_egen/kuka/meshes
[1.035s] copying mujoco_egen/kuka/meshes/simple_shapes.stl -> /home/palinauskas/Documents/fortiss_repo/mujoco-eleanor/ROS2/build/mujoco_egen/build/lib/mujoco_egen/kuka/meshes
[1.036s] copying mujoco_egen/kuka/meshes/table.stl -> /home/palinauskas/Documents/fortiss_repo/mujoco-eleanor/ROS2/build/mujoco_egen/build/lib/mujoco_egen/kuka/meshes
[1.038s] copying mujoco_egen/kuka/meshes/kuka_link_1.stl -> /home/palinauskas/Documents/fortiss_repo/mujoco-eleanor/ROS2/build/mujoco_egen/build/lib/mujoco_egen/kuka/meshes
[1.040s] copying mujoco_egen/kuka/meshes/kuka_link_7.stl -> /home/palinauskas/Documents/fortiss_repo/mujoco-eleanor/ROS2/build/mujoco_egen/build/lib/mujoco_egen/kuka/meshes
[1.043s] copying mujoco_egen/kuka/meshes/tool_cylinder0.stl -> /home/palinauskas/Documents/fortiss_repo/mujoco-eleanor/ROS2/build/mujoco_egen/build/lib/mujoco_egen/kuka/meshes
[1.044s] copying mujoco_egen/kuka/meshes/vga.stl -> /home/palinauskas/Documents/fortiss_repo/mujoco-eleanor/ROS2/build/mujoco_egen/build/lib/mujoco_egen/kuka/meshes
[1.046s] copying mujoco_egen/kuka/meshes/hole3.stl -> /home/palinauskas/Documents/fortiss_repo/mujoco-eleanor/ROS2/build/mujoco_egen/build/lib/mujoco_egen/kuka/meshes
[1.046s] copying mujoco_egen/kuka/meshes/hole2.stl -> /home/palinauskas/Documents/fortiss_repo/mujoco-eleanor/ROS2/build/mujoco_egen/build/lib/mujoco_egen/kuka/meshes
[1.047s] copying mujoco_egen/kuka/meshes/kuka_link_3.stl -> /home/palinauskas/Documents/fortiss_repo/mujoco-eleanor/ROS2/build/mujoco_egen/build/lib/mujoco_egen/kuka/meshes
[1.048s] copying mujoco_egen/kuka/meshes/simple_shapes1ascii.stl -> /home/palinauskas/Documents/fortiss_repo/mujoco-eleanor/ROS2/build/mujoco_egen/build/lib/mujoco_egen/kuka/meshes
[1.050s] copying mujoco_egen/kuka/meshes/usb2.stl -> /home/palinauskas/Documents/fortiss_repo/mujoco-eleanor/ROS2/build/mujoco_egen/build/lib/mujoco_egen/kuka/meshes
[1.051s] copying mujoco_egen/kuka/meshes/ethernet.stl -> /home/palinauskas/Documents/fortiss_repo/mujoco-eleanor/ROS2/build/mujoco_egen/build/lib/mujoco_egen/kuka/meshes
[1.051s] copying mujoco_egen/kuka/meshes/industrial_sockets.stl -> /home/palinauskas/Documents/fortiss_repo/mujoco-eleanor/ROS2/build/mujoco_egen/build/lib/mujoco_egen/kuka/meshes
[1.055s] copying mujoco_egen/kuka/meshes/kuka_link_0.stl -> /home/palinauskas/Documents/fortiss_repo/mujoco-eleanor/ROS2/build/mujoco_egen/build/lib/mujoco_egen/kuka/meshes
[1.056s] copying mujoco_egen/kuka/meshes/ethernet2.stl -> /home/palinauskas/Documents/fortiss_repo/mujoco-eleanor/ROS2/build/mujoco_egen/build/lib/mujoco_egen/kuka/meshes
[1.056s] copying mujoco_egen/kuka/full_kuka_INRC3_mounted_camera.xml -> /home/palinauskas/Documents/fortiss_repo/mujoco-eleanor/ROS2/build/mujoco_egen/build/lib/mujoco_egen/kuka
[1.057s] copying mujoco_egen/kuka/full_kuka_INRC3_mounted_camera_ethernet.xml -> /home/palinauskas/Documents/fortiss_repo/mujoco-eleanor/ROS2/build/mujoco_egen/build/lib/mujoco_egen/kuka
[1.057s] copying mujoco_egen/kuka/full_kuka_INRC3_mounted_camera_hole.xml -> /home/palinauskas/Documents/fortiss_repo/mujoco-eleanor/ROS2/build/mujoco_egen/build/lib/mujoco_egen/kuka
[1.057s] copying mujoco_egen/kuka/full_kuka_INRC3_mounted_camera_vga.xml -> /home/palinauskas/Documents/fortiss_repo/mujoco-eleanor/ROS2/build/mujoco_egen/build/lib/mujoco_egen/kuka
[1.057s] copying mujoco_egen/kuka/full_kuka_INRC3_mounted_camera_usb.xml -> /home/palinauskas/Documents/fortiss_repo/mujoco-eleanor/ROS2/build/mujoco_egen/build/lib/mujoco_egen/kuka
[1.058s] copying mujoco_egen/kuka/kuka_assets.xml -> /home/palinauskas/Documents/fortiss_repo/mujoco-eleanor/ROS2/build/mujoco_egen/build/lib/mujoco_egen/kuka
[1.058s] copying mujoco_egen/kuka/kuka_actuators.xml -> /home/palinauskas/Documents/fortiss_repo/mujoco-eleanor/ROS2/build/mujoco_egen/build/lib/mujoco_egen/kuka
[1.058s] copying mujoco_egen/kuka/full_kuka_INRC3_mounted_camera_hdmi.xml -> /home/palinauskas/Documents/fortiss_repo/mujoco-eleanor/ROS2/build/mujoco_egen/build/lib/mujoco_egen/kuka
[1.058s] copying mujoco_egen/kuka/kuka_mesh_collision_peg_ee_camera.xml -> /home/palinauskas/Documents/fortiss_repo/mujoco-eleanor/ROS2/build/mujoco_egen/build/lib/mujoco_egen/kuka
[1.059s] running install
[1.060s] running install_lib
[1.060s] creating /home/palinauskas/Documents/fortiss_repo/mujoco-eleanor/ROS2/install/mujoco_egen/lib/python3.8/site-packages/mujoco_egen
[1.061s] creating /home/palinauskas/Documents/fortiss_repo/mujoco-eleanor/ROS2/install/mujoco_egen/lib/python3.8/site-packages/mujoco_egen/kuka
[1.061s] copying /home/palinauskas/Documents/fortiss_repo/mujoco-eleanor/ROS2/build/mujoco_egen/build/lib/mujoco_egen/kuka/full_kuka_INRC3_mounted_camera.xml -> /home/palinauskas/Documents/fortiss_repo/mujoco-eleanor/ROS2/install/mujoco_egen/lib/python3.8/site-packages/mujoco_egen/kuka
[1.061s] copying /home/palinauskas/Documents/fortiss_repo/mujoco-eleanor/ROS2/build/mujoco_egen/build/lib/mujoco_egen/kuka/full_kuka_INRC3_mounted_camera_ethernet.xml -> /home/palinauskas/Documents/fortiss_repo/mujoco-eleanor/ROS2/install/mujoco_egen/lib/python3.8/site-packages/mujoco_egen/kuka
[1.061s] copying /home/palinauskas/Documents/fortiss_repo/mujoco-eleanor/ROS2/build/mujoco_egen/build/lib/mujoco_egen/kuka/full_kuka_INRC3_mounted_camera_hole.xml -> /home/palinauskas/Documents/fortiss_repo/mujoco-eleanor/ROS2/install/mujoco_egen/lib/python3.8/site-packages/mujoco_egen/kuka
[1.061s] copying /home/palinauskas/Documents/fortiss_repo/mujoco-eleanor/ROS2/build/mujoco_egen/build/lib/mujoco_egen/kuka/full_kuka_INRC3_mounted_camera_vga.xml -> /home/palinauskas/Documents/fortiss_repo/mujoco-eleanor/ROS2/install/mujoco_egen/lib/python3.8/site-packages/mujoco_egen/kuka
[1.061s] copying /home/palinauskas/Documents/fortiss_repo/mujoco-eleanor/ROS2/build/mujoco_egen/build/lib/mujoco_egen/kuka/full_kuka_INRC3_mounted_camera_usb.xml -> /home/palinauskas/Documents/fortiss_repo/mujoco-eleanor/ROS2/install/mujoco_egen/lib/python3.8/site-packages/mujoco_egen/kuka
[1.061s] copying /home/palinauskas/Documents/fortiss_repo/mujoco-eleanor/ROS2/build/mujoco_egen/build/lib/mujoco_egen/kuka/kuka_assets.xml -> /home/palinauskas/Documents/fortiss_repo/mujoco-eleanor/ROS2/install/mujoco_egen/lib/python3.8/site-packages/mujoco_egen/kuka
[1.061s] creating /home/palinauskas/Documents/fortiss_repo/mujoco-eleanor/ROS2/install/mujoco_egen/lib/python3.8/site-packages/mujoco_egen/kuka/meshes
[1.061s] copying /home/palinauskas/Documents/fortiss_repo/mujoco-eleanor/ROS2/build/mujoco_egen/build/lib/mujoco_egen/kuka/meshes/hdmi2.stl -> /home/palinauskas/Documents/fortiss_repo/mujoco-eleanor/ROS2/install/mujoco_egen/lib/python3.8/site-packages/mujoco_egen/kuka/meshes
[1.062s] copying /home/palinauskas/Documents/fortiss_repo/mujoco-eleanor/ROS2/build/mujoco_egen/build/lib/mujoco_egen/kuka/meshes/kuka_link_5.stl -> /home/palinauskas/Documents/fortiss_repo/mujoco-eleanor/ROS2/install/mujoco_egen/lib/python3.8/site-packages/mujoco_egen/kuka/meshes
[1.062s] copying /home/palinauskas/Documents/fortiss_repo/mujoco-eleanor/ROS2/build/mujoco_egen/build/lib/mujoco_egen/kuka/meshes/hdmi.stl -> /home/palinauskas/Documents/fortiss_repo/mujoco-eleanor/ROS2/install/mujoco_egen/lib/python3.8/site-packages/mujoco_egen/kuka/meshes
[1.063s] copying /home/palinauskas/Documents/fortiss_repo/mujoco-eleanor/ROS2/build/mujoco_egen/build/lib/mujoco_egen/kuka/meshes/vga2.stl -> /home/palinauskas/Documents/fortiss_repo/mujoco-eleanor/ROS2/install/mujoco_egen/lib/python3.8/site-packages/mujoco_egen/kuka/meshes
[1.064s] copying /home/palinauskas/Documents/fortiss_repo/mujoco-eleanor/ROS2/build/mujoco_egen/build/lib/mujoco_egen/kuka/meshes/hole21.stl -> /home/palinauskas/Documents/fortiss_repo/mujoco-eleanor/ROS2/install/mujoco_egen/lib/python3.8/site-packages/mujoco_egen/kuka/meshes
[1.064s] copying /home/palinauskas/Documents/fortiss_repo/mujoco-eleanor/ROS2/build/mujoco_egen/build/lib/mujoco_egen/kuka/meshes/kuka_link_6.stl -> /home/palinauskas/Documents/fortiss_repo/mujoco-eleanor/ROS2/install/mujoco_egen/lib/python3.8/site-packages/mujoco_egen/kuka/meshes
[1.064s] copying /home/palinauskas/Documents/fortiss_repo/mujoco-eleanor/ROS2/build/mujoco_egen/build/lib/mujoco_egen/kuka/meshes/tool_cylinder1.stl -> /home/palinauskas/Documents/fortiss_repo/mujoco-eleanor/ROS2/install/mujoco_egen/lib/python3.8/site-packages/mujoco_egen/kuka/meshes
[1.064s] copying /home/palinauskas/Documents/fortiss_repo/mujoco-eleanor/ROS2/build/mujoco_egen/build/lib/mujoco_egen/kuka/meshes/hole.stl -> /home/palinauskas/Documents/fortiss_repo/mujoco-eleanor/ROS2/install/mujoco_egen/lib/python3.8/site-packages/mujoco_egen/kuka/meshes
[1.064s] copying /home/palinauskas/Documents/fortiss_repo/mujoco-eleanor/ROS2/build/mujoco_egen/build/lib/mujoco_egen/kuka/meshes/tool_cylinder.stl -> /home/palinauskas/Documents/fortiss_repo/mujoco-eleanor/ROS2/install/mujoco_egen/lib/python3.8/site-packages/mujoco_egen/kuka/meshes
[1.065s] copying /home/palinauskas/Documents/fortiss_repo/mujoco-eleanor/ROS2/build/mujoco_egen/build/lib/mujoco_egen/kuka/meshes/hole24.stl -> /home/palinauskas/Documents/fortiss_repo/mujoco-eleanor/ROS2/install/mujoco_egen/lib/python3.8/site-packages/mujoco_egen/kuka/meshes
[1.065s] copying /home/palinauskas/Documents/fortiss_repo/mujoco-eleanor/ROS2/build/mujoco_egen/build/lib/mujoco_egen/kuka/meshes/kuka_link_4.stl -> /home/palinauskas/Documents/fortiss_repo/mujoco-eleanor/ROS2/install/mujoco_egen/lib/python3.8/site-packages/mujoco_egen/kuka/meshes
[1.065s] copying /home/palinauskas/Documents/fortiss_repo/mujoco-eleanor/ROS2/build/mujoco_egen/build/lib/mujoco_egen/kuka/meshes/hole23.stl -> /home/palinauskas/Documents/fortiss_repo/mujoco-eleanor/ROS2/install/mujoco_egen/lib/python3.8/site-packages/mujoco_egen/kuka/meshes
[1.065s] copying /home/palinauskas/Documents/fortiss_repo/mujoco-eleanor/ROS2/build/mujoco_egen/build/lib/mujoco_egen/kuka/meshes/kuka_link_2.stl -> /home/palinauskas/Documents/fortiss_repo/mujoco-eleanor/ROS2/install/mujoco_egen/lib/python3.8/site-packages/mujoco_egen/kuka/meshes
[1.065s] copying /home/palinauskas/Documents/fortiss_repo/mujoco-eleanor/ROS2/build/mujoco_egen/build/lib/mujoco_egen/kuka/meshes/cylinder_triangular_hole.stl -> /home/palinauskas/Documents/fortiss_repo/mujoco-eleanor/ROS2/install/mujoco_egen/lib/python3.8/site-packages/mujoco_egen/kuka/meshes
[1.065s] copying /home/palinauskas/Documents/fortiss_repo/mujoco-eleanor/ROS2/build/mujoco_egen/build/lib/mujoco_egen/kuka/meshes/usb.stl -> /home/palinauskas/Documents/fortiss_repo/mujoco-eleanor/ROS2/install/mujoco_egen/lib/python3.8/site-packages/mujoco_egen/kuka/meshes
[1.066s] copying /home/palinauskas/Documents/fortiss_repo/mujoco-eleanor/ROS2/build/mujoco_egen/build/lib/mujoco_egen/kuka/meshes/hole22.stl -> /home/palinauskas/Documents/fortiss_repo/mujoco-eleanor/ROS2/install/mujoco_egen/lib/python3.8/site-packages/mujoco_egen/kuka/meshes
[1.066s] copying /home/palinauskas/Documents/fortiss_repo/mujoco-eleanor/ROS2/build/mujoco_egen/build/lib/mujoco_egen/kuka/meshes/hole20.stl -> /home/palinauskas/Documents/fortiss_repo/mujoco-eleanor/ROS2/install/mujoco_egen/lib/python3.8/site-packages/mujoco_egen/kuka/meshes
[1.066s] copying /home/palinauskas/Documents/fortiss_repo/mujoco-eleanor/ROS2/build/mujoco_egen/build/lib/mujoco_egen/kuka/meshes/__init__.py -> /home/palinauskas/Documents/fortiss_repo/mujoco-eleanor/ROS2/install/mujoco_egen/lib/python3.8/site-packages/mujoco_egen/kuka/meshes
[1.066s] copying /home/palinauskas/Documents/fortiss_repo/mujoco-eleanor/ROS2/build/mujoco_egen/build/lib/mujoco_egen/kuka/meshes/table.dae -> /home/palinauskas/Documents/fortiss_repo/mujoco-eleanor/ROS2/install/mujoco_egen/lib/python3.8/site-packages/mujoco_egen/kuka/meshes
[1.067s] copying /home/palinauskas/Documents/fortiss_repo/mujoco-eleanor/ROS2/build/mujoco_egen/build/lib/mujoco_egen/kuka/meshes/simple_shapes.stl -> /home/palinauskas/Documents/fortiss_repo/mujoco-eleanor/ROS2/install/mujoco_egen/lib/python3.8/site-packages/mujoco_egen/kuka/meshes
[1.067s] copying /home/palinauskas/Documents/fortiss_repo/mujoco-eleanor/ROS2/build/mujoco_egen/build/lib/mujoco_egen/kuka/meshes/table.stl -> /home/palinauskas/Documents/fortiss_repo/mujoco-eleanor/ROS2/install/mujoco_egen/lib/python3.8/site-packages/mujoco_egen/kuka/meshes
[1.068s] copying /home/palinauskas/Documents/fortiss_repo/mujoco-eleanor/ROS2/build/mujoco_egen/build/lib/mujoco_egen/kuka/meshes/kuka_link_1.stl -> /home/palinauskas/Documents/fortiss_repo/mujoco-eleanor/ROS2/install/mujoco_egen/lib/python3.8/site-packages/mujoco_egen/kuka/meshes
[1.069s] copying /home/palinauskas/Documents/fortiss_repo/mujoco-eleanor/ROS2/build/mujoco_egen/build/lib/mujoco_egen/kuka/meshes/kuka_link_7.stl -> /home/palinauskas/Documents/fortiss_repo/mujoco-eleanor/ROS2/install/mujoco_egen/lib/python3.8/site-packages/mujoco_egen/kuka/meshes
[1.070s] copying /home/palinauskas/Documents/fortiss_repo/mujoco-eleanor/ROS2/build/mujoco_egen/build/lib/mujoco_egen/kuka/meshes/tool_cylinder0.stl -> /home/palinauskas/Documents/fortiss_repo/mujoco-eleanor/ROS2/install/mujoco_egen/lib/python3.8/site-packages/mujoco_egen/kuka/meshes
[1.070s] copying /home/palinauskas/Documents/fortiss_repo/mujoco-eleanor/ROS2/build/mujoco_egen/build/lib/mujoco_egen/kuka/meshes/vga.stl -> /home/palinauskas/Documents/fortiss_repo/mujoco-eleanor/ROS2/install/mujoco_egen/lib/python3.8/site-packages/mujoco_egen/kuka/meshes
[1.071s] copying /home/palinauskas/Documents/fortiss_repo/mujoco-eleanor/ROS2/build/mujoco_egen/build/lib/mujoco_egen/kuka/meshes/hole3.stl -> /home/palinauskas/Documents/fortiss_repo/mujoco-eleanor/ROS2/install/mujoco_egen/lib/python3.8/site-packages/mujoco_egen/kuka/meshes
[1.071s] copying /home/palinauskas/Documents/fortiss_repo/mujoco-eleanor/ROS2/build/mujoco_egen/build/lib/mujoco_egen/kuka/meshes/hole2.stl -> /home/palinauskas/Documents/fortiss_repo/mujoco-eleanor/ROS2/install/mujoco_egen/lib/python3.8/site-packages/mujoco_egen/kuka/meshes
[1.072s] copying /home/palinauskas/Documents/fortiss_repo/mujoco-eleanor/ROS2/build/mujoco_egen/build/lib/mujoco_egen/kuka/meshes/kuka_link_3.stl -> /home/palinauskas/Documents/fortiss_repo/mujoco-eleanor/ROS2/install/mujoco_egen/lib/python3.8/site-packages/mujoco_egen/kuka/meshes
[1.072s] copying /home/palinauskas/Documents/fortiss_repo/mujoco-eleanor/ROS2/build/mujoco_egen/build/lib/mujoco_egen/kuka/meshes/simple_shapes1ascii.stl -> /home/palinauskas/Documents/fortiss_repo/mujoco-eleanor/ROS2/install/mujoco_egen/lib/python3.8/site-packages/mujoco_egen/kuka/meshes
[1.073s] copying /home/palinauskas/Documents/fortiss_repo/mujoco-eleanor/ROS2/build/mujoco_egen/build/lib/mujoco_egen/kuka/meshes/usb2.stl -> /home/palinauskas/Documents/fortiss_repo/mujoco-eleanor/ROS2/install/mujoco_egen/lib/python3.8/site-packages/mujoco_egen/kuka/meshes
[1.073s] copying /home/palinauskas/Documents/fortiss_repo/mujoco-eleanor/ROS2/build/mujoco_egen/build/lib/mujoco_egen/kuka/meshes/ethernet.stl -> /home/palinauskas/Documents/fortiss_repo/mujoco-eleanor/ROS2/install/mujoco_egen/lib/python3.8/site-packages/mujoco_egen/kuka/meshes
[1.073s] copying /home/palinauskas/Documents/fortiss_repo/mujoco-eleanor/ROS2/build/mujoco_egen/build/lib/mujoco_egen/kuka/meshes/industrial_sockets.stl -> /home/palinauskas/Documents/fortiss_repo/mujoco-eleanor/ROS2/install/mujoco_egen/lib/python3.8/site-packages/mujoco_egen/kuka/meshes
[1.075s] copying /home/palinauskas/Documents/fortiss_repo/mujoco-eleanor/ROS2/build/mujoco_egen/build/lib/mujoco_egen/kuka/meshes/kuka_link_0.stl -> /home/palinauskas/Documents/fortiss_repo/mujoco-eleanor/ROS2/install/mujoco_egen/lib/python3.8/site-packages/mujoco_egen/kuka/meshes
[1.075s] copying /home/palinauskas/Documents/fortiss_repo/mujoco-eleanor/ROS2/build/mujoco_egen/build/lib/mujoco_egen/kuka/meshes/ethernet2.stl -> /home/palinauskas/Documents/fortiss_repo/mujoco-eleanor/ROS2/install/mujoco_egen/lib/python3.8/site-packages/mujoco_egen/kuka/meshes
[1.075s] copying /home/palinauskas/Documents/fortiss_repo/mujoco-eleanor/ROS2/build/mujoco_egen/build/lib/mujoco_egen/kuka/kuka_actuators.xml -> /home/palinauskas/Documents/fortiss_repo/mujoco-eleanor/ROS2/install/mujoco_egen/lib/python3.8/site-packages/mujoco_egen/kuka
[1.076s] copying /home/palinauskas/Documents/fortiss_repo/mujoco-eleanor/ROS2/build/mujoco_egen/build/lib/mujoco_egen/kuka/full_kuka_INRC3_mounted_camera_hdmi.xml -> /home/palinauskas/Documents/fortiss_repo/mujoco-eleanor/ROS2/install/mujoco_egen/lib/python3.8/site-packages/mujoco_egen/kuka
[1.076s] copying /home/palinauskas/Documents/fortiss_repo/mujoco-eleanor/ROS2/build/mujoco_egen/build/lib/mujoco_egen/kuka/kuka_mesh_collision_peg_ee_camera.xml -> /home/palinauskas/Documents/fortiss_repo/mujoco-eleanor/ROS2/install/mujoco_egen/lib/python3.8/site-packages/mujoco_egen/kuka
[1.076s] copying /home/palinauskas/Documents/fortiss_repo/mujoco-eleanor/ROS2/build/mujoco_egen/build/lib/mujoco_egen/impedance_controller_server.py -> /home/palinauskas/Documents/fortiss_repo/mujoco-eleanor/ROS2/install/mujoco_egen/lib/python3.8/site-packages/mujoco_egen
[1.076s] copying /home/palinauskas/Documents/fortiss_repo/mujoco-eleanor/ROS2/build/mujoco_egen/build/lib/mujoco_egen/__init__.py -> /home/palinauskas/Documents/fortiss_repo/mujoco-eleanor/ROS2/install/mujoco_egen/lib/python3.8/site-packages/mujoco_egen
[1.076s] creating /home/palinauskas/Documents/fortiss_repo/mujoco-eleanor/ROS2/install/mujoco_egen/lib/python3.8/site-packages/mujoco_egen/mujoco_env
[1.076s] copying /home/palinauskas/Documents/fortiss_repo/mujoco-eleanor/ROS2/build/mujoco_egen/build/lib/mujoco_egen/mujoco_env/im_mujoco_env.py -> /home/palinauskas/Documents/fortiss_repo/mujoco-eleanor/ROS2/install/mujoco_egen/lib/python3.8/site-packages/mujoco_egen/mujoco_env
[1.076s] copying /home/palinauskas/Documents/fortiss_repo/mujoco-eleanor/ROS2/build/mujoco_egen/build/lib/mujoco_egen/mujoco_env/__init__.py -> /home/palinauskas/Documents/fortiss_repo/mujoco-eleanor/ROS2/install/mujoco_egen/lib/python3.8/site-packages/mujoco_egen/mujoco_env
[1.076s] creating /home/palinauskas/Documents/fortiss_repo/mujoco-eleanor/ROS2/install/mujoco_egen/lib/python3.8/site-packages/mujoco_egen/controllers
[1.076s] copying /home/palinauskas/Documents/fortiss_repo/mujoco-eleanor/ROS2/build/mujoco_egen/build/lib/mujoco_egen/controllers/__init__.py -> /home/palinauskas/Documents/fortiss_repo/mujoco-eleanor/ROS2/install/mujoco_egen/lib/python3.8/site-packages/mujoco_egen/controllers
[1.076s] copying /home/palinauskas/Documents/fortiss_repo/mujoco-eleanor/ROS2/build/mujoco_egen/build/lib/mujoco_egen/controllers/full_impedance_controller.py -> /home/palinauskas/Documents/fortiss_repo/mujoco-eleanor/ROS2/install/mujoco_egen/lib/python3.8/site-packages/mujoco_egen/controllers
[1.076s] copying /home/palinauskas/Documents/fortiss_repo/mujoco-eleanor/ROS2/build/mujoco_egen/build/lib/mujoco_egen/controllers/base_controller.py -> /home/palinauskas/Documents/fortiss_repo/mujoco-eleanor/ROS2/install/mujoco_egen/lib/python3.8/site-packages/mujoco_egen/controllers
[1.077s] creating /home/palinauskas/Documents/fortiss_repo/mujoco-eleanor/ROS2/install/mujoco_egen/lib/python3.8/site-packages/mujoco_egen/utils
[1.077s] copying /home/palinauskas/Documents/fortiss_repo/mujoco-eleanor/ROS2/build/mujoco_egen/build/lib/mujoco_egen/utils/kinematics.py -> /home/palinauskas/Documents/fortiss_repo/mujoco-eleanor/ROS2/install/mujoco_egen/lib/python3.8/site-packages/mujoco_egen/utils
[1.077s] copying /home/palinauskas/Documents/fortiss_repo/mujoco-eleanor/ROS2/build/mujoco_egen/build/lib/mujoco_egen/utils/__init__.py -> /home/palinauskas/Documents/fortiss_repo/mujoco-eleanor/ROS2/install/mujoco_egen/lib/python3.8/site-packages/mujoco_egen/utils
[1.077s] copying /home/palinauskas/Documents/fortiss_repo/mujoco-eleanor/ROS2/build/mujoco_egen/build/lib/mujoco_egen/utils/mujoco_utils.py -> /home/palinauskas/Documents/fortiss_repo/mujoco-eleanor/ROS2/install/mujoco_egen/lib/python3.8/site-packages/mujoco_egen/utils
[1.077s] copying /home/palinauskas/Documents/fortiss_repo/mujoco-eleanor/ROS2/build/mujoco_egen/build/lib/mujoco_egen/utils/read_cfg.py -> /home/palinauskas/Documents/fortiss_repo/mujoco-eleanor/ROS2/install/mujoco_egen/lib/python3.8/site-packages/mujoco_egen/utils
[1.077s] copying /home/palinauskas/Documents/fortiss_repo/mujoco-eleanor/ROS2/build/mujoco_egen/build/lib/mujoco_egen/utils/test_quaternions.py -> /home/palinauskas/Documents/fortiss_repo/mujoco-eleanor/ROS2/install/mujoco_egen/lib/python3.8/site-packages/mujoco_egen/utils
[1.077s] copying /home/palinauskas/Documents/fortiss_repo/mujoco-eleanor/ROS2/build/mujoco_egen/build/lib/mujoco_egen/utils/test_ConfigReader.py -> /home/palinauskas/Documents/fortiss_repo/mujoco-eleanor/ROS2/install/mujoco_egen/lib/python3.8/site-packages/mujoco_egen/utils
[1.077s] copying /home/palinauskas/Documents/fortiss_repo/mujoco-eleanor/ROS2/build/mujoco_egen/build/lib/mujoco_egen/utils/quaternion.py -> /home/palinauskas/Documents/fortiss_repo/mujoco-eleanor/ROS2/install/mujoco_egen/lib/python3.8/site-packages/mujoco_egen/utils
[1.077s] creating /home/palinauskas/Documents/fortiss_repo/mujoco-eleanor/ROS2/install/mujoco_egen/lib/python3.8/site-packages/mujoco_egen/cfg
[1.078s] copying /home/palinauskas/Documents/fortiss_repo/mujoco-eleanor/ROS2/build/mujoco_egen/build/lib/mujoco_egen/cfg/cfg.yaml -> /home/palinauskas/Documents/fortiss_repo/mujoco-eleanor/ROS2/install/mujoco_egen/lib/python3.8/site-packages/mujoco_egen/cfg
[1.078s] byte-compiling /home/palinauskas/Documents/fortiss_repo/mujoco-eleanor/ROS2/install/mujoco_egen/lib/python3.8/site-packages/mujoco_egen/kuka/meshes/__init__.py to __init__.cpython-38.pyc
[1.079s] byte-compiling /home/palinauskas/Documents/fortiss_repo/mujoco-eleanor/ROS2/install/mujoco_egen/lib/python3.8/site-packages/mujoco_egen/impedance_controller_server.py to impedance_controller_server.cpython-38.pyc
[1.080s] byte-compiling /home/palinauskas/Documents/fortiss_repo/mujoco-eleanor/ROS2/install/mujoco_egen/lib/python3.8/site-packages/mujoco_egen/__init__.py to __init__.cpython-38.pyc
[1.080s] byte-compiling /home/palinauskas/Documents/fortiss_repo/mujoco-eleanor/ROS2/install/mujoco_egen/lib/python3.8/site-packages/mujoco_egen/mujoco_env/im_mujoco_env.py to im_mujoco_env.cpython-38.pyc
[1.081s] byte-compiling /home/palinauskas/Documents/fortiss_repo/mujoco-eleanor/ROS2/install/mujoco_egen/lib/python3.8/site-packages/mujoco_egen/mujoco_env/__init__.py to __init__.cpython-38.pyc
[1.081s] byte-compiling /home/palinauskas/Documents/fortiss_repo/mujoco-eleanor/ROS2/install/mujoco_egen/lib/python3.8/site-packages/mujoco_egen/controllers/__init__.py to __init__.cpython-38.pyc
[1.082s] byte-compiling /home/palinauskas/Documents/fortiss_repo/mujoco-eleanor/ROS2/install/mujoco_egen/lib/python3.8/site-packages/mujoco_egen/controllers/full_impedance_controller.py to full_impedance_controller.cpython-38.pyc
[1.082s] byte-compiling /home/palinauskas/Documents/fortiss_repo/mujoco-eleanor/ROS2/install/mujoco_egen/lib/python3.8/site-packages/mujoco_egen/controllers/base_controller.py to base_controller.cpython-38.pyc
[1.082s] byte-compiling /home/palinauskas/Documents/fortiss_repo/mujoco-eleanor/ROS2/install/mujoco_egen/lib/python3.8/site-packages/mujoco_egen/utils/kinematics.py to kinematics.cpython-38.pyc
[1.083s] byte-compiling /home/palinauskas/Documents/fortiss_repo/mujoco-eleanor/ROS2/install/mujoco_egen/lib/python3.8/site-packages/mujoco_egen/utils/__init__.py to __init__.cpython-38.pyc
[1.083s] byte-compiling /home/palinauskas/Documents/fortiss_repo/mujoco-eleanor/ROS2/install/mujoco_egen/lib/python3.8/site-packages/mujoco_egen/utils/mujoco_utils.py to mujoco_utils.cpython-38.pyc
[1.083s] byte-compiling /home/palinauskas/Documents/fortiss_repo/mujoco-eleanor/ROS2/install/mujoco_egen/lib/python3.8/site-packages/mujoco_egen/utils/read_cfg.py to read_cfg.cpython-38.pyc
[1.084s] byte-compiling /home/palinauskas/Documents/fortiss_repo/mujoco-eleanor/ROS2/install/mujoco_egen/lib/python3.8/site-packages/mujoco_egen/utils/test_quaternions.py to test_quaternions.cpython-38.pyc
[1.084s] byte-compiling /home/palinauskas/Documents/fortiss_repo/mujoco-eleanor/ROS2/install/mujoco_egen/lib/python3.8/site-packages/mujoco_egen/utils/test_ConfigReader.py to test_ConfigReader.cpython-38.pyc
[1.084s] byte-compiling /home/palinauskas/Documents/fortiss_repo/mujoco-eleanor/ROS2/install/mujoco_egen/lib/python3.8/site-packages/mujoco_egen/utils/quaternion.py to quaternion.cpython-38.pyc
[1.085s] running install_data
[1.085s] creating /home/palinauskas/Documents/fortiss_repo/mujoco-eleanor/ROS2/install/mujoco_egen/share/ament_index
[1.085s] creating /home/palinauskas/Documents/fortiss_repo/mujoco-eleanor/ROS2/install/mujoco_egen/share/ament_index/resource_index
[1.085s] creating /home/palinauskas/Documents/fortiss_repo/mujoco-eleanor/ROS2/install/mujoco_egen/share/ament_index/resource_index/packages
[1.085s] copying resource/mujoco_egen -> /home/palinauskas/Documents/fortiss_repo/mujoco-eleanor/ROS2/install/mujoco_egen/share/ament_index/resource_index/packages
[1.085s] copying package.xml -> /home/palinauskas/Documents/fortiss_repo/mujoco-eleanor/ROS2/install/mujoco_egen/share/mujoco_egen
[1.086s] copying launch/run_mujoco_egen.launch.py -> /home/palinauskas/Documents/fortiss_repo/mujoco-eleanor/ROS2/install/mujoco_egen/share/mujoco_egen
[1.086s] copying launch/run_set_desired_pose.launch.py -> /home/palinauskas/Documents/fortiss_repo/mujoco-eleanor/ROS2/install/mujoco_egen/share/mujoco_egen
[1.086s] copying launch/template_saccades.launch.py -> /home/palinauskas/Documents/fortiss_repo/mujoco-eleanor/ROS2/install/mujoco_egen/share/mujoco_egen
[1.086s] copying launch/run_saccades.launch.py -> /home/palinauskas/Documents/fortiss_repo/mujoco-eleanor/ROS2/install/mujoco_egen/share/mujoco_egen
[1.086s] running install_egg_info
[1.087s] Copying ../../build/mujoco_egen/mujoco_egen.egg-info to /home/palinauskas/Documents/fortiss_repo/mujoco-eleanor/ROS2/install/mujoco_egen/lib/python3.8/site-packages/mujoco_egen-0.0.0-py3.8.egg-info
[1.087s] running install_scripts
[1.100s] Installing impedance_controller_server script to /home/palinauskas/Documents/fortiss_repo/mujoco-eleanor/ROS2/install/mujoco_egen/lib/mujoco_egen
[1.100s] Installing test script to /home/palinauskas/Documents/fortiss_repo/mujoco-eleanor/ROS2/install/mujoco_egen/lib/mujoco_egen
[1.100s] writing list of installed files to '/home/palinauskas/Documents/fortiss_repo/mujoco-eleanor/ROS2/build/mujoco_egen/install.log'
[1.118s] Invoked command in '/home/palinauskas/Documents/fortiss_repo/mujoco-eleanor/ROS2/src/mujoco_egen' returned '0': AMENT_PREFIX_PATH=/home/palinauskas/Documents/fortiss_repo/mujoco-eleanor/ROS2/install/controller_interface:/home/palinauskas/Documents/fortiss_repo/mujoco-eleanor/ROS2/install/camera_event_data_interface:${AMENT_PREFIX_PATH} CMAKE_PREFIX_PATH=/home/palinauskas/Documents/fortiss_repo/mujoco-eleanor/ROS2/install/controller_interface:/home/palinauskas/Documents/fortiss_repo/mujoco-eleanor/ROS2/install/camera_event_data_interface LD_LIBRARY_PATH=/home/palinauskas/Documents/fortiss_repo/mujoco-eleanor/ROS2/install/controller_interface/lib:/home/palinauskas/Documents/fortiss_repo/mujoco-eleanor/ROS2/install/camera_event_data_interface/lib:/opt/ros/galactic/opt/yaml_cpp_vendor/lib:/opt/ros/galactic/opt/rviz_ogre_vendor/lib:/opt/ros/galactic/lib/x86_64-linux-gnu:/opt/ros/galactic/lib:/usr/local/cuda-11.3/lib64 PYTHONPATH=/home/palinauskas/Documents/fortiss_repo/mujoco-eleanor/ROS2/build/mujoco_egen/prefix_override:/home/palinauskas/Documents/fortiss_repo/mujoco-eleanor/ROS2/install/mujoco_egen/lib/python3.8/site-packages:/home/palinauskas/Documents/fortiss_repo/mujoco-eleanor/ROS2/install/controller_interface/lib/python3.8/site-packages:/home/palinauskas/Documents/fortiss_repo/mujoco-eleanor/ROS2/install/camera_event_data_interface/lib/python3.8/site-packages:${PYTHONPATH} /usr/bin/python3 setup.py egg_info --egg-base ../../build/mujoco_egen build --build-base /home/palinauskas/Documents/fortiss_repo/mujoco-eleanor/ROS2/build/mujoco_egen/build install --record /home/palinauskas/Documents/fortiss_repo/mujoco-eleanor/ROS2/build/mujoco_egen/install.log --single-version-externally-managed
