/home/palinauskas/Documents/fortiss_repo/mujoco-eleanor/ROS2/install/mujoco_egen/lib/python3.8/site-packages/mujoco_egen/impedance_controller_server.py
/home/palinauskas/Documents/fortiss_repo/mujoco-eleanor/ROS2/install/mujoco_egen/lib/python3.8/site-packages/mujoco_egen/__init__.py
/home/palinauskas/Documents/fortiss_repo/mujoco-eleanor/ROS2/install/mujoco_egen/lib/python3.8/site-packages/mujoco_egen/controllers/__init__.py
/home/palinauskas/Documents/fortiss_repo/mujoco-eleanor/ROS2/install/mujoco_egen/lib/python3.8/site-packages/mujoco_egen/controllers/full_impedance_controller.py
/home/palinauskas/Documents/fortiss_repo/mujoco-eleanor/ROS2/install/mujoco_egen/lib/python3.8/site-packages/mujoco_egen/controllers/base_controller.py
/home/palinauskas/Documents/fortiss_repo/mujoco-eleanor/ROS2/install/mujoco_egen/lib/python3.8/site-packages/mujoco_egen/utils/kinematics.py
/home/palinauskas/Documents/fortiss_repo/mujoco-eleanor/ROS2/install/mujoco_egen/lib/python3.8/site-packages/mujoco_egen/utils/__init__.py
/home/palinauskas/Documents/fortiss_repo/mujoco-eleanor/ROS2/install/mujoco_egen/lib/python3.8/site-packages/mujoco_egen/utils/mujoco_utils.py
/home/palinauskas/Documents/fortiss_repo/mujoco-eleanor/ROS2/install/mujoco_egen/lib/python3.8/site-packages/mujoco_egen/utils/read_cfg.py
/home/palinauskas/Documents/fortiss_repo/mujoco-eleanor/ROS2/install/mujoco_egen/lib/python3.8/site-packages/mujoco_egen/utils/test_quaternions.py
/home/palinauskas/Documents/fortiss_repo/mujoco-eleanor/ROS2/install/mujoco_egen/lib/python3.8/site-packages/mujoco_egen/utils/test_ConfigReader.py
/home/palinauskas/Documents/fortiss_repo/mujoco-eleanor/ROS2/install/mujoco_egen/lib/python3.8/site-packages/mujoco_egen/utils/quaternion.py
/home/palinauskas/Documents/fortiss_repo/mujoco-eleanor/ROS2/install/mujoco_egen/lib/python3.8/site-packages/mujoco_egen/mujoco_env/im_mujoco_env.py
/home/palinauskas/Documents/fortiss_repo/mujoco-eleanor/ROS2/install/mujoco_egen/lib/python3.8/site-packages/mujoco_egen/mujoco_env/__init__.py
/home/palinauskas/Documents/fortiss_repo/mujoco-eleanor/ROS2/install/mujoco_egen/lib/python3.8/site-packages/mujoco_egen/cfg/cfg.yaml
/home/palinauskas/Documents/fortiss_repo/mujoco-eleanor/ROS2/install/mujoco_egen/lib/python3.8/site-packages/mujoco_egen/kuka/meshes/hdmi2.stl
/home/palinauskas/Documents/fortiss_repo/mujoco-eleanor/ROS2/install/mujoco_egen/lib/python3.8/site-packages/mujoco_egen/kuka/meshes/kuka_link_5.stl
/home/palinauskas/Documents/fortiss_repo/mujoco-eleanor/ROS2/install/mujoco_egen/lib/python3.8/site-packages/mujoco_egen/kuka/meshes/hdmi.stl
/home/palinauskas/Documents/fortiss_repo/mujoco-eleanor/ROS2/install/mujoco_egen/lib/python3.8/site-packages/mujoco_egen/kuka/meshes/vga2.stl
/home/palinauskas/Documents/fortiss_repo/mujoco-eleanor/ROS2/install/mujoco_egen/lib/python3.8/site-packages/mujoco_egen/kuka/meshes/hole21.stl
/home/palinauskas/Documents/fortiss_repo/mujoco-eleanor/ROS2/install/mujoco_egen/lib/python3.8/site-packages/mujoco_egen/kuka/meshes/kuka_link_6.stl
/home/palinauskas/Documents/fortiss_repo/mujoco-eleanor/ROS2/install/mujoco_egen/lib/python3.8/site-packages/mujoco_egen/kuka/meshes/tool_cylinder1.stl
/home/palinauskas/Documents/fortiss_repo/mujoco-eleanor/ROS2/install/mujoco_egen/lib/python3.8/site-packages/mujoco_egen/kuka/meshes/hole.stl
/home/palinauskas/Documents/fortiss_repo/mujoco-eleanor/ROS2/install/mujoco_egen/lib/python3.8/site-packages/mujoco_egen/kuka/meshes/tool_cylinder.stl
/home/palinauskas/Documents/fortiss_repo/mujoco-eleanor/ROS2/install/mujoco_egen/lib/python3.8/site-packages/mujoco_egen/kuka/meshes/hole24.stl
/home/palinauskas/Documents/fortiss_repo/mujoco-eleanor/ROS2/install/mujoco_egen/lib/python3.8/site-packages/mujoco_egen/kuka/meshes/kuka_link_4.stl
/home/palinauskas/Documents/fortiss_repo/mujoco-eleanor/ROS2/install/mujoco_egen/lib/python3.8/site-packages/mujoco_egen/kuka/meshes/hole23.stl
/home/palinauskas/Documents/fortiss_repo/mujoco-eleanor/ROS2/install/mujoco_egen/lib/python3.8/site-packages/mujoco_egen/kuka/meshes/kuka_link_2.stl
/home/palinauskas/Documents/fortiss_repo/mujoco-eleanor/ROS2/install/mujoco_egen/lib/python3.8/site-packages/mujoco_egen/kuka/meshes/cylinder_triangular_hole.stl
/home/palinauskas/Documents/fortiss_repo/mujoco-eleanor/ROS2/install/mujoco_egen/lib/python3.8/site-packages/mujoco_egen/kuka/meshes/usb.stl
/home/palinauskas/Documents/fortiss_repo/mujoco-eleanor/ROS2/install/mujoco_egen/lib/python3.8/site-packages/mujoco_egen/kuka/meshes/hole22.stl
/home/palinauskas/Documents/fortiss_repo/mujoco-eleanor/ROS2/install/mujoco_egen/lib/python3.8/site-packages/mujoco_egen/kuka/meshes/hole20.stl
/home/palinauskas/Documents/fortiss_repo/mujoco-eleanor/ROS2/install/mujoco_egen/lib/python3.8/site-packages/mujoco_egen/kuka/meshes/__init__.py
/home/palinauskas/Documents/fortiss_repo/mujoco-eleanor/ROS2/install/mujoco_egen/lib/python3.8/site-packages/mujoco_egen/kuka/meshes/table.dae
/home/palinauskas/Documents/fortiss_repo/mujoco-eleanor/ROS2/install/mujoco_egen/lib/python3.8/site-packages/mujoco_egen/kuka/meshes/simple_shapes.stl
/home/palinauskas/Documents/fortiss_repo/mujoco-eleanor/ROS2/install/mujoco_egen/lib/python3.8/site-packages/mujoco_egen/kuka/meshes/table.stl
/home/palinauskas/Documents/fortiss_repo/mujoco-eleanor/ROS2/install/mujoco_egen/lib/python3.8/site-packages/mujoco_egen/kuka/meshes/kuka_link_1.stl
/home/palinauskas/Documents/fortiss_repo/mujoco-eleanor/ROS2/install/mujoco_egen/lib/python3.8/site-packages/mujoco_egen/kuka/meshes/kuka_link_7.stl
/home/palinauskas/Documents/fortiss_repo/mujoco-eleanor/ROS2/install/mujoco_egen/lib/python3.8/site-packages/mujoco_egen/kuka/meshes/tool_cylinder0.stl
/home/palinauskas/Documents/fortiss_repo/mujoco-eleanor/ROS2/install/mujoco_egen/lib/python3.8/site-packages/mujoco_egen/kuka/meshes/vga.stl
/home/palinauskas/Documents/fortiss_repo/mujoco-eleanor/ROS2/install/mujoco_egen/lib/python3.8/site-packages/mujoco_egen/kuka/meshes/hole3.stl
/home/palinauskas/Documents/fortiss_repo/mujoco-eleanor/ROS2/install/mujoco_egen/lib/python3.8/site-packages/mujoco_egen/kuka/meshes/hole2.stl
/home/palinauskas/Documents/fortiss_repo/mujoco-eleanor/ROS2/install/mujoco_egen/lib/python3.8/site-packages/mujoco_egen/kuka/meshes/kuka_link_3.stl
/home/palinauskas/Documents/fortiss_repo/mujoco-eleanor/ROS2/install/mujoco_egen/lib/python3.8/site-packages/mujoco_egen/kuka/meshes/simple_shapes1ascii.stl
/home/palinauskas/Documents/fortiss_repo/mujoco-eleanor/ROS2/install/mujoco_egen/lib/python3.8/site-packages/mujoco_egen/kuka/meshes/usb2.stl
/home/palinauskas/Documents/fortiss_repo/mujoco-eleanor/ROS2/install/mujoco_egen/lib/python3.8/site-packages/mujoco_egen/kuka/meshes/ethernet.stl
/home/palinauskas/Documents/fortiss_repo/mujoco-eleanor/ROS2/install/mujoco_egen/lib/python3.8/site-packages/mujoco_egen/kuka/meshes/industrial_sockets.stl
/home/palinauskas/Documents/fortiss_repo/mujoco-eleanor/ROS2/install/mujoco_egen/lib/python3.8/site-packages/mujoco_egen/kuka/meshes/kuka_link_0.stl
/home/palinauskas/Documents/fortiss_repo/mujoco-eleanor/ROS2/install/mujoco_egen/lib/python3.8/site-packages/mujoco_egen/kuka/meshes/ethernet2.stl
/home/palinauskas/Documents/fortiss_repo/mujoco-eleanor/ROS2/install/mujoco_egen/lib/python3.8/site-packages/mujoco_egen/kuka/full_kuka_INRC3_mounted_camera.xml
/home/palinauskas/Documents/fortiss_repo/mujoco-eleanor/ROS2/install/mujoco_egen/lib/python3.8/site-packages/mujoco_egen/kuka/full_kuka_INRC3_mounted_camera_ethernet.xml
/home/palinauskas/Documents/fortiss_repo/mujoco-eleanor/ROS2/install/mujoco_egen/lib/python3.8/site-packages/mujoco_egen/kuka/full_kuka_INRC3_mounted_camera_hole.xml
/home/palinauskas/Documents/fortiss_repo/mujoco-eleanor/ROS2/install/mujoco_egen/lib/python3.8/site-packages/mujoco_egen/kuka/full_kuka_INRC3_mounted_camera_vga.xml
/home/palinauskas/Documents/fortiss_repo/mujoco-eleanor/ROS2/install/mujoco_egen/lib/python3.8/site-packages/mujoco_egen/kuka/full_kuka_INRC3_mounted_camera_usb.xml
/home/palinauskas/Documents/fortiss_repo/mujoco-eleanor/ROS2/install/mujoco_egen/lib/python3.8/site-packages/mujoco_egen/kuka/kuka_assets.xml
/home/palinauskas/Documents/fortiss_repo/mujoco-eleanor/ROS2/install/mujoco_egen/lib/python3.8/site-packages/mujoco_egen/kuka/kuka_actuators.xml
/home/palinauskas/Documents/fortiss_repo/mujoco-eleanor/ROS2/install/mujoco_egen/lib/python3.8/site-packages/mujoco_egen/kuka/full_kuka_INRC3_mounted_camera_hdmi.xml
/home/palinauskas/Documents/fortiss_repo/mujoco-eleanor/ROS2/install/mujoco_egen/lib/python3.8/site-packages/mujoco_egen/kuka/kuka_mesh_collision_peg_ee_camera.xml
/home/palinauskas/Documents/fortiss_repo/mujoco-eleanor/ROS2/install/mujoco_egen/lib/python3.8/site-packages/mujoco_egen/__pycache__/impedance_controller_server.cpython-38.pyc
/home/palinauskas/Documents/fortiss_repo/mujoco-eleanor/ROS2/install/mujoco_egen/lib/python3.8/site-packages/mujoco_egen/__pycache__/__init__.cpython-38.pyc
/home/palinauskas/Documents/fortiss_repo/mujoco-eleanor/ROS2/install/mujoco_egen/lib/python3.8/site-packages/mujoco_egen/controllers/__pycache__/__init__.cpython-38.pyc
/home/palinauskas/Documents/fortiss_repo/mujoco-eleanor/ROS2/install/mujoco_egen/lib/python3.8/site-packages/mujoco_egen/controllers/__pycache__/full_impedance_controller.cpython-38.pyc
/home/palinauskas/Documents/fortiss_repo/mujoco-eleanor/ROS2/install/mujoco_egen/lib/python3.8/site-packages/mujoco_egen/controllers/__pycache__/base_controller.cpython-38.pyc
/home/palinauskas/Documents/fortiss_repo/mujoco-eleanor/ROS2/install/mujoco_egen/lib/python3.8/site-packages/mujoco_egen/utils/__pycache__/kinematics.cpython-38.pyc
/home/palinauskas/Documents/fortiss_repo/mujoco-eleanor/ROS2/install/mujoco_egen/lib/python3.8/site-packages/mujoco_egen/utils/__pycache__/__init__.cpython-38.pyc
/home/palinauskas/Documents/fortiss_repo/mujoco-eleanor/ROS2/install/mujoco_egen/lib/python3.8/site-packages/mujoco_egen/utils/__pycache__/mujoco_utils.cpython-38.pyc
/home/palinauskas/Documents/fortiss_repo/mujoco-eleanor/ROS2/install/mujoco_egen/lib/python3.8/site-packages/mujoco_egen/utils/__pycache__/read_cfg.cpython-38.pyc
/home/palinauskas/Documents/fortiss_repo/mujoco-eleanor/ROS2/install/mujoco_egen/lib/python3.8/site-packages/mujoco_egen/utils/__pycache__/test_quaternions.cpython-38.pyc
/home/palinauskas/Documents/fortiss_repo/mujoco-eleanor/ROS2/install/mujoco_egen/lib/python3.8/site-packages/mujoco_egen/utils/__pycache__/test_ConfigReader.cpython-38.pyc
/home/palinauskas/Documents/fortiss_repo/mujoco-eleanor/ROS2/install/mujoco_egen/lib/python3.8/site-packages/mujoco_egen/utils/__pycache__/quaternion.cpython-38.pyc
/home/palinauskas/Documents/fortiss_repo/mujoco-eleanor/ROS2/install/mujoco_egen/lib/python3.8/site-packages/mujoco_egen/mujoco_env/__pycache__/im_mujoco_env.cpython-38.pyc
/home/palinauskas/Documents/fortiss_repo/mujoco-eleanor/ROS2/install/mujoco_egen/lib/python3.8/site-packages/mujoco_egen/mujoco_env/__pycache__/__init__.cpython-38.pyc
/home/palinauskas/Documents/fortiss_repo/mujoco-eleanor/ROS2/install/mujoco_egen/lib/python3.8/site-packages/mujoco_egen/kuka/meshes/__pycache__/__init__.cpython-38.pyc
/home/palinauskas/Documents/fortiss_repo/mujoco-eleanor/ROS2/install/mujoco_egen/share/ament_index/resource_index/packages/mujoco_egen
/home/palinauskas/Documents/fortiss_repo/mujoco-eleanor/ROS2/install/mujoco_egen/share/mujoco_egen/package.xml
/home/palinauskas/Documents/fortiss_repo/mujoco-eleanor/ROS2/install/mujoco_egen/share/mujoco_egen/run_mujoco_egen.launch.py
/home/palinauskas/Documents/fortiss_repo/mujoco-eleanor/ROS2/install/mujoco_egen/share/mujoco_egen/run_set_desired_pose.launch.py
/home/palinauskas/Documents/fortiss_repo/mujoco-eleanor/ROS2/install/mujoco_egen/share/mujoco_egen/template_saccades.launch.py
/home/palinauskas/Documents/fortiss_repo/mujoco-eleanor/ROS2/install/mujoco_egen/share/mujoco_egen/run_saccades.launch.py
/home/palinauskas/Documents/fortiss_repo/mujoco-eleanor/ROS2/install/mujoco_egen/lib/python3.8/site-packages/mujoco_egen-0.0.0-py3.8.egg-info/top_level.txt
/home/palinauskas/Documents/fortiss_repo/mujoco-eleanor/ROS2/install/mujoco_egen/lib/python3.8/site-packages/mujoco_egen-0.0.0-py3.8.egg-info/dependency_links.txt
/home/palinauskas/Documents/fortiss_repo/mujoco-eleanor/ROS2/install/mujoco_egen/lib/python3.8/site-packages/mujoco_egen-0.0.0-py3.8.egg-info/requires.txt
/home/palinauskas/Documents/fortiss_repo/mujoco-eleanor/ROS2/install/mujoco_egen/lib/python3.8/site-packages/mujoco_egen-0.0.0-py3.8.egg-info/entry_points.txt
/home/palinauskas/Documents/fortiss_repo/mujoco-eleanor/ROS2/install/mujoco_egen/lib/python3.8/site-packages/mujoco_egen-0.0.0-py3.8.egg-info/PKG-INFO
/home/palinauskas/Documents/fortiss_repo/mujoco-eleanor/ROS2/install/mujoco_egen/lib/python3.8/site-packages/mujoco_egen-0.0.0-py3.8.egg-info/SOURCES.txt
/home/palinauskas/Documents/fortiss_repo/mujoco-eleanor/ROS2/install/mujoco_egen/lib/python3.8/site-packages/mujoco_egen-0.0.0-py3.8.egg-info/zip-safe
/home/palinauskas/Documents/fortiss_repo/mujoco-eleanor/ROS2/install/mujoco_egen/lib/mujoco_egen/impedance_controller_server
/home/palinauskas/Documents/fortiss_repo/mujoco-eleanor/ROS2/install/mujoco_egen/lib/mujoco_egen/test
