[0.352s] DEBUG:colcon:Command line arguments: ['/usr/bin/colcon', 'build']
[0.352s] DEBUG:colcon:Parsed command line arguments: Namespace(allow_overriding=[], ament_cmake_args=None, base_paths=['.'], build_base='build', catkin_cmake_args=None, catkin_skip_building_tests=False, cmake_args=None, cmake_clean_cache=False, cmake_clean_first=False, cmake_force_configure=False, cmake_target=None, cmake_target_skip_unavailable=False, continue_on_error=False, event_handlers=None, executor='parallel', ignore_user_meta=False, install_base='install', log_base=None, log_level=None, main=<bound method BuildVerb.main of <colcon_core.verb.build.BuildVerb object at 0x7f6d2c42f7f0>>, merge_install=False, metas=['./colcon.meta'], packages_above=None, packages_above_and_dependencies=None, packages_above_depth=None, packages_end=None, packages_ignore=None, packages_ignore_regex=None, packages_select=None, packages_select_build_failed=False, packages_select_by_dep=None, packages_select_regex=None, packages_select_test_failures=False, packages_skip=None, packages_skip_build_finished=False, packages_skip_by_dep=None, packages_skip_regex=None, packages_skip_test_passed=False, packages_skip_up_to=None, packages_start=None, packages_up_to=None, packages_up_to_regex=None, parallel_workers=8, paths=None, symlink_install=False, test_result_base=None, verb_extension=<colcon_core.verb.build.BuildVerb object at 0x7f6d2c42f7f0>, verb_name='build', verb_parser=<colcon_defaults.argument_parser.defaults.DefaultArgumentsDecorator object at 0x7f6d2c42fd60>)
[0.388s] Level 1:colcon.colcon_core.package_discovery:discover_packages(colcon_meta) check parameters
[0.388s] Level 1:colcon.colcon_core.package_discovery:discover_packages(recursive) check parameters
[0.388s] Level 1:colcon.colcon_core.package_discovery:discover_packages(ignore) check parameters
[0.388s] Level 1:colcon.colcon_core.package_discovery:discover_packages(path) check parameters
[0.388s] Level 1:colcon.colcon_core.package_discovery:discover_packages(colcon_meta) discover
[0.388s] Level 1:colcon.colcon_core.package_discovery:discover_packages(recursive) discover
[0.388s] INFO:colcon.colcon_core.package_discovery:Crawling recursively for packages in '/home/palinauskas/Documents/fortiss_repo/mujoco-eleanor/ROS2'
[0.388s] Level 1:colcon.colcon_core.package_identification:_identify(.) by extensions ['ignore', 'ignore_ament_install']
[0.388s] Level 1:colcon.colcon_core.package_identification:_identify(.) by extension 'ignore'
[0.388s] Level 1:colcon.colcon_core.package_identification:_identify(.) by extension 'ignore_ament_install'
[0.388s] Level 1:colcon.colcon_core.package_identification:_identify(.) by extensions ['colcon_pkg']
[0.388s] Level 1:colcon.colcon_core.package_identification:_identify(.) by extension 'colcon_pkg'
[0.388s] Level 1:colcon.colcon_core.package_identification:_identify(.) by extensions ['colcon_meta']
[0.388s] Level 1:colcon.colcon_core.package_identification:_identify(.) by extension 'colcon_meta'
[0.388s] Level 1:colcon.colcon_core.package_identification:_identify(.) by extensions ['ros']
[0.388s] Level 1:colcon.colcon_core.package_identification:_identify(.) by extension 'ros'
[0.396s] Level 1:colcon.colcon_core.package_identification:_identify(.) by extensions ['cmake', 'python']
[0.396s] Level 1:colcon.colcon_core.package_identification:_identify(.) by extension 'cmake'
[0.396s] Level 1:colcon.colcon_core.package_identification:_identify(.) by extension 'python'
[0.396s] Level 1:colcon.colcon_core.package_identification:_identify(.) by extensions ['python_setup_py']
[0.396s] Level 1:colcon.colcon_core.package_identification:_identify(.) by extension 'python_setup_py'
[0.396s] Level 1:colcon.colcon_core.package_identification:_identify(build) by extensions ['ignore', 'ignore_ament_install']
[0.396s] Level 1:colcon.colcon_core.package_identification:_identify(build) by extension 'ignore'
[0.397s] Level 1:colcon.colcon_core.package_identification:_identify(build) ignored
[0.397s] Level 1:colcon.colcon_core.package_identification:_identify(install) by extensions ['ignore', 'ignore_ament_install']
[0.397s] Level 1:colcon.colcon_core.package_identification:_identify(install) by extension 'ignore'
[0.397s] Level 1:colcon.colcon_core.package_identification:_identify(install) ignored
[0.397s] Level 1:colcon.colcon_core.package_identification:_identify(log) by extensions ['ignore', 'ignore_ament_install']
[0.397s] Level 1:colcon.colcon_core.package_identification:_identify(log) by extension 'ignore'
[0.397s] Level 1:colcon.colcon_core.package_identification:_identify(log) ignored
[0.397s] Level 1:colcon.colcon_core.package_identification:_identify(src) by extensions ['ignore', 'ignore_ament_install']
[0.397s] Level 1:colcon.colcon_core.package_identification:_identify(src) by extension 'ignore'
[0.397s] Level 1:colcon.colcon_core.package_identification:_identify(src) by extension 'ignore_ament_install'
[0.397s] Level 1:colcon.colcon_core.package_identification:_identify(src) by extensions ['colcon_pkg']
[0.397s] Level 1:colcon.colcon_core.package_identification:_identify(src) by extension 'colcon_pkg'
[0.397s] Level 1:colcon.colcon_core.package_identification:_identify(src) by extensions ['colcon_meta']
[0.397s] Level 1:colcon.colcon_core.package_identification:_identify(src) by extension 'colcon_meta'
[0.397s] Level 1:colcon.colcon_core.package_identification:_identify(src) by extensions ['ros']
[0.397s] Level 1:colcon.colcon_core.package_identification:_identify(src) by extension 'ros'
[0.397s] Level 1:colcon.colcon_core.package_identification:_identify(src) by extensions ['cmake', 'python']
[0.397s] Level 1:colcon.colcon_core.package_identification:_identify(src) by extension 'cmake'
[0.397s] Level 1:colcon.colcon_core.package_identification:_identify(src) by extension 'python'
[0.397s] Level 1:colcon.colcon_core.package_identification:_identify(src) by extensions ['python_setup_py']
[0.397s] Level 1:colcon.colcon_core.package_identification:_identify(src) by extension 'python_setup_py'
[0.397s] Level 1:colcon.colcon_core.package_identification:_identify(src/camera_event_data_interface) by extensions ['ignore', 'ignore_ament_install']
[0.397s] Level 1:colcon.colcon_core.package_identification:_identify(src/camera_event_data_interface) by extension 'ignore'
[0.397s] Level 1:colcon.colcon_core.package_identification:_identify(src/camera_event_data_interface) by extension 'ignore_ament_install'
[0.397s] Level 1:colcon.colcon_core.package_identification:_identify(src/camera_event_data_interface) by extensions ['colcon_pkg']
[0.398s] Level 1:colcon.colcon_core.package_identification:_identify(src/camera_event_data_interface) by extension 'colcon_pkg'
[0.398s] Level 1:colcon.colcon_core.package_identification:_identify(src/camera_event_data_interface) by extensions ['colcon_meta']
[0.398s] Level 1:colcon.colcon_core.package_identification:_identify(src/camera_event_data_interface) by extension 'colcon_meta'
[0.398s] Level 1:colcon.colcon_core.package_identification:_identify(src/camera_event_data_interface) by extensions ['ros']
[0.398s] Level 1:colcon.colcon_core.package_identification:_identify(src/camera_event_data_interface) by extension 'ros'
[0.400s] DEBUG:colcon.colcon_core.package_identification:Package 'src/camera_event_data_interface' with type 'ros.ament_cmake' and name 'camera_event_data_interface'
[0.400s] Level 1:colcon.colcon_core.package_identification:_identify(src/controller_interface) by extensions ['ignore', 'ignore_ament_install']
[0.400s] Level 1:colcon.colcon_core.package_identification:_identify(src/controller_interface) by extension 'ignore'
[0.400s] Level 1:colcon.colcon_core.package_identification:_identify(src/controller_interface) by extension 'ignore_ament_install'
[0.400s] Level 1:colcon.colcon_core.package_identification:_identify(src/controller_interface) by extensions ['colcon_pkg']
[0.400s] Level 1:colcon.colcon_core.package_identification:_identify(src/controller_interface) by extension 'colcon_pkg'
[0.400s] Level 1:colcon.colcon_core.package_identification:_identify(src/controller_interface) by extensions ['colcon_meta']
[0.400s] Level 1:colcon.colcon_core.package_identification:_identify(src/controller_interface) by extension 'colcon_meta'
[0.400s] Level 1:colcon.colcon_core.package_identification:_identify(src/controller_interface) by extensions ['ros']
[0.400s] Level 1:colcon.colcon_core.package_identification:_identify(src/controller_interface) by extension 'ros'
[0.401s] DEBUG:colcon.colcon_core.package_identification:Package 'src/controller_interface' with type 'ros.ament_cmake' and name 'controller_interface'
[0.401s] Level 1:colcon.colcon_core.package_identification:_identify(src/mujoco_egen) by extensions ['ignore', 'ignore_ament_install']
[0.401s] Level 1:colcon.colcon_core.package_identification:_identify(src/mujoco_egen) by extension 'ignore'
[0.401s] Level 1:colcon.colcon_core.package_identification:_identify(src/mujoco_egen) by extension 'ignore_ament_install'
[0.401s] Level 1:colcon.colcon_core.package_identification:_identify(src/mujoco_egen) by extensions ['colcon_pkg']
[0.401s] Level 1:colcon.colcon_core.package_identification:_identify(src/mujoco_egen) by extension 'colcon_pkg'
[0.401s] Level 1:colcon.colcon_core.package_identification:_identify(src/mujoco_egen) by extensions ['colcon_meta']
[0.401s] Level 1:colcon.colcon_core.package_identification:_identify(src/mujoco_egen) by extension 'colcon_meta'
[0.401s] Level 1:colcon.colcon_core.package_identification:_identify(src/mujoco_egen) by extensions ['ros']
[0.401s] Level 1:colcon.colcon_core.package_identification:_identify(src/mujoco_egen) by extension 'ros'
[0.401s] DEBUG:colcon.colcon_core.package_identification:Package 'src/mujoco_egen' with type 'ros.ament_python' and name 'mujoco_egen'
[0.402s] Level 1:colcon.colcon_core.package_identification:_identify(src/mujoco_sim) by extensions ['ignore', 'ignore_ament_install']
[0.402s] Level 1:colcon.colcon_core.package_identification:_identify(src/mujoco_sim) by extension 'ignore'
[0.402s] Level 1:colcon.colcon_core.package_identification:_identify(src/mujoco_sim) by extension 'ignore_ament_install'
[0.402s] Level 1:colcon.colcon_core.package_identification:_identify(src/mujoco_sim) by extensions ['colcon_pkg']
[0.402s] Level 1:colcon.colcon_core.package_identification:_identify(src/mujoco_sim) by extension 'colcon_pkg'
[0.402s] Level 1:colcon.colcon_core.package_identification:_identify(src/mujoco_sim) by extensions ['colcon_meta']
[0.402s] Level 1:colcon.colcon_core.package_identification:_identify(src/mujoco_sim) by extension 'colcon_meta'
[0.402s] Level 1:colcon.colcon_core.package_identification:_identify(src/mujoco_sim) by extensions ['ros']
[0.402s] Level 1:colcon.colcon_core.package_identification:_identify(src/mujoco_sim) by extension 'ros'
[0.402s] DEBUG:colcon.colcon_core.package_identification:Package 'src/mujoco_sim' with type 'ros.ament_python' and name 'mujoco_sim'
[0.402s] Level 1:colcon.colcon_core.package_discovery:discover_packages(recursive) using defaults
[0.402s] Level 1:colcon.colcon_core.package_discovery:discover_packages(ignore) discover
[0.402s] Level 1:colcon.colcon_core.package_discovery:discover_packages(ignore) using defaults
[0.402s] Level 1:colcon.colcon_core.package_discovery:discover_packages(path) discover
[0.402s] Level 1:colcon.colcon_core.package_discovery:discover_packages(path) using defaults
[0.421s] Level 1:colcon.colcon_core.package_discovery:discover_packages(prefix_path) check parameters
[0.421s] Level 1:colcon.colcon_core.package_discovery:discover_packages(prefix_path) discover
[0.424s] DEBUG:colcon.colcon_installed_package_information.package_discovery:Found 268 installed packages in /opt/ros/galactic
[0.425s] Level 1:colcon.colcon_core.package_discovery:discover_packages(prefix_path) using defaults
[0.483s] Level 5:colcon.colcon_core.verb:set package 'camera_event_data_interface' build argument 'cmake_args' from command line to 'None'
[0.483s] Level 5:colcon.colcon_core.verb:set package 'camera_event_data_interface' build argument 'cmake_target' from command line to 'None'
[0.483s] Level 5:colcon.colcon_core.verb:set package 'camera_event_data_interface' build argument 'cmake_target_skip_unavailable' from command line to 'False'
[0.483s] Level 5:colcon.colcon_core.verb:set package 'camera_event_data_interface' build argument 'cmake_clean_cache' from command line to 'False'
[0.483s] Level 5:colcon.colcon_core.verb:set package 'camera_event_data_interface' build argument 'cmake_clean_first' from command line to 'False'
[0.483s] Level 5:colcon.colcon_core.verb:set package 'camera_event_data_interface' build argument 'cmake_force_configure' from command line to 'False'
[0.483s] Level 5:colcon.colcon_core.verb:set package 'camera_event_data_interface' build argument 'ament_cmake_args' from command line to 'None'
[0.483s] Level 5:colcon.colcon_core.verb:set package 'camera_event_data_interface' build argument 'catkin_cmake_args' from command line to 'None'
[0.483s] Level 5:colcon.colcon_core.verb:set package 'camera_event_data_interface' build argument 'catkin_skip_building_tests' from command line to 'False'
[0.483s] DEBUG:colcon.colcon_core.verb:Building package 'camera_event_data_interface' with the following arguments: {'ament_cmake_args': None, 'build_base': '/home/palinauskas/Documents/fortiss_repo/mujoco-eleanor/ROS2/build/camera_event_data_interface', 'catkin_cmake_args': None, 'catkin_skip_building_tests': False, 'cmake_args': None, 'cmake_clean_cache': False, 'cmake_clean_first': False, 'cmake_force_configure': False, 'cmake_target': None, 'cmake_target_skip_unavailable': False, 'install_base': '/home/palinauskas/Documents/fortiss_repo/mujoco-eleanor/ROS2/install/camera_event_data_interface', 'merge_install': False, 'path': '/home/palinauskas/Documents/fortiss_repo/mujoco-eleanor/ROS2/src/camera_event_data_interface', 'symlink_install': False, 'test_result_base': None}
[0.484s] Level 5:colcon.colcon_core.verb:set package 'controller_interface' build argument 'cmake_args' from command line to 'None'
[0.484s] Level 5:colcon.colcon_core.verb:set package 'controller_interface' build argument 'cmake_target' from command line to 'None'
[0.484s] Level 5:colcon.colcon_core.verb:set package 'controller_interface' build argument 'cmake_target_skip_unavailable' from command line to 'False'
[0.484s] Level 5:colcon.colcon_core.verb:set package 'controller_interface' build argument 'cmake_clean_cache' from command line to 'False'
[0.484s] Level 5:colcon.colcon_core.verb:set package 'controller_interface' build argument 'cmake_clean_first' from command line to 'False'
[0.484s] Level 5:colcon.colcon_core.verb:set package 'controller_interface' build argument 'cmake_force_configure' from command line to 'False'
[0.484s] Level 5:colcon.colcon_core.verb:set package 'controller_interface' build argument 'ament_cmake_args' from command line to 'None'
[0.484s] Level 5:colcon.colcon_core.verb:set package 'controller_interface' build argument 'catkin_cmake_args' from command line to 'None'
[0.484s] Level 5:colcon.colcon_core.verb:set package 'controller_interface' build argument 'catkin_skip_building_tests' from command line to 'False'
[0.484s] DEBUG:colcon.colcon_core.verb:Building package 'controller_interface' with the following arguments: {'ament_cmake_args': None, 'build_base': '/home/palinauskas/Documents/fortiss_repo/mujoco-eleanor/ROS2/build/controller_interface', 'catkin_cmake_args': None, 'catkin_skip_building_tests': False, 'cmake_args': None, 'cmake_clean_cache': False, 'cmake_clean_first': False, 'cmake_force_configure': False, 'cmake_target': None, 'cmake_target_skip_unavailable': False, 'install_base': '/home/palinauskas/Documents/fortiss_repo/mujoco-eleanor/ROS2/install/controller_interface', 'merge_install': False, 'path': '/home/palinauskas/Documents/fortiss_repo/mujoco-eleanor/ROS2/src/controller_interface', 'symlink_install': False, 'test_result_base': None}
[0.485s] Level 5:colcon.colcon_core.verb:set package 'mujoco_egen' build argument 'cmake_args' from command line to 'None'
[0.485s] Level 5:colcon.colcon_core.verb:set package 'mujoco_egen' build argument 'cmake_target' from command line to 'None'
[0.485s] Level 5:colcon.colcon_core.verb:set package 'mujoco_egen' build argument 'cmake_target_skip_unavailable' from command line to 'False'
[0.485s] Level 5:colcon.colcon_core.verb:set package 'mujoco_egen' build argument 'cmake_clean_cache' from command line to 'False'
[0.485s] Level 5:colcon.colcon_core.verb:set package 'mujoco_egen' build argument 'cmake_clean_first' from command line to 'False'
[0.485s] Level 5:colcon.colcon_core.verb:set package 'mujoco_egen' build argument 'cmake_force_configure' from command line to 'False'
[0.485s] Level 5:colcon.colcon_core.verb:set package 'mujoco_egen' build argument 'ament_cmake_args' from command line to 'None'
[0.485s] Level 5:colcon.colcon_core.verb:set package 'mujoco_egen' build argument 'catkin_cmake_args' from command line to 'None'
[0.485s] Level 5:colcon.colcon_core.verb:set package 'mujoco_egen' build argument 'catkin_skip_building_tests' from command line to 'False'
[0.485s] DEBUG:colcon.colcon_core.verb:Building package 'mujoco_egen' with the following arguments: {'ament_cmake_args': None, 'build_base': '/home/palinauskas/Documents/fortiss_repo/mujoco-eleanor/ROS2/build/mujoco_egen', 'catkin_cmake_args': None, 'catkin_skip_building_tests': False, 'cmake_args': None, 'cmake_clean_cache': False, 'cmake_clean_first': False, 'cmake_force_configure': False, 'cmake_target': None, 'cmake_target_skip_unavailable': False, 'install_base': '/home/palinauskas/Documents/fortiss_repo/mujoco-eleanor/ROS2/install/mujoco_egen', 'merge_install': False, 'path': '/home/palinauskas/Documents/fortiss_repo/mujoco-eleanor/ROS2/src/mujoco_egen', 'symlink_install': False, 'test_result_base': None}
[0.486s] Level 5:colcon.colcon_core.verb:set package 'mujoco_sim' build argument 'cmake_args' from command line to 'None'
[0.486s] Level 5:colcon.colcon_core.verb:set package 'mujoco_sim' build argument 'cmake_target' from command line to 'None'
[0.486s] Level 5:colcon.colcon_core.verb:set package 'mujoco_sim' build argument 'cmake_target_skip_unavailable' from command line to 'False'
[0.486s] Level 5:colcon.colcon_core.verb:set package 'mujoco_sim' build argument 'cmake_clean_cache' from command line to 'False'
[0.486s] Level 5:colcon.colcon_core.verb:set package 'mujoco_sim' build argument 'cmake_clean_first' from command line to 'False'
[0.486s] Level 5:colcon.colcon_core.verb:set package 'mujoco_sim' build argument 'cmake_force_configure' from command line to 'False'
[0.486s] Level 5:colcon.colcon_core.verb:set package 'mujoco_sim' build argument 'ament_cmake_args' from command line to 'None'
[0.486s] Level 5:colcon.colcon_core.verb:set package 'mujoco_sim' build argument 'catkin_cmake_args' from command line to 'None'
[0.486s] Level 5:colcon.colcon_core.verb:set package 'mujoco_sim' build argument 'catkin_skip_building_tests' from command line to 'False'
[0.486s] DEBUG:colcon.colcon_core.verb:Building package 'mujoco_sim' with the following arguments: {'ament_cmake_args': None, 'build_base': '/home/palinauskas/Documents/fortiss_repo/mujoco-eleanor/ROS2/build/mujoco_sim', 'catkin_cmake_args': None, 'catkin_skip_building_tests': False, 'cmake_args': None, 'cmake_clean_cache': False, 'cmake_clean_first': False, 'cmake_force_configure': False, 'cmake_target': None, 'cmake_target_skip_unavailable': False, 'install_base': '/home/palinauskas/Documents/fortiss_repo/mujoco-eleanor/ROS2/install/mujoco_sim', 'merge_install': False, 'path': '/home/palinauskas/Documents/fortiss_repo/mujoco-eleanor/ROS2/src/mujoco_sim', 'symlink_install': False, 'test_result_base': None}
[0.486s] INFO:colcon.colcon_core.executor:Executing jobs using 'parallel' executor
[0.488s] DEBUG:colcon.colcon_parallel_executor.executor.parallel:run_until_complete
[0.489s] INFO:colcon.colcon_ros.task.ament_cmake.build:Building ROS package in '/home/palinauskas/Documents/fortiss_repo/mujoco-eleanor/ROS2/src/camera_event_data_interface' with build type 'ament_cmake'
[0.489s] INFO:colcon.colcon_cmake.task.cmake.build:Building CMake package in '/home/palinauskas/Documents/fortiss_repo/mujoco-eleanor/ROS2/src/camera_event_data_interface'
[0.495s] INFO:colcon.colcon_core.plugin_system:Skipping extension 'colcon_core.shell.bat': Not used on non-Windows systems
[0.495s] INFO:colcon.colcon_core.shell:Skip shell extension 'powershell' for command environment: Not usable outside of PowerShell
[0.495s] DEBUG:colcon.colcon_core.shell:Skip shell extension 'dsv' for command environment
[0.499s] INFO:colcon.colcon_ros.task.ament_cmake.build:Building ROS package in '/home/palinauskas/Documents/fortiss_repo/mujoco-eleanor/ROS2/src/controller_interface' with build type 'ament_cmake'
[0.499s] INFO:colcon.colcon_cmake.task.cmake.build:Building CMake package in '/home/palinauskas/Documents/fortiss_repo/mujoco-eleanor/ROS2/src/controller_interface'
[0.500s] INFO:colcon.colcon_core.shell:Skip shell extension 'powershell' for command environment: Not usable outside of PowerShell
[0.500s] DEBUG:colcon.colcon_core.shell:Skip shell extension 'dsv' for command environment
[0.506s] DEBUG:colcon.colcon_core.event_handler.log_command:Invoking command in '/home/palinauskas/Documents/fortiss_repo/mujoco-eleanor/ROS2/build/camera_event_data_interface': CMAKE_PREFIX_PATH=/opt/ros/galactic /usr/bin/cmake /home/palinauskas/Documents/fortiss_repo/mujoco-eleanor/ROS2/src/camera_event_data_interface -DCMAKE_INSTALL_PREFIX=/home/palinauskas/Documents/fortiss_repo/mujoco-eleanor/ROS2/install/camera_event_data_interface
[0.513s] DEBUG:colcon.colcon_core.event_handler.log_command:Invoking command in '/home/palinauskas/Documents/fortiss_repo/mujoco-eleanor/ROS2/build/controller_interface': CMAKE_PREFIX_PATH=/opt/ros/galactic /usr/bin/cmake /home/palinauskas/Documents/fortiss_repo/mujoco-eleanor/ROS2/src/controller_interface -DCMAKE_INSTALL_PREFIX=/home/palinauskas/Documents/fortiss_repo/mujoco-eleanor/ROS2/install/controller_interface
[1.702s] DEBUG:colcon.colcon_core.event_handler.log_command:Invoked command in '/home/palinauskas/Documents/fortiss_repo/mujoco-eleanor/ROS2/build/camera_event_data_interface' returned '0': CMAKE_PREFIX_PATH=/opt/ros/galactic /usr/bin/cmake /home/palinauskas/Documents/fortiss_repo/mujoco-eleanor/ROS2/src/camera_event_data_interface -DCMAKE_INSTALL_PREFIX=/home/palinauskas/Documents/fortiss_repo/mujoco-eleanor/ROS2/install/camera_event_data_interface
[1.705s] DEBUG:colcon.colcon_core.event_handler.log_command:Invoking command in '/home/palinauskas/Documents/fortiss_repo/mujoco-eleanor/ROS2/build/camera_event_data_interface': CMAKE_PREFIX_PATH=/opt/ros/galactic /usr/bin/cmake --build /home/palinauskas/Documents/fortiss_repo/mujoco-eleanor/ROS2/build/camera_event_data_interface -- -j8 -l8
[1.837s] DEBUG:colcon.colcon_core.event_handler.log_command:Invoked command in '/home/palinauskas/Documents/fortiss_repo/mujoco-eleanor/ROS2/build/controller_interface' returned '0': CMAKE_PREFIX_PATH=/opt/ros/galactic /usr/bin/cmake /home/palinauskas/Documents/fortiss_repo/mujoco-eleanor/ROS2/src/controller_interface -DCMAKE_INSTALL_PREFIX=/home/palinauskas/Documents/fortiss_repo/mujoco-eleanor/ROS2/install/controller_interface
[1.839s] DEBUG:colcon.colcon_core.event_handler.log_command:Invoking command in '/home/palinauskas/Documents/fortiss_repo/mujoco-eleanor/ROS2/build/controller_interface': CMAKE_PREFIX_PATH=/opt/ros/galactic /usr/bin/cmake --build /home/palinauskas/Documents/fortiss_repo/mujoco-eleanor/ROS2/build/controller_interface -- -j8 -l8
[5.732s] DEBUG:colcon.colcon_core.event_handler.log_command:Invoked command in '/home/palinauskas/Documents/fortiss_repo/mujoco-eleanor/ROS2/build/camera_event_data_interface' returned '0': CMAKE_PREFIX_PATH=/opt/ros/galactic /usr/bin/cmake --build /home/palinauskas/Documents/fortiss_repo/mujoco-eleanor/ROS2/build/camera_event_data_interface -- -j8 -l8
[5.799s] DEBUG:colcon.colcon_core.event_handler.log_command:Invoking command in '/home/palinauskas/Documents/fortiss_repo/mujoco-eleanor/ROS2/build/camera_event_data_interface': CMAKE_PREFIX_PATH=/opt/ros/galactic /usr/bin/cmake --install /home/palinauskas/Documents/fortiss_repo/mujoco-eleanor/ROS2/build/camera_event_data_interface
[5.851s] Level 1:colcon.colcon_core.environment:create_environment_scripts_only(camera_event_data_interface)
[5.852s] DEBUG:colcon.colcon_core.event_handler.log_command:Invoked command in '/home/palinauskas/Documents/fortiss_repo/mujoco-eleanor/ROS2/build/camera_event_data_interface' returned '0': CMAKE_PREFIX_PATH=/opt/ros/galactic /usr/bin/cmake --install /home/palinauskas/Documents/fortiss_repo/mujoco-eleanor/ROS2/build/camera_event_data_interface
[5.858s] Level 1:colcon.colcon_core.environment:checking '/home/palinauskas/Documents/fortiss_repo/mujoco-eleanor/ROS2/install/camera_event_data_interface' for CMake module files
[5.859s] Level 1:colcon.colcon_core.environment:checking '/home/palinauskas/Documents/fortiss_repo/mujoco-eleanor/ROS2/install/camera_event_data_interface' for CMake config files
[5.859s] Level 1:colcon.colcon_core.shell:create_environment_hook('camera_event_data_interface', 'cmake_prefix_path')
[5.860s] INFO:colcon.colcon_core.shell:Creating environment hook '/home/palinauskas/Documents/fortiss_repo/mujoco-eleanor/ROS2/install/camera_event_data_interface/share/camera_event_data_interface/hook/cmake_prefix_path.ps1'
[5.861s] INFO:colcon.colcon_core.shell:Creating environment descriptor '/home/palinauskas/Documents/fortiss_repo/mujoco-eleanor/ROS2/install/camera_event_data_interface/share/camera_event_data_interface/hook/cmake_prefix_path.dsv'
[5.861s] INFO:colcon.colcon_core.shell:Creating environment hook '/home/palinauskas/Documents/fortiss_repo/mujoco-eleanor/ROS2/install/camera_event_data_interface/share/camera_event_data_interface/hook/cmake_prefix_path.sh'
[5.862s] Level 1:colcon.colcon_core.environment:checking '/home/palinauskas/Documents/fortiss_repo/mujoco-eleanor/ROS2/install/camera_event_data_interface/lib'
[5.862s] Level 1:colcon.colcon_core.shell:create_environment_hook('camera_event_data_interface', 'ld_library_path_lib')
[5.863s] INFO:colcon.colcon_core.shell:Creating environment hook '/home/palinauskas/Documents/fortiss_repo/mujoco-eleanor/ROS2/install/camera_event_data_interface/share/camera_event_data_interface/hook/ld_library_path_lib.ps1'
[5.863s] INFO:colcon.colcon_core.shell:Creating environment descriptor '/home/palinauskas/Documents/fortiss_repo/mujoco-eleanor/ROS2/install/camera_event_data_interface/share/camera_event_data_interface/hook/ld_library_path_lib.dsv'
[5.863s] INFO:colcon.colcon_core.shell:Creating environment hook '/home/palinauskas/Documents/fortiss_repo/mujoco-eleanor/ROS2/install/camera_event_data_interface/share/camera_event_data_interface/hook/ld_library_path_lib.sh'
[5.864s] Level 1:colcon.colcon_core.environment:checking '/home/palinauskas/Documents/fortiss_repo/mujoco-eleanor/ROS2/install/camera_event_data_interface/bin'
[5.864s] Level 1:colcon.colcon_core.environment:checking '/home/palinauskas/Documents/fortiss_repo/mujoco-eleanor/ROS2/install/camera_event_data_interface/lib/pkgconfig/camera_event_data_interface.pc'
[5.864s] Level 1:colcon.colcon_core.environment:checking '/home/palinauskas/Documents/fortiss_repo/mujoco-eleanor/ROS2/install/camera_event_data_interface/lib/python3.8/site-packages'
[5.864s] Level 1:colcon.colcon_core.shell:create_environment_hook('camera_event_data_interface', 'pythonpath')
[5.865s] INFO:colcon.colcon_core.shell:Creating environment hook '/home/palinauskas/Documents/fortiss_repo/mujoco-eleanor/ROS2/install/camera_event_data_interface/share/camera_event_data_interface/hook/pythonpath.ps1'
[5.865s] INFO:colcon.colcon_core.shell:Creating environment descriptor '/home/palinauskas/Documents/fortiss_repo/mujoco-eleanor/ROS2/install/camera_event_data_interface/share/camera_event_data_interface/hook/pythonpath.dsv'
[5.865s] INFO:colcon.colcon_core.shell:Creating environment hook '/home/palinauskas/Documents/fortiss_repo/mujoco-eleanor/ROS2/install/camera_event_data_interface/share/camera_event_data_interface/hook/pythonpath.sh'
[5.865s] Level 1:colcon.colcon_core.environment:checking '/home/palinauskas/Documents/fortiss_repo/mujoco-eleanor/ROS2/install/camera_event_data_interface/bin'
[5.866s] INFO:colcon.colcon_core.shell:Creating package script '/home/palinauskas/Documents/fortiss_repo/mujoco-eleanor/ROS2/install/camera_event_data_interface/share/camera_event_data_interface/package.ps1'
[5.867s] INFO:colcon.colcon_core.shell:Creating package descriptor '/home/palinauskas/Documents/fortiss_repo/mujoco-eleanor/ROS2/install/camera_event_data_interface/share/camera_event_data_interface/package.dsv'
[5.868s] INFO:colcon.colcon_core.shell:Creating package script '/home/palinauskas/Documents/fortiss_repo/mujoco-eleanor/ROS2/install/camera_event_data_interface/share/camera_event_data_interface/package.sh'
[5.868s] INFO:colcon.colcon_core.shell:Creating package script '/home/palinauskas/Documents/fortiss_repo/mujoco-eleanor/ROS2/install/camera_event_data_interface/share/camera_event_data_interface/package.bash'
[5.869s] INFO:colcon.colcon_core.shell:Creating package script '/home/palinauskas/Documents/fortiss_repo/mujoco-eleanor/ROS2/install/camera_event_data_interface/share/camera_event_data_interface/package.zsh'
[5.870s] Level 1:colcon.colcon_core.environment:create_file_with_runtime_dependencies(/home/palinauskas/Documents/fortiss_repo/mujoco-eleanor/ROS2/install/camera_event_data_interface/share/colcon-core/packages/camera_event_data_interface)
[5.925s] Level 1:colcon.colcon_core.environment:create_environment_scripts_only(camera_event_data_interface)
[5.927s] Level 1:colcon.colcon_core.environment:checking '/home/palinauskas/Documents/fortiss_repo/mujoco-eleanor/ROS2/install/camera_event_data_interface' for CMake module files
[5.927s] Level 1:colcon.colcon_core.environment:checking '/home/palinauskas/Documents/fortiss_repo/mujoco-eleanor/ROS2/install/camera_event_data_interface' for CMake config files
[5.927s] Level 1:colcon.colcon_core.shell:create_environment_hook('camera_event_data_interface', 'cmake_prefix_path')
[5.928s] INFO:colcon.colcon_core.shell:Creating environment hook '/home/palinauskas/Documents/fortiss_repo/mujoco-eleanor/ROS2/install/camera_event_data_interface/share/camera_event_data_interface/hook/cmake_prefix_path.ps1'
[5.929s] INFO:colcon.colcon_core.shell:Creating environment descriptor '/home/palinauskas/Documents/fortiss_repo/mujoco-eleanor/ROS2/install/camera_event_data_interface/share/camera_event_data_interface/hook/cmake_prefix_path.dsv'
[5.929s] INFO:colcon.colcon_core.shell:Creating environment hook '/home/palinauskas/Documents/fortiss_repo/mujoco-eleanor/ROS2/install/camera_event_data_interface/share/camera_event_data_interface/hook/cmake_prefix_path.sh'
[5.929s] Level 1:colcon.colcon_core.environment:checking '/home/palinauskas/Documents/fortiss_repo/mujoco-eleanor/ROS2/install/camera_event_data_interface/lib'
[5.930s] Level 1:colcon.colcon_core.shell:create_environment_hook('camera_event_data_interface', 'ld_library_path_lib')
[5.930s] INFO:colcon.colcon_core.shell:Creating environment hook '/home/palinauskas/Documents/fortiss_repo/mujoco-eleanor/ROS2/install/camera_event_data_interface/share/camera_event_data_interface/hook/ld_library_path_lib.ps1'
[5.931s] INFO:colcon.colcon_core.shell:Creating environment descriptor '/home/palinauskas/Documents/fortiss_repo/mujoco-eleanor/ROS2/install/camera_event_data_interface/share/camera_event_data_interface/hook/ld_library_path_lib.dsv'
[5.931s] INFO:colcon.colcon_core.shell:Creating environment hook '/home/palinauskas/Documents/fortiss_repo/mujoco-eleanor/ROS2/install/camera_event_data_interface/share/camera_event_data_interface/hook/ld_library_path_lib.sh'
[5.931s] Level 1:colcon.colcon_core.environment:checking '/home/palinauskas/Documents/fortiss_repo/mujoco-eleanor/ROS2/install/camera_event_data_interface/bin'
[5.931s] Level 1:colcon.colcon_core.environment:checking '/home/palinauskas/Documents/fortiss_repo/mujoco-eleanor/ROS2/install/camera_event_data_interface/lib/pkgconfig/camera_event_data_interface.pc'
[5.931s] Level 1:colcon.colcon_core.environment:checking '/home/palinauskas/Documents/fortiss_repo/mujoco-eleanor/ROS2/install/camera_event_data_interface/lib/python3.8/site-packages'
[5.931s] Level 1:colcon.colcon_core.shell:create_environment_hook('camera_event_data_interface', 'pythonpath')
[5.932s] INFO:colcon.colcon_core.shell:Creating environment hook '/home/palinauskas/Documents/fortiss_repo/mujoco-eleanor/ROS2/install/camera_event_data_interface/share/camera_event_data_interface/hook/pythonpath.ps1'
[5.932s] INFO:colcon.colcon_core.shell:Creating environment descriptor '/home/palinauskas/Documents/fortiss_repo/mujoco-eleanor/ROS2/install/camera_event_data_interface/share/camera_event_data_interface/hook/pythonpath.dsv'
[5.933s] INFO:colcon.colcon_core.shell:Creating environment hook '/home/palinauskas/Documents/fortiss_repo/mujoco-eleanor/ROS2/install/camera_event_data_interface/share/camera_event_data_interface/hook/pythonpath.sh'
[5.933s] Level 1:colcon.colcon_core.environment:checking '/home/palinauskas/Documents/fortiss_repo/mujoco-eleanor/ROS2/install/camera_event_data_interface/bin'
[5.934s] INFO:colcon.colcon_core.shell:Creating package script '/home/palinauskas/Documents/fortiss_repo/mujoco-eleanor/ROS2/install/camera_event_data_interface/share/camera_event_data_interface/package.ps1'
[5.934s] INFO:colcon.colcon_core.shell:Creating package descriptor '/home/palinauskas/Documents/fortiss_repo/mujoco-eleanor/ROS2/install/camera_event_data_interface/share/camera_event_data_interface/package.dsv'
[5.935s] INFO:colcon.colcon_core.shell:Creating package script '/home/palinauskas/Documents/fortiss_repo/mujoco-eleanor/ROS2/install/camera_event_data_interface/share/camera_event_data_interface/package.sh'
[5.935s] INFO:colcon.colcon_core.shell:Creating package script '/home/palinauskas/Documents/fortiss_repo/mujoco-eleanor/ROS2/install/camera_event_data_interface/share/camera_event_data_interface/package.bash'
[5.935s] INFO:colcon.colcon_core.shell:Creating package script '/home/palinauskas/Documents/fortiss_repo/mujoco-eleanor/ROS2/install/camera_event_data_interface/share/camera_event_data_interface/package.zsh'
[5.935s] Level 1:colcon.colcon_core.environment:create_file_with_runtime_dependencies(/home/palinauskas/Documents/fortiss_repo/mujoco-eleanor/ROS2/install/camera_event_data_interface/share/colcon-core/packages/camera_event_data_interface)
[8.838s] DEBUG:colcon.colcon_core.event_handler.log_command:Invoked command in '/home/palinauskas/Documents/fortiss_repo/mujoco-eleanor/ROS2/build/controller_interface' returned '0': CMAKE_PREFIX_PATH=/opt/ros/galactic /usr/bin/cmake --build /home/palinauskas/Documents/fortiss_repo/mujoco-eleanor/ROS2/build/controller_interface -- -j8 -l8
[8.938s] DEBUG:colcon.colcon_core.event_handler.log_command:Invoking command in '/home/palinauskas/Documents/fortiss_repo/mujoco-eleanor/ROS2/build/controller_interface': CMAKE_PREFIX_PATH=/opt/ros/galactic /usr/bin/cmake --install /home/palinauskas/Documents/fortiss_repo/mujoco-eleanor/ROS2/build/controller_interface
[8.999s] Level 1:colcon.colcon_core.environment:create_environment_scripts_only(controller_interface)
[9.001s] Level 1:colcon.colcon_core.environment:checking '/home/palinauskas/Documents/fortiss_repo/mujoco-eleanor/ROS2/install/controller_interface' for CMake module files
[9.001s] DEBUG:colcon.colcon_core.event_handler.log_command:Invoked command in '/home/palinauskas/Documents/fortiss_repo/mujoco-eleanor/ROS2/build/controller_interface' returned '0': CMAKE_PREFIX_PATH=/opt/ros/galactic /usr/bin/cmake --install /home/palinauskas/Documents/fortiss_repo/mujoco-eleanor/ROS2/build/controller_interface
[9.001s] Level 1:colcon.colcon_core.environment:checking '/home/palinauskas/Documents/fortiss_repo/mujoco-eleanor/ROS2/install/controller_interface' for CMake config files
[9.002s] Level 1:colcon.colcon_core.shell:create_environment_hook('controller_interface', 'cmake_prefix_path')
[9.002s] INFO:colcon.colcon_core.shell:Creating environment hook '/home/palinauskas/Documents/fortiss_repo/mujoco-eleanor/ROS2/install/controller_interface/share/controller_interface/hook/cmake_prefix_path.ps1'
[9.003s] INFO:colcon.colcon_core.shell:Creating environment descriptor '/home/palinauskas/Documents/fortiss_repo/mujoco-eleanor/ROS2/install/controller_interface/share/controller_interface/hook/cmake_prefix_path.dsv'
[9.003s] INFO:colcon.colcon_core.shell:Creating environment hook '/home/palinauskas/Documents/fortiss_repo/mujoco-eleanor/ROS2/install/controller_interface/share/controller_interface/hook/cmake_prefix_path.sh'
[9.003s] Level 1:colcon.colcon_core.environment:checking '/home/palinauskas/Documents/fortiss_repo/mujoco-eleanor/ROS2/install/controller_interface/lib'
[9.003s] Level 1:colcon.colcon_core.shell:create_environment_hook('controller_interface', 'ld_library_path_lib')
[9.004s] INFO:colcon.colcon_core.shell:Creating environment hook '/home/palinauskas/Documents/fortiss_repo/mujoco-eleanor/ROS2/install/controller_interface/share/controller_interface/hook/ld_library_path_lib.ps1'
[9.005s] INFO:colcon.colcon_core.shell:Creating environment descriptor '/home/palinauskas/Documents/fortiss_repo/mujoco-eleanor/ROS2/install/controller_interface/share/controller_interface/hook/ld_library_path_lib.dsv'
[9.005s] INFO:colcon.colcon_core.shell:Creating environment hook '/home/palinauskas/Documents/fortiss_repo/mujoco-eleanor/ROS2/install/controller_interface/share/controller_interface/hook/ld_library_path_lib.sh'
[9.005s] Level 1:colcon.colcon_core.environment:checking '/home/palinauskas/Documents/fortiss_repo/mujoco-eleanor/ROS2/install/controller_interface/bin'
[9.005s] Level 1:colcon.colcon_core.environment:checking '/home/palinauskas/Documents/fortiss_repo/mujoco-eleanor/ROS2/install/controller_interface/lib/pkgconfig/controller_interface.pc'
[9.005s] Level 1:colcon.colcon_core.environment:checking '/home/palinauskas/Documents/fortiss_repo/mujoco-eleanor/ROS2/install/controller_interface/lib/python3.8/site-packages'
[9.005s] Level 1:colcon.colcon_core.shell:create_environment_hook('controller_interface', 'pythonpath')
[9.006s] INFO:colcon.colcon_core.shell:Creating environment hook '/home/palinauskas/Documents/fortiss_repo/mujoco-eleanor/ROS2/install/controller_interface/share/controller_interface/hook/pythonpath.ps1'
[9.007s] INFO:colcon.colcon_core.shell:Creating environment descriptor '/home/palinauskas/Documents/fortiss_repo/mujoco-eleanor/ROS2/install/controller_interface/share/controller_interface/hook/pythonpath.dsv'
[9.007s] INFO:colcon.colcon_core.shell:Creating environment hook '/home/palinauskas/Documents/fortiss_repo/mujoco-eleanor/ROS2/install/controller_interface/share/controller_interface/hook/pythonpath.sh'
[9.007s] Level 1:colcon.colcon_core.environment:checking '/home/palinauskas/Documents/fortiss_repo/mujoco-eleanor/ROS2/install/controller_interface/bin'
[9.008s] INFO:colcon.colcon_core.shell:Creating package script '/home/palinauskas/Documents/fortiss_repo/mujoco-eleanor/ROS2/install/controller_interface/share/controller_interface/package.ps1'
[9.008s] INFO:colcon.colcon_core.shell:Creating package descriptor '/home/palinauskas/Documents/fortiss_repo/mujoco-eleanor/ROS2/install/controller_interface/share/controller_interface/package.dsv'
[9.009s] INFO:colcon.colcon_core.shell:Creating package script '/home/palinauskas/Documents/fortiss_repo/mujoco-eleanor/ROS2/install/controller_interface/share/controller_interface/package.sh'
[9.009s] INFO:colcon.colcon_core.shell:Creating package script '/home/palinauskas/Documents/fortiss_repo/mujoco-eleanor/ROS2/install/controller_interface/share/controller_interface/package.bash'
[9.009s] INFO:colcon.colcon_core.shell:Creating package script '/home/palinauskas/Documents/fortiss_repo/mujoco-eleanor/ROS2/install/controller_interface/share/controller_interface/package.zsh'
[9.009s] Level 1:colcon.colcon_core.environment:create_file_with_runtime_dependencies(/home/palinauskas/Documents/fortiss_repo/mujoco-eleanor/ROS2/install/controller_interface/share/colcon-core/packages/controller_interface)
[9.110s] Level 1:colcon.colcon_core.environment:create_environment_scripts_only(controller_interface)
[9.111s] Level 1:colcon.colcon_core.environment:checking '/home/palinauskas/Documents/fortiss_repo/mujoco-eleanor/ROS2/install/controller_interface' for CMake module files
[9.112s] Level 1:colcon.colcon_core.environment:checking '/home/palinauskas/Documents/fortiss_repo/mujoco-eleanor/ROS2/install/controller_interface' for CMake config files
[9.112s] Level 1:colcon.colcon_core.shell:create_environment_hook('controller_interface', 'cmake_prefix_path')
[9.113s] INFO:colcon.colcon_core.shell:Creating environment hook '/home/palinauskas/Documents/fortiss_repo/mujoco-eleanor/ROS2/install/controller_interface/share/controller_interface/hook/cmake_prefix_path.ps1'
[9.113s] INFO:colcon.colcon_core.shell:Creating environment descriptor '/home/palinauskas/Documents/fortiss_repo/mujoco-eleanor/ROS2/install/controller_interface/share/controller_interface/hook/cmake_prefix_path.dsv'
[9.113s] INFO:colcon.colcon_core.shell:Creating environment hook '/home/palinauskas/Documents/fortiss_repo/mujoco-eleanor/ROS2/install/controller_interface/share/controller_interface/hook/cmake_prefix_path.sh'
[9.114s] Level 1:colcon.colcon_core.environment:checking '/home/palinauskas/Documents/fortiss_repo/mujoco-eleanor/ROS2/install/controller_interface/lib'
[9.114s] Level 1:colcon.colcon_core.shell:create_environment_hook('controller_interface', 'ld_library_path_lib')
[9.115s] INFO:colcon.colcon_core.shell:Creating environment hook '/home/palinauskas/Documents/fortiss_repo/mujoco-eleanor/ROS2/install/controller_interface/share/controller_interface/hook/ld_library_path_lib.ps1'
[9.115s] INFO:colcon.colcon_core.shell:Creating environment descriptor '/home/palinauskas/Documents/fortiss_repo/mujoco-eleanor/ROS2/install/controller_interface/share/controller_interface/hook/ld_library_path_lib.dsv'
[9.115s] INFO:colcon.colcon_core.shell:Creating environment hook '/home/palinauskas/Documents/fortiss_repo/mujoco-eleanor/ROS2/install/controller_interface/share/controller_interface/hook/ld_library_path_lib.sh'
[9.115s] Level 1:colcon.colcon_core.environment:checking '/home/palinauskas/Documents/fortiss_repo/mujoco-eleanor/ROS2/install/controller_interface/bin'
[9.115s] Level 1:colcon.colcon_core.environment:checking '/home/palinauskas/Documents/fortiss_repo/mujoco-eleanor/ROS2/install/controller_interface/lib/pkgconfig/controller_interface.pc'
[9.116s] Level 1:colcon.colcon_core.environment:checking '/home/palinauskas/Documents/fortiss_repo/mujoco-eleanor/ROS2/install/controller_interface/lib/python3.8/site-packages'
[9.116s] Level 1:colcon.colcon_core.shell:create_environment_hook('controller_interface', 'pythonpath')
[9.116s] INFO:colcon.colcon_core.shell:Creating environment hook '/home/palinauskas/Documents/fortiss_repo/mujoco-eleanor/ROS2/install/controller_interface/share/controller_interface/hook/pythonpath.ps1'
[9.117s] INFO:colcon.colcon_core.shell:Creating environment descriptor '/home/palinauskas/Documents/fortiss_repo/mujoco-eleanor/ROS2/install/controller_interface/share/controller_interface/hook/pythonpath.dsv'
[9.117s] INFO:colcon.colcon_core.shell:Creating environment hook '/home/palinauskas/Documents/fortiss_repo/mujoco-eleanor/ROS2/install/controller_interface/share/controller_interface/hook/pythonpath.sh'
[9.117s] Level 1:colcon.colcon_core.environment:checking '/home/palinauskas/Documents/fortiss_repo/mujoco-eleanor/ROS2/install/controller_interface/bin'
[9.118s] INFO:colcon.colcon_core.shell:Creating package script '/home/palinauskas/Documents/fortiss_repo/mujoco-eleanor/ROS2/install/controller_interface/share/controller_interface/package.ps1'
[9.118s] INFO:colcon.colcon_core.shell:Creating package descriptor '/home/palinauskas/Documents/fortiss_repo/mujoco-eleanor/ROS2/install/controller_interface/share/controller_interface/package.dsv'
[9.119s] INFO:colcon.colcon_core.shell:Creating package script '/home/palinauskas/Documents/fortiss_repo/mujoco-eleanor/ROS2/install/controller_interface/share/controller_interface/package.sh'
[9.119s] INFO:colcon.colcon_core.shell:Creating package script '/home/palinauskas/Documents/fortiss_repo/mujoco-eleanor/ROS2/install/controller_interface/share/controller_interface/package.bash'
[9.119s] INFO:colcon.colcon_core.shell:Creating package script '/home/palinauskas/Documents/fortiss_repo/mujoco-eleanor/ROS2/install/controller_interface/share/controller_interface/package.zsh'
[9.120s] Level 1:colcon.colcon_core.environment:create_file_with_runtime_dependencies(/home/palinauskas/Documents/fortiss_repo/mujoco-eleanor/ROS2/install/controller_interface/share/colcon-core/packages/controller_interface)
[9.120s] INFO:colcon.colcon_ros.task.ament_python.build:Building ROS package in '/home/palinauskas/Documents/fortiss_repo/mujoco-eleanor/ROS2/src/mujoco_egen' with build type 'ament_python'
[9.120s] Level 1:colcon.colcon_core.shell:create_environment_hook('mujoco_egen', 'ament_prefix_path')
[9.121s] INFO:colcon.colcon_core.shell:Creating environment hook '/home/palinauskas/Documents/fortiss_repo/mujoco-eleanor/ROS2/install/mujoco_egen/share/mujoco_egen/hook/ament_prefix_path.ps1'
[9.121s] INFO:colcon.colcon_core.shell:Creating environment descriptor '/home/palinauskas/Documents/fortiss_repo/mujoco-eleanor/ROS2/install/mujoco_egen/share/mujoco_egen/hook/ament_prefix_path.dsv'
[9.122s] INFO:colcon.colcon_core.shell:Creating environment hook '/home/palinauskas/Documents/fortiss_repo/mujoco-eleanor/ROS2/install/mujoco_egen/share/mujoco_egen/hook/ament_prefix_path.sh'
[9.123s] INFO:colcon.colcon_core.shell:Skip shell extension 'powershell' for command environment: Not usable outside of PowerShell
[9.123s] DEBUG:colcon.colcon_core.shell:Skip shell extension 'dsv' for command environment
[9.127s] INFO:colcon.colcon_ros.task.ament_python.build:Building ROS package in '/home/palinauskas/Documents/fortiss_repo/mujoco-eleanor/ROS2/src/mujoco_sim' with build type 'ament_python'
[9.127s] Level 1:colcon.colcon_core.shell:create_environment_hook('mujoco_sim', 'ament_prefix_path')
[9.129s] INFO:colcon.colcon_core.shell:Creating environment hook '/home/palinauskas/Documents/fortiss_repo/mujoco-eleanor/ROS2/install/mujoco_sim/share/mujoco_sim/hook/ament_prefix_path.ps1'
[9.129s] INFO:colcon.colcon_core.shell:Creating environment descriptor '/home/palinauskas/Documents/fortiss_repo/mujoco-eleanor/ROS2/install/mujoco_sim/share/mujoco_sim/hook/ament_prefix_path.dsv'
[9.130s] INFO:colcon.colcon_core.shell:Creating environment hook '/home/palinauskas/Documents/fortiss_repo/mujoco-eleanor/ROS2/install/mujoco_sim/share/mujoco_sim/hook/ament_prefix_path.sh'
[9.131s] INFO:colcon.colcon_core.shell:Skip shell extension 'powershell' for command environment: Not usable outside of PowerShell
[9.131s] DEBUG:colcon.colcon_core.shell:Skip shell extension 'dsv' for command environment
[9.355s] INFO:colcon.colcon_core.task.python.build:Building Python package in '/home/palinauskas/Documents/fortiss_repo/mujoco-eleanor/ROS2/src/mujoco_egen'
[9.356s] INFO:colcon.colcon_core.shell:Skip shell extension 'powershell' for command environment: Not usable outside of PowerShell
[9.356s] DEBUG:colcon.colcon_core.shell:Skip shell extension 'dsv' for command environment
[9.552s] INFO:colcon.colcon_core.task.python.build:Building Python package in '/home/palinauskas/Documents/fortiss_repo/mujoco-eleanor/ROS2/src/mujoco_sim'
[9.553s] INFO:colcon.colcon_core.shell:Skip shell extension 'powershell' for command environment: Not usable outside of PowerShell
[9.553s] DEBUG:colcon.colcon_core.shell:Skip shell extension 'dsv' for command environment
[9.932s] DEBUG:colcon.colcon_core.event_handler.log_command:Invoking command in '/home/palinauskas/Documents/fortiss_repo/mujoco-eleanor/ROS2/src/mujoco_egen': AMENT_PREFIX_PATH=/home/palinauskas/Documents/fortiss_repo/mujoco-eleanor/ROS2/install/controller_interface:/home/palinauskas/Documents/fortiss_repo/mujoco-eleanor/ROS2/install/camera_event_data_interface:${AMENT_PREFIX_PATH} CMAKE_PREFIX_PATH=/home/palinauskas/Documents/fortiss_repo/mujoco-eleanor/ROS2/install/controller_interface:/home/palinauskas/Documents/fortiss_repo/mujoco-eleanor/ROS2/install/camera_event_data_interface LD_LIBRARY_PATH=/home/palinauskas/Documents/fortiss_repo/mujoco-eleanor/ROS2/install/controller_interface/lib:/home/palinauskas/Documents/fortiss_repo/mujoco-eleanor/ROS2/install/camera_event_data_interface/lib:/opt/ros/galactic/opt/yaml_cpp_vendor/lib:/opt/ros/galactic/opt/rviz_ogre_vendor/lib:/opt/ros/galactic/lib/x86_64-linux-gnu:/opt/ros/galactic/lib:/usr/local/cuda-11.3/lib64 PYTHONPATH=/home/palinauskas/Documents/fortiss_repo/mujoco-eleanor/ROS2/build/mujoco_egen/prefix_override:/home/palinauskas/Documents/fortiss_repo/mujoco-eleanor/ROS2/install/mujoco_egen/lib/python3.8/site-packages:/home/palinauskas/Documents/fortiss_repo/mujoco-eleanor/ROS2/install/controller_interface/lib/python3.8/site-packages:/home/palinauskas/Documents/fortiss_repo/mujoco-eleanor/ROS2/install/camera_event_data_interface/lib/python3.8/site-packages:${PYTHONPATH} /usr/bin/python3 setup.py egg_info --egg-base ../../build/mujoco_egen build --build-base /home/palinauskas/Documents/fortiss_repo/mujoco-eleanor/ROS2/build/mujoco_egen/build install --record /home/palinauskas/Documents/fortiss_repo/mujoco-eleanor/ROS2/build/mujoco_egen/install.log --single-version-externally-managed
[9.935s] DEBUG:colcon.colcon_core.event_handler.log_command:Invoking command in '/home/palinauskas/Documents/fortiss_repo/mujoco-eleanor/ROS2/src/mujoco_sim': AMENT_PREFIX_PATH=/home/palinauskas/Documents/fortiss_repo/mujoco-eleanor/ROS2/install/controller_interface:/home/palinauskas/Documents/fortiss_repo/mujoco-eleanor/ROS2/install/camera_event_data_interface:${AMENT_PREFIX_PATH} CMAKE_PREFIX_PATH=/home/palinauskas/Documents/fortiss_repo/mujoco-eleanor/ROS2/install/controller_interface:/home/palinauskas/Documents/fortiss_repo/mujoco-eleanor/ROS2/install/camera_event_data_interface LD_LIBRARY_PATH=/home/palinauskas/Documents/fortiss_repo/mujoco-eleanor/ROS2/install/controller_interface/lib:/home/palinauskas/Documents/fortiss_repo/mujoco-eleanor/ROS2/install/camera_event_data_interface/lib:/opt/ros/galactic/opt/yaml_cpp_vendor/lib:/opt/ros/galactic/opt/rviz_ogre_vendor/lib:/opt/ros/galactic/lib/x86_64-linux-gnu:/opt/ros/galactic/lib:/usr/local/cuda-11.3/lib64 PYTHONPATH=/home/palinauskas/Documents/fortiss_repo/mujoco-eleanor/ROS2/build/mujoco_sim/prefix_override:/home/palinauskas/Documents/fortiss_repo/mujoco-eleanor/ROS2/install/mujoco_sim/lib/python3.8/site-packages:/home/palinauskas/Documents/fortiss_repo/mujoco-eleanor/ROS2/install/controller_interface/lib/python3.8/site-packages:/home/palinauskas/Documents/fortiss_repo/mujoco-eleanor/ROS2/install/camera_event_data_interface/lib/python3.8/site-packages:${PYTHONPATH} /usr/bin/python3 setup.py egg_info --egg-base ../../build/mujoco_sim build --build-base /home/palinauskas/Documents/fortiss_repo/mujoco-eleanor/ROS2/build/mujoco_sim/build install --record /home/palinauskas/Documents/fortiss_repo/mujoco-eleanor/ROS2/build/mujoco_sim/install.log --single-version-externally-managed
[10.239s] Level 1:colcon.colcon_core.environment:checking '/home/palinauskas/Documents/fortiss_repo/mujoco-eleanor/ROS2/install/mujoco_egen' for CMake module files
[10.240s] DEBUG:colcon.colcon_core.event_handler.log_command:Invoked command in '/home/palinauskas/Documents/fortiss_repo/mujoco-eleanor/ROS2/src/mujoco_egen' returned '0': AMENT_PREFIX_PATH=/home/palinauskas/Documents/fortiss_repo/mujoco-eleanor/ROS2/install/controller_interface:/home/palinauskas/Documents/fortiss_repo/mujoco-eleanor/ROS2/install/camera_event_data_interface:${AMENT_PREFIX_PATH} CMAKE_PREFIX_PATH=/home/palinauskas/Documents/fortiss_repo/mujoco-eleanor/ROS2/install/controller_interface:/home/palinauskas/Documents/fortiss_repo/mujoco-eleanor/ROS2/install/camera_event_data_interface LD_LIBRARY_PATH=/home/palinauskas/Documents/fortiss_repo/mujoco-eleanor/ROS2/install/controller_interface/lib:/home/palinauskas/Documents/fortiss_repo/mujoco-eleanor/ROS2/install/camera_event_data_interface/lib:/opt/ros/galactic/opt/yaml_cpp_vendor/lib:/opt/ros/galactic/opt/rviz_ogre_vendor/lib:/opt/ros/galactic/lib/x86_64-linux-gnu:/opt/ros/galactic/lib:/usr/local/cuda-11.3/lib64 PYTHONPATH=/home/palinauskas/Documents/fortiss_repo/mujoco-eleanor/ROS2/build/mujoco_egen/prefix_override:/home/palinauskas/Documents/fortiss_repo/mujoco-eleanor/ROS2/install/mujoco_egen/lib/python3.8/site-packages:/home/palinauskas/Documents/fortiss_repo/mujoco-eleanor/ROS2/install/controller_interface/lib/python3.8/site-packages:/home/palinauskas/Documents/fortiss_repo/mujoco-eleanor/ROS2/install/camera_event_data_interface/lib/python3.8/site-packages:${PYTHONPATH} /usr/bin/python3 setup.py egg_info --egg-base ../../build/mujoco_egen build --build-base /home/palinauskas/Documents/fortiss_repo/mujoco-eleanor/ROS2/build/mujoco_egen/build install --record /home/palinauskas/Documents/fortiss_repo/mujoco-eleanor/ROS2/build/mujoco_egen/install.log --single-version-externally-managed
[10.240s] Level 1:colcon.colcon_core.environment:checking '/home/palinauskas/Documents/fortiss_repo/mujoco-eleanor/ROS2/install/mujoco_egen' for CMake config files
[10.241s] Level 1:colcon.colcon_core.environment:checking '/home/palinauskas/Documents/fortiss_repo/mujoco-eleanor/ROS2/install/mujoco_egen/lib'
[10.241s] Level 1:colcon.colcon_core.environment:checking '/home/palinauskas/Documents/fortiss_repo/mujoco-eleanor/ROS2/install/mujoco_egen/bin'
[10.241s] Level 1:colcon.colcon_core.environment:checking '/home/palinauskas/Documents/fortiss_repo/mujoco-eleanor/ROS2/install/mujoco_egen/lib/pkgconfig/mujoco_egen.pc'
[10.241s] Level 1:colcon.colcon_core.environment:checking '/home/palinauskas/Documents/fortiss_repo/mujoco-eleanor/ROS2/install/mujoco_egen/lib/python3.8/site-packages'
[10.241s] Level 1:colcon.colcon_core.shell:create_environment_hook('mujoco_egen', 'pythonpath')
[10.242s] INFO:colcon.colcon_core.shell:Creating environment hook '/home/palinauskas/Documents/fortiss_repo/mujoco-eleanor/ROS2/install/mujoco_egen/share/mujoco_egen/hook/pythonpath.ps1'
[10.243s] INFO:colcon.colcon_core.shell:Creating environment descriptor '/home/palinauskas/Documents/fortiss_repo/mujoco-eleanor/ROS2/install/mujoco_egen/share/mujoco_egen/hook/pythonpath.dsv'
[10.243s] INFO:colcon.colcon_core.shell:Creating environment hook '/home/palinauskas/Documents/fortiss_repo/mujoco-eleanor/ROS2/install/mujoco_egen/share/mujoco_egen/hook/pythonpath.sh'
[10.243s] Level 1:colcon.colcon_core.environment:checking '/home/palinauskas/Documents/fortiss_repo/mujoco-eleanor/ROS2/install/mujoco_egen/bin'
[10.243s] Level 1:colcon.colcon_core.environment:create_environment_scripts_only(mujoco_egen)
[10.244s] INFO:colcon.colcon_core.shell:Creating package script '/home/palinauskas/Documents/fortiss_repo/mujoco-eleanor/ROS2/install/mujoco_egen/share/mujoco_egen/package.ps1'
[10.245s] INFO:colcon.colcon_core.shell:Creating package descriptor '/home/palinauskas/Documents/fortiss_repo/mujoco-eleanor/ROS2/install/mujoco_egen/share/mujoco_egen/package.dsv'
[10.245s] INFO:colcon.colcon_core.shell:Creating package script '/home/palinauskas/Documents/fortiss_repo/mujoco-eleanor/ROS2/install/mujoco_egen/share/mujoco_egen/package.sh'
[10.245s] INFO:colcon.colcon_core.shell:Creating package script '/home/palinauskas/Documents/fortiss_repo/mujoco-eleanor/ROS2/install/mujoco_egen/share/mujoco_egen/package.bash'
[10.245s] INFO:colcon.colcon_core.shell:Creating package script '/home/palinauskas/Documents/fortiss_repo/mujoco-eleanor/ROS2/install/mujoco_egen/share/mujoco_egen/package.zsh'
[10.245s] Level 1:colcon.colcon_core.environment:create_file_with_runtime_dependencies(/home/palinauskas/Documents/fortiss_repo/mujoco-eleanor/ROS2/install/mujoco_egen/share/colcon-core/packages/mujoco_egen)
[10.247s] Level 1:colcon.colcon_core.environment:checking '/home/palinauskas/Documents/fortiss_repo/mujoco-eleanor/ROS2/install/mujoco_sim' for CMake module files
[10.248s] DEBUG:colcon.colcon_core.event_handler.log_command:Invoked command in '/home/palinauskas/Documents/fortiss_repo/mujoco-eleanor/ROS2/src/mujoco_sim' returned '0': AMENT_PREFIX_PATH=/home/palinauskas/Documents/fortiss_repo/mujoco-eleanor/ROS2/install/controller_interface:/home/palinauskas/Documents/fortiss_repo/mujoco-eleanor/ROS2/install/camera_event_data_interface:${AMENT_PREFIX_PATH} CMAKE_PREFIX_PATH=/home/palinauskas/Documents/fortiss_repo/mujoco-eleanor/ROS2/install/controller_interface:/home/palinauskas/Documents/fortiss_repo/mujoco-eleanor/ROS2/install/camera_event_data_interface LD_LIBRARY_PATH=/home/palinauskas/Documents/fortiss_repo/mujoco-eleanor/ROS2/install/controller_interface/lib:/home/palinauskas/Documents/fortiss_repo/mujoco-eleanor/ROS2/install/camera_event_data_interface/lib:/opt/ros/galactic/opt/yaml_cpp_vendor/lib:/opt/ros/galactic/opt/rviz_ogre_vendor/lib:/opt/ros/galactic/lib/x86_64-linux-gnu:/opt/ros/galactic/lib:/usr/local/cuda-11.3/lib64 PYTHONPATH=/home/palinauskas/Documents/fortiss_repo/mujoco-eleanor/ROS2/build/mujoco_sim/prefix_override:/home/palinauskas/Documents/fortiss_repo/mujoco-eleanor/ROS2/install/mujoco_sim/lib/python3.8/site-packages:/home/palinauskas/Documents/fortiss_repo/mujoco-eleanor/ROS2/install/controller_interface/lib/python3.8/site-packages:/home/palinauskas/Documents/fortiss_repo/mujoco-eleanor/ROS2/install/camera_event_data_interface/lib/python3.8/site-packages:${PYTHONPATH} /usr/bin/python3 setup.py egg_info --egg-base ../../build/mujoco_sim build --build-base /home/palinauskas/Documents/fortiss_repo/mujoco-eleanor/ROS2/build/mujoco_sim/build install --record /home/palinauskas/Documents/fortiss_repo/mujoco-eleanor/ROS2/build/mujoco_sim/install.log --single-version-externally-managed
[10.248s] Level 1:colcon.colcon_core.environment:checking '/home/palinauskas/Documents/fortiss_repo/mujoco-eleanor/ROS2/install/mujoco_sim' for CMake config files
[10.249s] Level 1:colcon.colcon_core.environment:checking '/home/palinauskas/Documents/fortiss_repo/mujoco-eleanor/ROS2/install/mujoco_sim/lib'
[10.249s] Level 1:colcon.colcon_core.environment:checking '/home/palinauskas/Documents/fortiss_repo/mujoco-eleanor/ROS2/install/mujoco_sim/bin'
[10.249s] Level 1:colcon.colcon_core.environment:checking '/home/palinauskas/Documents/fortiss_repo/mujoco-eleanor/ROS2/install/mujoco_sim/lib/pkgconfig/mujoco_sim.pc'
[10.249s] Level 1:colcon.colcon_core.environment:checking '/home/palinauskas/Documents/fortiss_repo/mujoco-eleanor/ROS2/install/mujoco_sim/lib/python3.8/site-packages'
[10.249s] Level 1:colcon.colcon_core.shell:create_environment_hook('mujoco_sim', 'pythonpath')
[10.250s] INFO:colcon.colcon_core.shell:Creating environment hook '/home/palinauskas/Documents/fortiss_repo/mujoco-eleanor/ROS2/install/mujoco_sim/share/mujoco_sim/hook/pythonpath.ps1'
[10.250s] INFO:colcon.colcon_core.shell:Creating environment descriptor '/home/palinauskas/Documents/fortiss_repo/mujoco-eleanor/ROS2/install/mujoco_sim/share/mujoco_sim/hook/pythonpath.dsv'
[10.250s] INFO:colcon.colcon_core.shell:Creating environment hook '/home/palinauskas/Documents/fortiss_repo/mujoco-eleanor/ROS2/install/mujoco_sim/share/mujoco_sim/hook/pythonpath.sh'
[10.251s] Level 1:colcon.colcon_core.environment:checking '/home/palinauskas/Documents/fortiss_repo/mujoco-eleanor/ROS2/install/mujoco_sim/bin'
[10.251s] Level 1:colcon.colcon_core.environment:create_environment_scripts_only(mujoco_sim)
[10.252s] INFO:colcon.colcon_core.shell:Creating package script '/home/palinauskas/Documents/fortiss_repo/mujoco-eleanor/ROS2/install/mujoco_sim/share/mujoco_sim/package.ps1'
[10.252s] INFO:colcon.colcon_core.shell:Creating package descriptor '/home/palinauskas/Documents/fortiss_repo/mujoco-eleanor/ROS2/install/mujoco_sim/share/mujoco_sim/package.dsv'
[10.252s] INFO:colcon.colcon_core.shell:Creating package script '/home/palinauskas/Documents/fortiss_repo/mujoco-eleanor/ROS2/install/mujoco_sim/share/mujoco_sim/package.sh'
[10.252s] INFO:colcon.colcon_core.shell:Creating package script '/home/palinauskas/Documents/fortiss_repo/mujoco-eleanor/ROS2/install/mujoco_sim/share/mujoco_sim/package.bash'
[10.253s] INFO:colcon.colcon_core.shell:Creating package script '/home/palinauskas/Documents/fortiss_repo/mujoco-eleanor/ROS2/install/mujoco_sim/share/mujoco_sim/package.zsh'
[10.253s] Level 1:colcon.colcon_core.environment:create_file_with_runtime_dependencies(/home/palinauskas/Documents/fortiss_repo/mujoco-eleanor/ROS2/install/mujoco_sim/share/colcon-core/packages/mujoco_sim)
[10.253s] DEBUG:colcon.colcon_parallel_executor.executor.parallel:closing loop
[10.253s] DEBUG:colcon.colcon_parallel_executor.executor.parallel:loop closed
[10.253s] DEBUG:colcon.colcon_parallel_executor.executor.parallel:run_until_complete finished with '0'
[10.253s] DEBUG:colcon.colcon_core.event_reactor:joining thread
[10.260s] INFO:colcon.colcon_core.plugin_system:Skipping extension 'colcon_notification.desktop_notification.terminal_notifier': Not used on non-Darwin systems
[10.260s] INFO:colcon.colcon_core.plugin_system:Skipping extension 'colcon_notification.desktop_notification.win32': Not used on non-Windows systems
[10.260s] INFO:colcon.colcon_notification.desktop_notification:Sending desktop notification using 'notify2'
[10.276s] DEBUG:colcon.colcon_core.event_reactor:joined thread
[10.277s] INFO:colcon.colcon_core.shell:Creating prefix script '/home/palinauskas/Documents/fortiss_repo/mujoco-eleanor/ROS2/install/local_setup.ps1'
[10.278s] INFO:colcon.colcon_core.shell:Creating prefix util module '/home/palinauskas/Documents/fortiss_repo/mujoco-eleanor/ROS2/install/_local_setup_util_ps1.py'
[10.279s] INFO:colcon.colcon_core.shell:Creating prefix chain script '/home/palinauskas/Documents/fortiss_repo/mujoco-eleanor/ROS2/install/setup.ps1'
[10.280s] INFO:colcon.colcon_core.shell:Creating prefix script '/home/palinauskas/Documents/fortiss_repo/mujoco-eleanor/ROS2/install/local_setup.sh'
[10.281s] INFO:colcon.colcon_core.shell:Creating prefix util module '/home/palinauskas/Documents/fortiss_repo/mujoco-eleanor/ROS2/install/_local_setup_util_sh.py'
[10.281s] INFO:colcon.colcon_core.shell:Creating prefix chain script '/home/palinauskas/Documents/fortiss_repo/mujoco-eleanor/ROS2/install/setup.sh'
[10.283s] INFO:colcon.colcon_core.shell:Creating prefix script '/home/palinauskas/Documents/fortiss_repo/mujoco-eleanor/ROS2/install/local_setup.bash'
[10.283s] INFO:colcon.colcon_core.shell:Creating prefix chain script '/home/palinauskas/Documents/fortiss_repo/mujoco-eleanor/ROS2/install/setup.bash'
[10.284s] INFO:colcon.colcon_core.shell:Creating prefix script '/home/palinauskas/Documents/fortiss_repo/mujoco-eleanor/ROS2/install/local_setup.zsh'
[10.285s] INFO:colcon.colcon_core.shell:Creating prefix chain script '/home/palinauskas/Documents/fortiss_repo/mujoco-eleanor/ROS2/install/setup.zsh'
